
> plot-lite-service@1.2.0 test
> node tools/run-all-tests.js


> plot-lite-service@1.2.0 build
> tsc -p tsconfig.json && tsc -p tsconfig.tools.json

{"level":30,"time":1763068760619,"pid":66231,"hostname":"Mac.net","msg":"Server listening at http://127.0.0.1:4313"}
{"level":30,"time":1763068760730,"pid":66231,"hostname":"Mac.net","reqId":"0a9046c9-1261-46f6-94aa-a5ee059fbd30","route":"/health","statusCode":200,"durationMs":3.14825,"msg":"request completed"}

 RUN  v3.2.4 /Users/paulslee/Documents/GitHub/plot-lite-service

 DEPRECATED  'basic' reporter is deprecated and will be removed in Vitest v3.
Remove 'basic' from 'reporters' option. To match 'basic' reporter 100%, use configuration:
{
  "test": {
    "reporters": [
      [
        "default",
        {
          "summary": false
        }
      ]
    ]
  }
}
 ✓ tests/secret-strength-guard.test.ts (3 tests) 214ms
{"level":30,"time":1763068761853,"pid":66268,"hostname":"Mac.net","msg":"Server listening at http://127.0.0.1:4801"}
 ❯ tests/score.test.ts (6 tests | 2 failed) 548ms
   ✓ POST /v1/score > scores options with linear utilities 8ms
   ✓ POST /v1/score > is deterministic with same seed 41ms
   ✓ POST /v1/score > validates weights refer to existing nodes 10ms
   ✓ POST /v1/score > requires utilities.type to be linear 8ms
   × POST /v1/score > produces stable ranking with ties resolved by node_id 42ms
     → fetch failed
   × POST /v1/score > includes top_drivers 13ms
     → fetch failed
 ❯ tests/constraints.test.ts (7 tests | 7 failed) 537ms
   × Constraints on /v1/run > accepts request without constraints 24ms
     → expected 'report.v1' to be 'run.v1' // Object.is equality
   × Constraints on /v1/run > rejects bounds violation (min) 57ms
     → fetch failed
   × Constraints on /v1/run > rejects bounds violation (max) 2ms
     → fetch failed
   × Constraints on /v1/run > rejects forbidden edge 4ms
     → fetch failed
   × Constraints on /v1/run > accepts graph with allowed edges 3ms
     → fetch failed
   × Constraints on /v1/run > rejects bounds on non-existent node 3ms
     → fetch failed
   × Constraints on /v1/run > accepts valid bounds 1ms
     → fetch failed
 ❯ tests/intervene.test.ts (6 tests | 6 failed) 532ms
   × POST /v1/intervene > performs causal intervention 41ms
     → fetch failed
   × POST /v1/intervene > is deterministic with same seed 2ms
     → fetch failed
   × POST /v1/intervene > validates do interventions refer to existing nodes 2ms
     → fetch failed
   × POST /v1/intervene > requires at least one intervention 1ms
     → fetch failed
   × POST /v1/intervene > handles multiple interventions 26ms
     → fetch failed
   × POST /v1/intervene > includes top_drivers 4ms
     → fetch failed
{"level":30,"time":1763068761972,"pid":66268,"hostname":"Mac.net","reqId":"c05f0721-b25c-4886-a4a4-fdda03af906f","route":"/test/inflight_stats","statusCode":200,"durationMs":2.871667,"msg":"request completed"}
stdout | tests/sse.soak.test.ts > SSE Soak Test (500 cycles) > 500 mixed cycles end with inflight=0, underflows=0

🔍 SSE Soak Test (100 cycles)


{"level":30,"time":1763068761979,"pid":66268,"hostname":"Mac.net","reqId":"969c8114-779a-42b3-b9d0-8a12ece3965b","msg":"SSE client disconnected"}
{"level":30,"time":1763068761979,"pid":66268,"hostname":"Mac.net","reqId":"969c8114-779a-42b3-b9d0-8a12ece3965b","route":"/stream","statusCode":200,"durationMs":0.867125,"msg":"request completed"}
{"level":30,"time":1763068761989,"pid":66268,"hostname":"Mac.net","reqId":"c15cc446-367e-4a58-b4cc-e7e807b374f3","msg":"SSE client disconnected"}
{"level":30,"time":1763068762014,"pid":66268,"hostname":"Mac.net","reqId":"532289c9-3f26-4b33-be4b-73ffc131c6ea","route":"/stream/cancel","statusCode":404,"durationMs":0.762208,"msg":"request completed"}
{"level":30,"time":1763068762038,"pid":66268,"hostname":"Mac.net","reqId":"5223bfa4-4d0d-482b-bffa-5db04a43b203","msg":"SSE client disconnected"}
{"level":30,"time":1763068762038,"pid":66268,"hostname":"Mac.net","reqId":"5223bfa4-4d0d-482b-bffa-5db04a43b203","route":"/stream","statusCode":200,"durationMs":0.624708,"msg":"request completed"}
{"level":30,"time":1763068762045,"pid":66268,"hostname":"Mac.net","reqId":"eceb0a30-680e-431c-b71d-005a084c262c","msg":"SSE client disconnected"}
 ❯ tests/health.counters.test.ts (1 test | 1 failed) 655ms
   × Health counters and last reload timestamp > exposes json_429_count, sse_429_count and last_config_reload_iso 2ms
     → requestJSON failed: fetch failed
{"level":30,"time":1763068762063,"pid":66268,"hostname":"Mac.net","reqId":"3cbc0f01-41a5-4d4f-b8d9-aef7f48f5339","route":"/stream/cancel","statusCode":404,"durationMs":0.373333,"msg":"request completed"}
{"level":30,"time":1763068762086,"pid":66268,"hostname":"Mac.net","reqId":"967d07cb-0c6f-447c-8f74-abe82c1c6e99","msg":"SSE client disconnected"}
{"level":30,"time":1763068762086,"pid":66268,"hostname":"Mac.net","reqId":"967d07cb-0c6f-447c-8f74-abe82c1c6e99","route":"/stream","statusCode":200,"durationMs":0.301792,"msg":"request completed"}
{"level":30,"time":1763068762087,"pid":66268,"hostname":"Mac.net","reqId":"1c1ddd40-a07b-4ef3-af6c-a542224bd428","msg":"SSE client disconnected"}
{"level":30,"time":1763068762087,"pid":66268,"hostname":"Mac.net","reqId":"1c1ddd40-a07b-4ef3-af6c-a542224bd428","route":"/stream","statusCode":200,"durationMs":82.823542,"msg":"request completed"}
{"level":30,"time":1763068762093,"pid":66268,"hostname":"Mac.net","reqId":"4bc11cfe-eaea-40ad-914d-6dda26fc1b5c","msg":"SSE client disconnected"}
{"level":30,"time":1763068762110,"pid":66268,"hostname":"Mac.net","reqId":"e8085b1c-a6ae-4619-8a31-fae6a4483f22","route":"/stream/cancel","statusCode":404,"durationMs":0.336041,"msg":"request completed"}
{"level":30,"time":1763068762132,"pid":66268,"hostname":"Mac.net","reqId":"3b4f6f6f-87e4-4873-ae2b-c96f81719d0f","msg":"SSE client disconnected"}
{"level":30,"time":1763068762132,"pid":66268,"hostname":"Mac.net","reqId":"3b4f6f6f-87e4-4873-ae2b-c96f81719d0f","route":"/stream","statusCode":200,"durationMs":0.160958,"msg":"request completed"}
{"level":30,"time":1763068762137,"pid":66268,"hostname":"Mac.net","reqId":"621b638c-7fa4-4e30-891e-52d660fd9224","msg":"SSE client disconnected"}
{"level":30,"time":1763068762137,"pid":66268,"hostname":"Mac.net","reqId":"621b638c-7fa4-4e30-891e-52d660fd9224","route":"/stream","statusCode":200,"durationMs":81.147416,"msg":"request completed"}
{"level":30,"time":1763068762138,"pid":66268,"hostname":"Mac.net","reqId":"683cb1e1-3afe-4760-bfaf-c8388f4d81cf","msg":"SSE client disconnected"}
{"level":30,"time":1763068762156,"pid":66268,"hostname":"Mac.net","reqId":"efcb9603-b127-4e2c-91fb-ab50f5800046","route":"/stream/cancel","statusCode":404,"durationMs":0.265958,"msg":"request completed"}
{"level":30,"time":1763068762178,"pid":66268,"hostname":"Mac.net","reqId":"15aa6c9c-2100-4c02-9d47-56b2d8945adb","msg":"SSE client disconnected"}
{"level":30,"time":1763068762179,"pid":66268,"hostname":"Mac.net","reqId":"15aa6c9c-2100-4c02-9d47-56b2d8945adb","route":"/stream","statusCode":200,"durationMs":0.346542,"msg":"request completed"}
{"level":30,"time":1763068762186,"pid":66268,"hostname":"Mac.net","reqId":"e4cf0e7d-0541-4bee-848b-af1533e56feb","msg":"SSE client disconnected"}
{"level":30,"time":1763068762187,"pid":66268,"hostname":"Mac.net","reqId":"56821b68-e44e-4f87-ae5c-964b14c1b3e3","msg":"SSE client disconnected"}
{"level":30,"time":1763068762187,"pid":66268,"hostname":"Mac.net","reqId":"56821b68-e44e-4f87-ae5c-964b14c1b3e3","route":"/stream","statusCode":200,"durationMs":83.470292,"msg":"request completed"}
{"level":30,"time":1763068762203,"pid":66268,"hostname":"Mac.net","reqId":"8cbc7874-9b91-427a-bd35-8162119dfd7f","route":"/stream/cancel","statusCode":404,"durationMs":0.496417,"msg":"request completed"}
{"level":30,"time":1763068762226,"pid":66268,"hostname":"Mac.net","reqId":"e7f10864-681b-43c0-ad52-ffb4304cb646","msg":"SSE client disconnected"}
{"level":30,"time":1763068762226,"pid":66268,"hostname":"Mac.net","reqId":"e7f10864-681b-43c0-ad52-ffb4304cb646","route":"/stream","statusCode":200,"durationMs":0.180209,"msg":"request completed"}
{"level":30,"time":1763068762231,"pid":66268,"hostname":"Mac.net","reqId":"6b5cfa19-4a35-4818-979c-c1150ca7d248","msg":"SSE client disconnected"}
{"level":30,"time":1763068762231,"pid":66268,"hostname":"Mac.net","reqId":"6b5cfa19-4a35-4818-979c-c1150ca7d248","route":"/stream","statusCode":200,"durationMs":81.2135,"msg":"request completed"}
{"level":30,"time":1763068762232,"pid":66268,"hostname":"Mac.net","reqId":"e486e85d-7db1-409c-a8bf-85a8e9fb06fd","msg":"SSE client disconnected"}
{"level":30,"time":1763068762247,"pid":66268,"hostname":"Mac.net","reqId":"3e021e33-4409-4972-9311-9555688fe316","route":"/stream/cancel","statusCode":404,"durationMs":0.196958,"msg":"request completed"}
{"level":30,"time":1763068762269,"pid":66268,"hostname":"Mac.net","reqId":"46791a74-da5b-4df0-8b1e-eb5d74e155e3","msg":"SSE client disconnected"}
{"level":30,"time":1763068762269,"pid":66268,"hostname":"Mac.net","reqId":"46791a74-da5b-4df0-8b1e-eb5d74e155e3","route":"/stream","statusCode":200,"durationMs":0.380916,"msg":"request completed"}
{"level":30,"time":1763068762276,"pid":66268,"hostname":"Mac.net","reqId":"6b195c01-0d59-4cb8-a043-3e4c036a04de","msg":"SSE client disconnected"}
{"level":30,"time":1763068762279,"pid":66268,"hostname":"Mac.net","reqId":"de57b02a-629c-4868-a872-8dcd4586b00a","msg":"SSE client disconnected"}
{"level":30,"time":1763068762279,"pid":66268,"hostname":"Mac.net","reqId":"de57b02a-629c-4868-a872-8dcd4586b00a","route":"/stream","statusCode":200,"durationMs":81.921875,"msg":"request completed"}
{"level":30,"time":1763068762324,"pid":66268,"hostname":"Mac.net","reqId":"50ce18ec-b6d4-451a-ab42-13b3ff072022","msg":"SSE client disconnected"}
{"level":30,"time":1763068762324,"pid":66268,"hostname":"Mac.net","reqId":"50ce18ec-b6d4-451a-ab42-13b3ff072022","route":"/stream","statusCode":200,"durationMs":82.071083,"msg":"request completed"}
{"level":40,"time":1763068762376,"pid":66475,"hostname":"Mac.net","reqId":"196ade7c-39c4-4ced-974b-c05b4378103b","evt":"oversize","id":"196ade7c-39c4-4ced-974b-c05b4378103b","route":"/v1/run","bytes":102443,"reason":"body_too_large"}
{"level":30,"time":1763068762378,"pid":66475,"hostname":"Mac.net","reqId":"196ade7c-39c4-4ced-974b-c05b4378103b","route":"/v1/run","statusCode":413,"durationMs":2.765542,"msg":"request completed"}
{"level":30,"time":1763068762389,"pid":66268,"hostname":"Mac.net","reqId":"aaaeadb9-c4d3-497f-a34f-171abca05e3d","route":"/test/inflight_stats","statusCode":200,"durationMs":0.346916,"msg":"request completed"}
stdout | tests/sse.soak.test.ts > SSE Soak Test (500 cycles) > 500 mixed cycles end with inflight=0, underflows=0
  20/100 cycles complete, inflight: 0, underflows: 0

{"level":30,"time":1763068762397,"pid":66268,"hostname":"Mac.net","reqId":"90cf6364-e39f-4bf4-9bfc-1a17bfff2489","route":"/stream/cancel","statusCode":404,"durationMs":0.185458,"msg":"request completed"}
{"level":30,"time":1763068762404,"pid":66475,"hostname":"Mac.net","reqId":"635b40e5-8ba6-4c70-a436-5f5d68205874","route":"/v1/run","statusCode":200,"durationMs":24.67325,"msg":"request completed"}
{"level":30,"time":1763068762417,"pid":66475,"hostname":"Mac.net","reqId":"eaceded3-a1f3-46a1-9b77-ec2d3cf69ccb","route":"/v1/run","statusCode":400,"durationMs":0.900667,"msg":"request completed"}
{"level":30,"time":1763068762418,"pid":66475,"hostname":"Mac.net","reqId":"18fe000f-24c9-4040-9ddd-b3ede671002c","route":"/v1/run","statusCode":200,"durationMs":0.421584,"msg":"request completed"}
{"level":30,"time":1763068762419,"pid":66268,"hostname":"Mac.net","reqId":"1eebedef-6ca6-4e0e-8d9b-dcc7cd2030f5","msg":"SSE client disconnected"}
{"level":30,"time":1763068762420,"pid":66268,"hostname":"Mac.net","reqId":"1eebedef-6ca6-4e0e-8d9b-dcc7cd2030f5","route":"/stream","statusCode":200,"durationMs":0.478958,"msg":"request completed"}
{"level":30,"time":1763068762427,"pid":66268,"hostname":"Mac.net","reqId":"af2c0f0a-b16a-4ec8-8593-aee0aad61796","msg":"SSE client disconnected"}
{"level":30,"time":1763068762433,"pid":66475,"hostname":"Mac.net","reqId":"e6e0a920-e5c7-4359-8039-768b3c9d8260","route":"/v1/run","statusCode":200,"durationMs":1.726458,"msg":"request completed"}
{"level":30,"time":1763068762445,"pid":66268,"hostname":"Mac.net","reqId":"ca2ca5c8-00ed-4e8f-b238-2994d66130a5","route":"/stream/cancel","statusCode":404,"durationMs":0.503833,"msg":"request completed"}
{"level":30,"time":1763068762434,"pid":66475,"hostname":"Mac.net","reqId":"ec981d80-1222-46f5-96a1-a712a9a4244a","route":"/v1/run","statusCode":200,"durationMs":2.080666,"msg":"request completed"}
{"level":30,"time":1763068762434,"pid":66475,"hostname":"Mac.net","reqId":"c47ed0de-efe6-44ee-9dc7-9887c65fb061","route":"/v1/run","statusCode":200,"durationMs":2.389791,"msg":"request completed"}
{"level":30,"time":1763068762434,"pid":66475,"hostname":"Mac.net","reqId":"a76365e2-ca30-4be5-a21f-09f5d8eb2ede","route":"/v1/run","statusCode":200,"durationMs":2.624667,"msg":"request completed"}
{"level":30,"time":1763068762435,"pid":66475,"hostname":"Mac.net","reqId":"e5896357-d9a9-45b4-b6e8-2e1b4df6b3b0","route":"/v1/run","statusCode":200,"durationMs":2.913625,"msg":"request completed"}
{"level":30,"time":1763068762435,"pid":66475,"hostname":"Mac.net","reqId":"e25fb4d8-2e79-4c5e-a102-fdb466646484","route":"/v1/run","statusCode":200,"durationMs":3.296166,"msg":"request completed"}
{"level":30,"time":1763068762435,"pid":66475,"hostname":"Mac.net","reqId":"736d2e8b-8a21-47e2-8e2f-63f32aee8e23","route":"/v1/run","statusCode":200,"durationMs":3.675834,"msg":"request completed"}
{"level":30,"time":1763068762436,"pid":66475,"hostname":"Mac.net","reqId":"73227b83-d8e2-4ac1-b6ef-b706bdb130f5","route":"/v1/run","statusCode":200,"durationMs":3.915875,"msg":"request completed"}
{"level":30,"time":1763068762436,"pid":66475,"hostname":"Mac.net","reqId":"7ff5e78d-11b5-4382-a98e-610ddbcc0645","route":"/v1/run","statusCode":200,"durationMs":4.112,"msg":"request completed"}
{"level":30,"time":1763068762437,"pid":66475,"hostname":"Mac.net","reqId":"17c7fe25-d0f0-46f7-8bb4-8e997f46d30d","route":"/v1/run","statusCode":200,"durationMs":4.856042,"msg":"request completed"}
{"level":30,"time":1763068762438,"pid":66475,"hostname":"Mac.net","reqId":"c7adac5d-0b3f-4ede-81ea-e94696219e24","route":"/v1/run","statusCode":200,"durationMs":5.590792,"msg":"request completed"}
{"level":30,"time":1763068762438,"pid":66475,"hostname":"Mac.net","reqId":"6091939b-bebf-4644-baa0-dcce51439ffb","route":"/v1/run","statusCode":200,"durationMs":6.38175,"msg":"request completed"}
{"level":30,"time":1763068762438,"pid":66475,"hostname":"Mac.net","reqId":"4d6d3f6d-45d0-4232-a490-eb22e8d27a08","route":"/v1/run","statusCode":200,"durationMs":6.616041,"msg":"request completed"}
{"level":30,"time":1763068762439,"pid":66475,"hostname":"Mac.net","reqId":"5feb9ab4-f292-4894-8052-fe00177dc79f","route":"/v1/run","statusCode":200,"durationMs":6.88175,"msg":"request completed"}
{"level":30,"time":1763068762439,"pid":66475,"hostname":"Mac.net","reqId":"639235c9-1d1c-4a54-bcc1-c6b4ae962349","route":"/v1/run","statusCode":200,"durationMs":7.096792,"msg":"request completed"}
{"level":30,"time":1763068762439,"pid":66475,"hostname":"Mac.net","reqId":"efef4e6c-834d-4269-bf17-aef83e2e60e6","route":"/v1/run","statusCode":200,"durationMs":7.324958,"msg":"request completed"}
{"level":30,"time":1763068762440,"pid":66475,"hostname":"Mac.net","reqId":"af7616e2-27a0-4bb8-8f81-64deebab5bac","route":"/v1/run","statusCode":200,"durationMs":7.72025,"msg":"request completed"}
{"level":30,"time":1763068762440,"pid":66475,"hostname":"Mac.net","reqId":"40f64b7a-d353-4b53-9a5b-7157a56e41da","route":"/v1/run","statusCode":200,"durationMs":7.875166,"msg":"request completed"}
{"level":30,"time":1763068762440,"pid":66475,"hostname":"Mac.net","reqId":"a3449a78-53c9-4b5b-a1ab-b6bae6bdee0e","route":"/v1/run","statusCode":200,"durationMs":8.012292,"msg":"request completed"}
{"level":30,"time":1763068762440,"pid":66475,"hostname":"Mac.net","reqId":"8ca81c09-bbd4-4f6d-ac91-d1d144633ea6","route":"/v1/run","statusCode":200,"durationMs":8.171875,"msg":"request completed"}
{"level":30,"time":1763068762440,"pid":66475,"hostname":"Mac.net","reqId":"5dbb91eb-d982-498e-bf16-17b2ed11ed5a","route":"/v1/run","statusCode":200,"durationMs":8.303916,"msg":"request completed"}
{"level":30,"time":1763068762441,"pid":66475,"hostname":"Mac.net","reqId":"e2bbc71a-63e4-4816-b7fa-071073b27341","route":"/v1/run","statusCode":200,"durationMs":9.618584,"msg":"request completed"}
{"level":30,"time":1763068762442,"pid":66475,"hostname":"Mac.net","reqId":"3f96cf42-d0ab-4b4f-9a7e-8facdb2dac52","route":"/v1/run","statusCode":200,"durationMs":10.081875,"msg":"request completed"}
{"level":30,"time":1763068762443,"pid":66475,"hostname":"Mac.net","reqId":"4d18278a-3c94-4ba0-9ef3-8e091670c6c1","route":"/v1/run","statusCode":200,"durationMs":10.638583,"msg":"request completed"}
{"level":30,"time":1763068762443,"pid":66475,"hostname":"Mac.net","reqId":"672a74c1-1a6a-41a8-8a2f-9b0540f8bdcf","route":"/v1/run","statusCode":200,"durationMs":11.087292,"msg":"request completed"}
{"level":30,"time":1763068762443,"pid":66475,"hostname":"Mac.net","reqId":"dabfae5e-c6bc-468f-b787-103147bae03e","route":"/v1/run","statusCode":200,"durationMs":11.50075,"msg":"request completed"}
{"level":30,"time":1763068762444,"pid":66475,"hostname":"Mac.net","reqId":"545bb13e-3072-4660-bdc9-abad7bc9b8aa","route":"/v1/run","statusCode":200,"durationMs":11.939125,"msg":"request completed"}
{"level":30,"time":1763068762445,"pid":66475,"hostname":"Mac.net","reqId":"56ddae69-c061-4887-b7bc-71655e21c6ea","route":"/v1/run","statusCode":200,"durationMs":12.659584,"msg":"request completed"}
{"level":30,"time":1763068762445,"pid":66475,"hostname":"Mac.net","reqId":"ee95b4b4-6d86-4450-bf92-924475629d2a","route":"/v1/run","statusCode":200,"durationMs":12.941833,"msg":"request completed"}
{"level":30,"time":1763068762445,"pid":66475,"hostname":"Mac.net","reqId":"fb025185-aed3-4379-b3e7-2c550196e51f","route":"/v1/run","statusCode":200,"durationMs":13.319,"msg":"request completed"}
{"level":30,"time":1763068762446,"pid":66475,"hostname":"Mac.net","reqId":"c20968d6-ff32-4ccf-a19a-f796ca8d1a6e","route":"/v1/run","statusCode":200,"durationMs":14.131625,"msg":"request completed"}
{"level":30,"time":1763068762446,"pid":66475,"hostname":"Mac.net","reqId":"7d1d1858-6128-4dd9-a181-a6f504c83be0","route":"/v1/run","statusCode":200,"durationMs":14.56775,"msg":"request completed"}
{"level":30,"time":1763068762447,"pid":66475,"hostname":"Mac.net","reqId":"0aff233a-af39-433c-80b7-f8a59283301e","route":"/v1/run","statusCode":200,"durationMs":14.862542,"msg":"request completed"}
{"level":30,"time":1763068762447,"pid":66475,"hostname":"Mac.net","reqId":"c31a141e-deaa-4875-882b-3e472be6eb78","route":"/v1/run","statusCode":200,"durationMs":15.052917,"msg":"request completed"}
{"level":30,"time":1763068762447,"pid":66475,"hostname":"Mac.net","reqId":"6d9a0ed4-472c-4b5e-a3de-3a1e532c78dd","route":"/v1/run","statusCode":200,"durationMs":15.1895,"msg":"request completed"}
{"level":30,"time":1763068762447,"pid":66475,"hostname":"Mac.net","reqId":"241bb994-f883-4e58-9c03-b256f439a612","route":"/v1/run","statusCode":200,"durationMs":15.575416,"msg":"request completed"}
{"level":30,"time":1763068762448,"pid":66475,"hostname":"Mac.net","reqId":"272d0ff1-91b0-4a60-a0ac-06b984802e8d","route":"/v1/run","statusCode":200,"durationMs":15.713584,"msg":"request completed"}
{"level":30,"time":1763068762448,"pid":66475,"hostname":"Mac.net","reqId":"75469ba6-77a7-4449-ad51-55d8cc821130","route":"/v1/run","statusCode":200,"durationMs":15.830083,"msg":"request completed"}
{"level":30,"time":1763068762448,"pid":66475,"hostname":"Mac.net","reqId":"6236004c-4308-4634-a3f4-39b11919506b","route":"/v1/run","statusCode":200,"durationMs":15.9485,"msg":"request completed"}
{"level":30,"time":1763068762448,"pid":66475,"hostname":"Mac.net","reqId":"9c1bad86-4ce6-4d85-81b5-c9855fbab85e","route":"/v1/run","statusCode":200,"durationMs":16.05275,"msg":"request completed"}
{"level":30,"time":1763068762448,"pid":66475,"hostname":"Mac.net","reqId":"9809db41-ab90-4ab5-930a-446d804fbc13","route":"/v1/run","statusCode":200,"durationMs":16.15975,"msg":"request completed"}
{"level":30,"time":1763068762448,"pid":66475,"hostname":"Mac.net","reqId":"e40a8e6c-ec03-46fd-a9e8-01aea7fc4668","route":"/v1/run","statusCode":200,"durationMs":16.344584,"msg":"request completed"}
{"level":30,"time":1763068762448,"pid":66475,"hostname":"Mac.net","reqId":"ca11c835-99eb-4d18-885b-bc8b50f2dc30","route":"/v1/run","statusCode":200,"durationMs":16.454541,"msg":"request completed"}
{"level":30,"time":1763068762448,"pid":66475,"hostname":"Mac.net","reqId":"ea06e39d-feb3-4169-8f21-b806063be6ad","route":"/v1/run","statusCode":200,"durationMs":16.55575,"msg":"request completed"}
{"level":30,"time":1763068762449,"pid":66475,"hostname":"Mac.net","reqId":"a0299c67-7aed-43f8-8753-5deb5ee50756","route":"/v1/run","statusCode":200,"durationMs":16.654459,"msg":"request completed"}
{"level":30,"time":1763068762449,"pid":66475,"hostname":"Mac.net","reqId":"9bbf4106-82ae-4717-acec-97e044c5d5ca","route":"/v1/run","statusCode":200,"durationMs":16.750625,"msg":"request completed"}
{"level":30,"time":1763068762449,"pid":66475,"hostname":"Mac.net","reqId":"26975b29-254c-4c50-93d3-119e5abf31e8","route":"/v1/run","statusCode":200,"durationMs":16.853083,"msg":"request completed"}
{"level":30,"time":1763068762449,"pid":66475,"hostname":"Mac.net","reqId":"1ae1c3ba-d771-43ab-8d0c-67e5ba7f8296","route":"/v1/run","statusCode":200,"durationMs":16.946083,"msg":"request completed"}
{"level":30,"time":1763068762449,"pid":66475,"hostname":"Mac.net","reqId":"d028053d-14ff-40ac-a7f7-4e1339801bc3","route":"/v1/run","statusCode":200,"durationMs":17.036958,"msg":"request completed"}
{"level":30,"time":1763068762449,"pid":66475,"hostname":"Mac.net","reqId":"163bec43-77fc-435e-822a-09857c855105","route":"/v1/run","statusCode":200,"durationMs":17.190792,"msg":"request completed"}
{"level":30,"time":1763068762449,"pid":66475,"hostname":"Mac.net","reqId":"b5cf50a9-bfbf-4ddf-ad25-ed32b9d45c54","route":"/v1/run","statusCode":200,"durationMs":17.299916,"msg":"request completed"}
{"level":30,"time":1763068762449,"pid":66475,"hostname":"Mac.net","reqId":"abb3b0fd-8dfe-4523-ade0-7c73861cbc45","route":"/v1/run","statusCode":200,"durationMs":17.402,"msg":"request completed"}
{"level":30,"time":1763068762449,"pid":66475,"hostname":"Mac.net","reqId":"2af7c955-288b-4e6e-90e3-16857b3a295f","route":"/v1/run","statusCode":200,"durationMs":17.5505,"msg":"request completed"}
{"level":30,"time":1763068762450,"pid":66475,"hostname":"Mac.net","reqId":"d7c66569-54af-4c99-94c0-b63d09421e47","route":"/v1/run","statusCode":200,"durationMs":17.743625,"msg":"request completed"}
{"level":30,"time":1763068762450,"pid":66475,"hostname":"Mac.net","reqId":"2401d651-a6fa-4bcc-8717-55c1aa4be33a","route":"/v1/run","statusCode":200,"durationMs":17.847375,"msg":"request completed"}
{"level":30,"time":1763068762450,"pid":66475,"hostname":"Mac.net","reqId":"7f1e7790-8184-42fa-b930-5947a534d991","route":"/v1/run","statusCode":200,"durationMs":17.944958,"msg":"request completed"}
{"level":30,"time":1763068762450,"pid":66475,"hostname":"Mac.net","reqId":"fa6aa951-0e67-41c9-810e-0d2208814ba8","route":"/v1/run","statusCode":200,"durationMs":18.039167,"msg":"request completed"}
{"level":30,"time":1763068762450,"pid":66475,"hostname":"Mac.net","reqId":"59b8c68f-eea5-4790-bbe7-42aa6146c845","route":"/v1/run","statusCode":200,"durationMs":18.142541,"msg":"request completed"}
{"level":30,"time":1763068762450,"pid":66475,"hostname":"Mac.net","reqId":"06838fea-7c71-48cc-8ed2-edcbae74e43f","route":"/v1/run","statusCode":200,"durationMs":18.238459,"msg":"request completed"}
{"level":30,"time":1763068762450,"pid":66475,"hostname":"Mac.net","reqId":"3eb2b35a-f61a-492a-a5a4-c2e52e64f078","route":"/v1/run","statusCode":200,"durationMs":18.332625,"msg":"request completed"}
{"level":40,"time":1763068762450,"pid":66475,"hostname":"Mac.net","reqId":"3ec4789d-1902-4d97-9982-73a6c2b5b6a8","evt":"throttle","id":"3ec4789d-1902-4d97-9982-73a6c2b5b6a8","route":"/v1/run","rpm":60,"reason":"rate_limit"}
{"level":30,"time":1763068762451,"pid":66475,"hostname":"Mac.net","reqId":"3ec4789d-1902-4d97-9982-73a6c2b5b6a8","route":"/v1/run","statusCode":429,"durationMs":18.484917,"msg":"request completed"}
{"level":40,"time":1763068762451,"pid":66475,"hostname":"Mac.net","reqId":"481479dc-6b7a-4c1f-82fe-f993f42437b8","evt":"throttle","id":"481479dc-6b7a-4c1f-82fe-f993f42437b8","route":"/v1/run","rpm":60,"reason":"rate_limit"}
{"level":30,"time":1763068762451,"pid":66475,"hostname":"Mac.net","reqId":"481479dc-6b7a-4c1f-82fe-f993f42437b8","route":"/v1/run","statusCode":429,"durationMs":19.02325,"msg":"request completed"}
{"level":40,"time":1763068762451,"pid":66475,"hostname":"Mac.net","reqId":"5c2e880d-1e84-488e-b647-d2b0cebfab38","evt":"throttle","id":"5c2e880d-1e84-488e-b647-d2b0cebfab38","route":"/v1/run","rpm":60,"reason":"rate_limit"}
{"level":30,"time":1763068762451,"pid":66475,"hostname":"Mac.net","reqId":"5c2e880d-1e84-488e-b647-d2b0cebfab38","route":"/v1/run","statusCode":429,"durationMs":19.111459,"msg":"request completed"}
{"level":40,"time":1763068762451,"pid":66475,"hostname":"Mac.net","reqId":"22c53a80-81f6-47c3-a206-fbea7514b7c2","evt":"throttle","id":"22c53a80-81f6-47c3-a206-fbea7514b7c2","route":"/v1/run","rpm":60,"reason":"rate_limit"}
{"level":30,"time":1763068762451,"pid":66475,"hostname":"Mac.net","reqId":"22c53a80-81f6-47c3-a206-fbea7514b7c2","route":"/v1/run","statusCode":429,"durationMs":19.170792,"msg":"request completed"}
{"level":40,"time":1763068762451,"pid":66475,"hostname":"Mac.net","reqId":"e2326ae6-2d97-4880-acf9-aeb6736fa087","evt":"throttle","id":"e2326ae6-2d97-4880-acf9-aeb6736fa087","route":"/v1/run","rpm":60,"reason":"rate_limit"}
{"level":30,"time":1763068762451,"pid":66475,"hostname":"Mac.net","reqId":"e2326ae6-2d97-4880-acf9-aeb6736fa087","route":"/v1/run","statusCode":429,"durationMs":19.2235,"msg":"request completed"}
{"level":40,"time":1763068762451,"pid":66475,"hostname":"Mac.net","reqId":"c981bfe2-10de-4c0e-ba20-c414e7c5f03b","evt":"throttle","id":"c981bfe2-10de-4c0e-ba20-c414e7c5f03b","route":"/v1/run","rpm":60,"reason":"rate_limit"}
{"level":30,"time":1763068762451,"pid":66475,"hostname":"Mac.net","reqId":"c981bfe2-10de-4c0e-ba20-c414e7c5f03b","route":"/v1/run","statusCode":429,"durationMs":19.271875,"msg":"request completed"}
{"level":40,"time":1763068762451,"pid":66475,"hostname":"Mac.net","reqId":"0fbd2804-7b9b-4f65-8875-b807e701f185","evt":"throttle","id":"0fbd2804-7b9b-4f65-8875-b807e701f185","route":"/v1/run","rpm":60,"reason":"rate_limit"}
{"level":30,"time":1763068762451,"pid":66475,"hostname":"Mac.net","reqId":"0fbd2804-7b9b-4f65-8875-b807e701f185","route":"/v1/run","statusCode":429,"durationMs":19.365125,"msg":"request completed"}
{"level":40,"time":1763068762451,"pid":66475,"hostname":"Mac.net","reqId":"f541767a-9fc7-421b-bf47-520a82f0e303","evt":"throttle","id":"f541767a-9fc7-421b-bf47-520a82f0e303","route":"/v1/run","rpm":60,"reason":"rate_limit"}
{"level":30,"time":1763068762451,"pid":66475,"hostname":"Mac.net","reqId":"f541767a-9fc7-421b-bf47-520a82f0e303","route":"/v1/run","statusCode":429,"durationMs":19.434541,"msg":"request completed"}
{"level":40,"time":1763068762451,"pid":66475,"hostname":"Mac.net","reqId":"0dc35572-809d-4b85-84fa-a08b66ac49eb","evt":"throttle","id":"0dc35572-809d-4b85-84fa-a08b66ac49eb","route":"/v1/run","rpm":60,"reason":"rate_limit"}
{"level":30,"time":1763068762451,"pid":66475,"hostname":"Mac.net","reqId":"0dc35572-809d-4b85-84fa-a08b66ac49eb","route":"/v1/run","statusCode":429,"durationMs":19.489042,"msg":"request completed"}
{"level":40,"time":1763068762451,"pid":66475,"hostname":"Mac.net","reqId":"4c107297-a6b2-4af4-b667-9cadc98daded","evt":"throttle","id":"4c107297-a6b2-4af4-b667-9cadc98daded","route":"/v1/run","rpm":60,"reason":"rate_limit"}
{"level":30,"time":1763068762451,"pid":66475,"hostname":"Mac.net","reqId":"4c107297-a6b2-4af4-b667-9cadc98daded","route":"/v1/run","statusCode":429,"durationMs":19.541375,"msg":"request completed"}
{"level":40,"time":1763068762452,"pid":66475,"hostname":"Mac.net","reqId":"06c8ffc5-2e3f-4f26-9557-3230f49657df","evt":"throttle","id":"06c8ffc5-2e3f-4f26-9557-3230f49657df","route":"/v1/run","rpm":60,"reason":"rate_limit"}
{"level":30,"time":1763068762452,"pid":66475,"hostname":"Mac.net","reqId":"06c8ffc5-2e3f-4f26-9557-3230f49657df","route":"/v1/run","statusCode":429,"durationMs":19.590125,"msg":"request completed"}
{"level":40,"time":1763068762452,"pid":66475,"hostname":"Mac.net","reqId":"4df4dfd2-7b11-4689-9625-e6d374702591","evt":"throttle","id":"4df4dfd2-7b11-4689-9625-e6d374702591","route":"/v1/run","rpm":60,"reason":"rate_limit"}
{"level":30,"time":1763068762452,"pid":66475,"hostname":"Mac.net","reqId":"4df4dfd2-7b11-4689-9625-e6d374702591","route":"/v1/run","statusCode":429,"durationMs":19.641375,"msg":"request completed"}
{"level":40,"time":1763068762452,"pid":66475,"hostname":"Mac.net","reqId":"385e934c-e4db-40f8-a89a-f892ed9c1d5f","evt":"throttle","id":"385e934c-e4db-40f8-a89a-f892ed9c1d5f","route":"/v1/run","rpm":60,"reason":"rate_limit"}
{"level":30,"time":1763068762452,"pid":66475,"hostname":"Mac.net","reqId":"385e934c-e4db-40f8-a89a-f892ed9c1d5f","route":"/v1/run","statusCode":429,"durationMs":19.694708,"msg":"request completed"}
{"level":40,"time":1763068762452,"pid":66475,"hostname":"Mac.net","reqId":"11c9d382-2392-4666-8b52-af82fc1575cb","evt":"throttle","id":"11c9d382-2392-4666-8b52-af82fc1575cb","route":"/v1/run","rpm":60,"reason":"rate_limit"}
{"level":30,"time":1763068762452,"pid":66475,"hostname":"Mac.net","reqId":"11c9d382-2392-4666-8b52-af82fc1575cb","route":"/v1/run","statusCode":429,"durationMs":19.824125,"msg":"request completed"}
{"level":40,"time":1763068762452,"pid":66475,"hostname":"Mac.net","reqId":"17e879d2-aa7a-44a8-9fa6-e9bb59d94319","evt":"throttle","id":"17e879d2-aa7a-44a8-9fa6-e9bb59d94319","route":"/v1/run","rpm":60,"reason":"rate_limit"}
{"level":30,"time":1763068762452,"pid":66475,"hostname":"Mac.net","reqId":"17e879d2-aa7a-44a8-9fa6-e9bb59d94319","route":"/v1/run","statusCode":429,"durationMs":19.890792,"msg":"request completed"}
{"level":40,"time":1763068762452,"pid":66475,"hostname":"Mac.net","reqId":"aba90859-ae0e-4573-a8a9-96d7dbf1c939","evt":"throttle","id":"aba90859-ae0e-4573-a8a9-96d7dbf1c939","route":"/v1/run","rpm":60,"reason":"rate_limit"}
{"level":30,"time":1763068762452,"pid":66475,"hostname":"Mac.net","reqId":"aba90859-ae0e-4573-a8a9-96d7dbf1c939","route":"/v1/run","statusCode":429,"durationMs":19.940791,"msg":"request completed"}
{"level":40,"time":1763068762452,"pid":66475,"hostname":"Mac.net","reqId":"460b4334-aa1c-42c0-a6c5-56097ab9d24d","evt":"throttle","id":"460b4334-aa1c-42c0-a6c5-56097ab9d24d","route":"/v1/run","rpm":60,"reason":"rate_limit"}
{"level":30,"time":1763068762452,"pid":66475,"hostname":"Mac.net","reqId":"460b4334-aa1c-42c0-a6c5-56097ab9d24d","route":"/v1/run","statusCode":429,"durationMs":19.991292,"msg":"request completed"}
{"level":40,"time":1763068762452,"pid":66475,"hostname":"Mac.net","reqId":"3020688c-5f3e-4621-95b9-013aa49b049f","evt":"throttle","id":"3020688c-5f3e-4621-95b9-013aa49b049f","route":"/v1/run","rpm":60,"reason":"rate_limit"}
{"level":30,"time":1763068762452,"pid":66475,"hostname":"Mac.net","reqId":"3020688c-5f3e-4621-95b9-013aa49b049f","route":"/v1/run","statusCode":429,"durationMs":20.039875,"msg":"request completed"}
{"level":40,"time":1763068762452,"pid":66475,"hostname":"Mac.net","reqId":"39f79f23-3710-4b1e-b3b7-58dc17ad0107","evt":"throttle","id":"39f79f23-3710-4b1e-b3b7-58dc17ad0107","route":"/v1/run","rpm":60,"reason":"rate_limit"}
{"level":30,"time":1763068762452,"pid":66475,"hostname":"Mac.net","reqId":"39f79f23-3710-4b1e-b3b7-58dc17ad0107","route":"/v1/run","statusCode":429,"durationMs":20.09025,"msg":"request completed"}
{"level":40,"time":1763068762452,"pid":66475,"hostname":"Mac.net","reqId":"61c95124-5b8c-4ef0-ac33-fe2c463776e8","evt":"throttle","id":"61c95124-5b8c-4ef0-ac33-fe2c463776e8","route":"/v1/run","rpm":60,"reason":"rate_limit"}
{"level":30,"time":1763068762452,"pid":66475,"hostname":"Mac.net","reqId":"61c95124-5b8c-4ef0-ac33-fe2c463776e8","route":"/v1/run","statusCode":429,"durationMs":20.137166,"msg":"request completed"}
{"level":40,"time":1763068762452,"pid":66475,"hostname":"Mac.net","reqId":"2d1dfbd9-dab7-4901-b2b3-fc1ce99163ce","evt":"throttle","id":"2d1dfbd9-dab7-4901-b2b3-fc1ce99163ce","route":"/v1/run","rpm":60,"reason":"rate_limit"}
{"level":30,"time":1763068762452,"pid":66475,"hostname":"Mac.net","reqId":"2d1dfbd9-dab7-4901-b2b3-fc1ce99163ce","route":"/v1/run","statusCode":429,"durationMs":20.184333,"msg":"request completed"}
{"level":40,"time":1763068762452,"pid":66475,"hostname":"Mac.net","reqId":"a51090b6-68c0-46af-970e-115869097d02","evt":"throttle","id":"a51090b6-68c0-46af-970e-115869097d02","route":"/v1/run","rpm":60,"reason":"rate_limit"}
{"level":30,"time":1763068762452,"pid":66475,"hostname":"Mac.net","reqId":"a51090b6-68c0-46af-970e-115869097d02","route":"/v1/run","statusCode":429,"durationMs":20.235916,"msg":"request completed"}
{"level":40,"time":1763068762452,"pid":66475,"hostname":"Mac.net","reqId":"78291c28-00d5-462c-9925-84fe4e609e4d","evt":"throttle","id":"78291c28-00d5-462c-9925-84fe4e609e4d","route":"/v1/run","rpm":60,"reason":"rate_limit"}
{"level":30,"time":1763068762452,"pid":66475,"hostname":"Mac.net","reqId":"78291c28-00d5-462c-9925-84fe4e609e4d","route":"/v1/run","statusCode":429,"durationMs":20.28675,"msg":"request completed"}
{"level":40,"time":1763068762452,"pid":66475,"hostname":"Mac.net","reqId":"73c8b50b-e520-46a1-aca1-83e893eef565","evt":"throttle","id":"73c8b50b-e520-46a1-aca1-83e893eef565","route":"/v1/run","rpm":60,"reason":"rate_limit"}
{"level":30,"time":1763068762452,"pid":66475,"hostname":"Mac.net","reqId":"73c8b50b-e520-46a1-aca1-83e893eef565","route":"/v1/run","statusCode":429,"durationMs":20.375041,"msg":"request completed"}
{"level":40,"time":1763068762452,"pid":66475,"hostname":"Mac.net","reqId":"c4a6ba6f-a6f0-4ed7-8118-c03960e587af","evt":"throttle","id":"c4a6ba6f-a6f0-4ed7-8118-c03960e587af","route":"/v1/run","rpm":60,"reason":"rate_limit"}
{"level":30,"time":1763068762452,"pid":66475,"hostname":"Mac.net","reqId":"c4a6ba6f-a6f0-4ed7-8118-c03960e587af","route":"/v1/run","statusCode":429,"durationMs":20.42375,"msg":"request completed"}
{"level":40,"time":1763068762452,"pid":66475,"hostname":"Mac.net","reqId":"6bec1275-2144-4e09-94fa-6daa3a402019","evt":"throttle","id":"6bec1275-2144-4e09-94fa-6daa3a402019","route":"/v1/run","rpm":60,"reason":"rate_limit"}
{"level":30,"time":1763068762452,"pid":66475,"hostname":"Mac.net","reqId":"6bec1275-2144-4e09-94fa-6daa3a402019","route":"/v1/run","statusCode":429,"durationMs":20.471042,"msg":"request completed"}
{"level":40,"time":1763068762452,"pid":66475,"hostname":"Mac.net","reqId":"1772ff43-934a-4a88-a4bf-a85bdc1653ae","evt":"throttle","id":"1772ff43-934a-4a88-a4bf-a85bdc1653ae","route":"/v1/run","rpm":60,"reason":"rate_limit"}
{"level":30,"time":1763068762452,"pid":66475,"hostname":"Mac.net","reqId":"1772ff43-934a-4a88-a4bf-a85bdc1653ae","route":"/v1/run","statusCode":429,"durationMs":20.517708,"msg":"request completed"}
{"level":40,"time":1763068762453,"pid":66475,"hostname":"Mac.net","reqId":"d3aa5eab-00de-4260-849f-a9c278748d9c","evt":"throttle","id":"d3aa5eab-00de-4260-849f-a9c278748d9c","route":"/v1/run","rpm":60,"reason":"rate_limit"}
{"level":30,"time":1763068762453,"pid":66475,"hostname":"Mac.net","reqId":"d3aa5eab-00de-4260-849f-a9c278748d9c","route":"/v1/run","statusCode":429,"durationMs":20.563708,"msg":"request completed"}
{"level":40,"time":1763068762453,"pid":66475,"hostname":"Mac.net","reqId":"8a064399-afdb-4192-8bc5-f2d215aaa365","evt":"throttle","id":"8a064399-afdb-4192-8bc5-f2d215aaa365","route":"/v1/run","rpm":60,"reason":"rate_limit"}
{"level":30,"time":1763068762453,"pid":66475,"hostname":"Mac.net","reqId":"8a064399-afdb-4192-8bc5-f2d215aaa365","route":"/v1/run","statusCode":429,"durationMs":20.608375,"msg":"request completed"}
{"level":40,"time":1763068762453,"pid":66475,"hostname":"Mac.net","reqId":"e374b156-ab6d-41b6-b8df-156f0234bc84","evt":"throttle","id":"e374b156-ab6d-41b6-b8df-156f0234bc84","route":"/v1/run","rpm":60,"reason":"rate_limit"}
{"level":30,"time":1763068762453,"pid":66475,"hostname":"Mac.net","reqId":"e374b156-ab6d-41b6-b8df-156f0234bc84","route":"/v1/run","statusCode":429,"durationMs":20.653625,"msg":"request completed"}
{"level":40,"time":1763068762453,"pid":66475,"hostname":"Mac.net","reqId":"62b2c476-f9b0-4b55-9bc3-94025f0a9e72","evt":"throttle","id":"62b2c476-f9b0-4b55-9bc3-94025f0a9e72","route":"/v1/run","rpm":60,"reason":"rate_limit"}
{"level":30,"time":1763068762453,"pid":66475,"hostname":"Mac.net","reqId":"62b2c476-f9b0-4b55-9bc3-94025f0a9e72","route":"/v1/run","statusCode":429,"durationMs":20.699458,"msg":"request completed"}
{"level":40,"time":1763068762453,"pid":66475,"hostname":"Mac.net","reqId":"beb19ee3-29e5-400a-a0b7-502be0d43351","evt":"throttle","id":"beb19ee3-29e5-400a-a0b7-502be0d43351","route":"/v1/run","rpm":60,"reason":"rate_limit"}
{"level":30,"time":1763068762453,"pid":66475,"hostname":"Mac.net","reqId":"beb19ee3-29e5-400a-a0b7-502be0d43351","route":"/v1/run","statusCode":429,"durationMs":20.744375,"msg":"request completed"}
{"level":40,"time":1763068762453,"pid":66475,"hostname":"Mac.net","reqId":"293ba1a1-c6b8-4dc7-906b-d7ae231553ca","evt":"throttle","id":"293ba1a1-c6b8-4dc7-906b-d7ae231553ca","route":"/v1/run","rpm":60,"reason":"rate_limit"}
{"level":30,"time":1763068762453,"pid":66475,"hostname":"Mac.net","reqId":"293ba1a1-c6b8-4dc7-906b-d7ae231553ca","route":"/v1/run","statusCode":429,"durationMs":20.793834,"msg":"request completed"}
{"level":40,"time":1763068762453,"pid":66475,"hostname":"Mac.net","reqId":"952f8e88-174f-467c-a808-4a7a579807d9","evt":"throttle","id":"952f8e88-174f-467c-a808-4a7a579807d9","route":"/v1/run","rpm":60,"reason":"rate_limit"}
{"level":30,"time":1763068762453,"pid":66475,"hostname":"Mac.net","reqId":"952f8e88-174f-467c-a808-4a7a579807d9","route":"/v1/run","statusCode":429,"durationMs":20.86075,"msg":"request completed"}
{"level":40,"time":1763068762453,"pid":66475,"hostname":"Mac.net","reqId":"879dcd40-359b-497c-ad91-98e7f2bd96de","evt":"throttle","id":"879dcd40-359b-497c-ad91-98e7f2bd96de","route":"/v1/run","rpm":60,"reason":"rate_limit"}
{"level":30,"time":1763068762453,"pid":66475,"hostname":"Mac.net","reqId":"879dcd40-359b-497c-ad91-98e7f2bd96de","route":"/v1/run","statusCode":429,"durationMs":21.202708,"msg":"request completed"}
{"level":40,"time":1763068762453,"pid":66475,"hostname":"Mac.net","reqId":"c1d518f8-87c5-4925-8958-22478cbc28e5","evt":"throttle","id":"c1d518f8-87c5-4925-8958-22478cbc28e5","route":"/v1/run","rpm":60,"reason":"rate_limit"}
{"level":30,"time":1763068762454,"pid":66475,"hostname":"Mac.net","reqId":"c1d518f8-87c5-4925-8958-22478cbc28e5","route":"/v1/run","statusCode":429,"durationMs":21.503791,"msg":"request completed"}
{"level":40,"time":1763068762454,"pid":66475,"hostname":"Mac.net","reqId":"229a9427-3027-4b41-b4b6-40504800b080","evt":"throttle","id":"229a9427-3027-4b41-b4b6-40504800b080","route":"/v1/run","rpm":60,"reason":"rate_limit"}
{"level":30,"time":1763068762454,"pid":66475,"hostname":"Mac.net","reqId":"229a9427-3027-4b41-b4b6-40504800b080","route":"/v1/run","statusCode":429,"durationMs":21.766833,"msg":"request completed"}
{"level":40,"time":1763068762454,"pid":66475,"hostname":"Mac.net","reqId":"e7a4d42b-0e8e-430b-aa7f-63dce95f8465","evt":"throttle","id":"e7a4d42b-0e8e-430b-aa7f-63dce95f8465","route":"/v1/run","rpm":60,"reason":"rate_limit"}
{"level":30,"time":1763068762454,"pid":66475,"hostname":"Mac.net","reqId":"e7a4d42b-0e8e-430b-aa7f-63dce95f8465","route":"/v1/run","statusCode":429,"durationMs":21.8675,"msg":"request completed"}
{"level":40,"time":1763068762454,"pid":66475,"hostname":"Mac.net","reqId":"cd3c248a-9ac0-48ec-924f-a499fe43e4f2","evt":"throttle","id":"cd3c248a-9ac0-48ec-924f-a499fe43e4f2","route":"/v1/run","rpm":60,"reason":"rate_limit"}
{"level":30,"time":1763068762454,"pid":66475,"hostname":"Mac.net","reqId":"cd3c248a-9ac0-48ec-924f-a499fe43e4f2","route":"/v1/run","statusCode":429,"durationMs":21.931708,"msg":"request completed"}
{"level":40,"time":1763068762454,"pid":66475,"hostname":"Mac.net","reqId":"45f8d6b8-1df4-4114-815e-5dd883a74b60","evt":"throttle","id":"45f8d6b8-1df4-4114-815e-5dd883a74b60","route":"/v1/run","rpm":60,"reason":"rate_limit"}
{"level":30,"time":1763068762454,"pid":66475,"hostname":"Mac.net","reqId":"45f8d6b8-1df4-4114-815e-5dd883a74b60","route":"/v1/run","statusCode":429,"durationMs":21.991167,"msg":"request completed"}
{"level":40,"time":1763068762455,"pid":66475,"hostname":"Mac.net","reqId":"36d5a06f-fc77-4ce6-8756-a76ccab02cf5","evt":"throttle","id":"36d5a06f-fc77-4ce6-8756-a76ccab02cf5","route":"/v1/run","rpm":60,"reason":"rate_limit"}
{"level":30,"time":1763068762455,"pid":66475,"hostname":"Mac.net","reqId":"36d5a06f-fc77-4ce6-8756-a76ccab02cf5","route":"/v1/run","statusCode":429,"durationMs":0.8395,"msg":"request completed"}
{"level":30,"time":1763068762466,"pid":66268,"hostname":"Mac.net","reqId":"a04a319e-b528-4d85-bd1d-f4ac1d30bdf5","msg":"SSE client disconnected"}
{"level":30,"time":1763068762466,"pid":66268,"hostname":"Mac.net","reqId":"a04a319e-b528-4d85-bd1d-f4ac1d30bdf5","route":"/stream","statusCode":200,"durationMs":0.265958,"msg":"request completed"}
{"level":30,"time":1763068762470,"pid":66268,"hostname":"Mac.net","reqId":"acdc22f5-2974-4b4e-b1ad-31ba1079ec8b","msg":"SSE client disconnected"}
{"level":30,"time":1763068762471,"pid":66268,"hostname":"Mac.net","reqId":"acdc22f5-2974-4b4e-b1ad-31ba1079ec8b","route":"/stream","statusCode":200,"durationMs":80.61375,"msg":"request completed"}
{"level":30,"time":1763068762473,"pid":66268,"hostname":"Mac.net","reqId":"dd7529c3-c520-45b1-b077-15f83a4208e5","msg":"SSE client disconnected"}
{"level":30,"time":1763068762490,"pid":66268,"hostname":"Mac.net","reqId":"75da0220-70e6-471c-9904-90b6d49883ce","route":"/stream/cancel","statusCode":404,"durationMs":0.166583,"msg":"request completed"}
{"level":30,"time":1763068762510,"pid":66268,"hostname":"Mac.net","reqId":"48debcd8-c999-4b3a-a5cf-6087576e4a9f","msg":"SSE client disconnected"}
{"level":30,"time":1763068762510,"pid":66268,"hostname":"Mac.net","reqId":"48debcd8-c999-4b3a-a5cf-6087576e4a9f","route":"/stream","statusCode":200,"durationMs":0.1935,"msg":"request completed"}
{"level":30,"time":1763068762517,"pid":66268,"hostname":"Mac.net","reqId":"7a80b312-ecc8-42de-8796-03361a1a9d08","msg":"SSE client disconnected"}
{"level":30,"time":1763068762518,"pid":66268,"hostname":"Mac.net","reqId":"6008ddaf-0547-4cbe-abd4-566ac8c3f914","msg":"SSE client disconnected"}
{"level":30,"time":1763068762518,"pid":66268,"hostname":"Mac.net","reqId":"6008ddaf-0547-4cbe-abd4-566ac8c3f914","route":"/stream","statusCode":200,"durationMs":80.518166,"msg":"request completed"}
{"level":30,"time":1763068762533,"pid":66268,"hostname":"Mac.net","reqId":"955f7f76-ef11-4817-8197-a8969dba5b1f","route":"/stream/cancel","statusCode":404,"durationMs":0.206,"msg":"request completed"}
{"level":30,"time":1763068762554,"pid":66268,"hostname":"Mac.net","reqId":"e8a9ffff-715f-4f87-8a30-dadb72d9e5be","msg":"SSE client disconnected"}
{"level":30,"time":1763068762554,"pid":66268,"hostname":"Mac.net","reqId":"e8a9ffff-715f-4f87-8a30-dadb72d9e5be","route":"/stream","statusCode":200,"durationMs":0.298417,"msg":"request completed"}
{"level":30,"time":1763068762560,"pid":66268,"hostname":"Mac.net","reqId":"a1c1efac-66f0-495e-a67c-3002db517fae","msg":"SSE client disconnected"}
{"level":30,"time":1763068762565,"pid":66268,"hostname":"Mac.net","reqId":"1e90456b-8817-4adf-8acb-4ecc500a01fc","msg":"SSE client disconnected"}
{"level":30,"time":1763068762565,"pid":66268,"hostname":"Mac.net","reqId":"1e90456b-8817-4adf-8acb-4ecc500a01fc","route":"/stream","statusCode":200,"durationMs":81.829833,"msg":"request completed"}
{"level":30,"time":1763068762577,"pid":66268,"hostname":"Mac.net","reqId":"ddfecdf9-e7bd-4814-93ce-79c4e6e7be41","route":"/stream/cancel","statusCode":404,"durationMs":0.159708,"msg":"request completed"}
{"level":30,"time":1763068762597,"pid":66268,"hostname":"Mac.net","reqId":"a143c0f9-7eef-43df-aacd-ae6bbdba1e1e","msg":"SSE client disconnected"}
{"level":30,"time":1763068762597,"pid":66268,"hostname":"Mac.net","reqId":"a143c0f9-7eef-43df-aacd-ae6bbdba1e1e","route":"/stream","statusCode":200,"durationMs":0.139375,"msg":"request completed"}
{"level":30,"time":1763068762603,"pid":66268,"hostname":"Mac.net","reqId":"5b9f953c-db38-45f4-b4e7-39f9f0d7831b","msg":"SSE client disconnected"}
{"level":30,"time":1763068762609,"pid":66268,"hostname":"Mac.net","reqId":"59934f04-54a5-4fba-a310-9d2436cae694","msg":"SSE client disconnected"}
{"level":30,"time":1763068762609,"pid":66268,"hostname":"Mac.net","reqId":"59934f04-54a5-4fba-a310-9d2436cae694","route":"/stream","statusCode":200,"durationMs":81.778583,"msg":"request completed"}
{"level":30,"time":1763068762618,"pid":66268,"hostname":"Mac.net","reqId":"69072bad-6c03-489a-bbc1-9d6cffe4ddc9","route":"/stream/cancel","statusCode":404,"durationMs":0.144333,"msg":"request completed"}
{"level":30,"time":1763068762640,"pid":66268,"hostname":"Mac.net","reqId":"a5ec338b-cb63-4bb8-8131-f9723abf9cb5","msg":"SSE client disconnected"}
{"level":30,"time":1763068762640,"pid":66268,"hostname":"Mac.net","reqId":"a5ec338b-cb63-4bb8-8131-f9723abf9cb5","route":"/stream","statusCode":200,"durationMs":0.136167,"msg":"request completed"}
{"level":30,"time":1763068762645,"pid":66268,"hostname":"Mac.net","reqId":"29278358-ab41-4a8c-bf61-579614edf3cf","msg":"SSE client disconnected"}
{"level":30,"time":1763068762651,"pid":66268,"hostname":"Mac.net","reqId":"923cf48d-7faa-4565-9cb1-8eee644c2373","msg":"SSE client disconnected"}
{"level":30,"time":1763068762651,"pid":66268,"hostname":"Mac.net","reqId":"923cf48d-7faa-4565-9cb1-8eee644c2373","route":"/stream","statusCode":200,"durationMs":80.847083,"msg":"request completed"}
{"level":30,"time":1763068762661,"pid":66268,"hostname":"Mac.net","reqId":"640bf4c6-5f71-48f5-8320-b5f347e99662","route":"/stream/cancel","statusCode":404,"durationMs":0.347666,"msg":"request completed"}
{"level":30,"time":1763068762683,"pid":66268,"hostname":"Mac.net","reqId":"4ca4b5a4-c05f-48c3-8615-f1e901aa9f84","msg":"SSE client disconnected"}
{"level":30,"time":1763068762683,"pid":66268,"hostname":"Mac.net","reqId":"4ca4b5a4-c05f-48c3-8615-f1e901aa9f84","route":"/stream","statusCode":200,"durationMs":0.258417,"msg":"request completed"}
{"level":30,"time":1763068762695,"pid":66268,"hostname":"Mac.net","reqId":"6a76b201-3d4f-447e-8677-5ebf8f577a18","msg":"SSE client disconnected"}
{"level":30,"time":1763068762696,"pid":66268,"hostname":"Mac.net","reqId":"6a76b201-3d4f-447e-8677-5ebf8f577a18","route":"/stream","statusCode":200,"durationMs":82.295084,"msg":"request completed"}
{"level":30,"time":1763068762736,"pid":66268,"hostname":"Mac.net","reqId":"24adc541-1ac0-4967-99ca-2b64319fb8cc","msg":"SSE client disconnected"}
{"level":30,"time":1763068762736,"pid":66268,"hostname":"Mac.net","reqId":"24adc541-1ac0-4967-99ca-2b64319fb8cc","route":"/stream","statusCode":200,"durationMs":81.589083,"msg":"request completed"}
{"level":30,"time":1763068762784,"pid":66268,"hostname":"Mac.net","reqId":"97099179-6664-4295-a5d4-af66bbcbf8c9","route":"/test/inflight_stats","statusCode":200,"durationMs":0.131208,"msg":"request completed"}
stdout | tests/sse.soak.test.ts > SSE Soak Test (500 cycles) > 500 mixed cycles end with inflight=0, underflows=0
  40/100 cycles complete, inflight: 0, underflows: 0

{"level":30,"time":1763068762789,"pid":66268,"hostname":"Mac.net","reqId":"09a59c3a-e303-4ca8-be18-3086a33719aa","msg":"SSE client disconnected"}
{"level":30,"time":1763068762804,"pid":66268,"hostname":"Mac.net","reqId":"09c52102-8d6b-4971-854b-946d2b5d0e45","route":"/stream/cancel","statusCode":404,"durationMs":0.151375,"msg":"request completed"}
{"level":30,"time":1763068762826,"pid":66268,"hostname":"Mac.net","reqId":"1827bded-393b-4784-a3e9-6f349c1440e3","msg":"SSE client disconnected"}
{"level":30,"time":1763068762826,"pid":66268,"hostname":"Mac.net","reqId":"1827bded-393b-4784-a3e9-6f349c1440e3","route":"/stream","statusCode":200,"durationMs":0.171083,"msg":"request completed"}
{"level":30,"time":1763068762832,"pid":66268,"hostname":"Mac.net","reqId":"7eeace97-be45-4a5b-a893-5d38decad873","msg":"SSE client disconnected"}
{"level":30,"time":1763068762849,"pid":66268,"hostname":"Mac.net","reqId":"86586bcd-c5ac-40b3-acf3-c900e0a72d15","route":"/stream/cancel","statusCode":404,"durationMs":0.186834,"msg":"request completed"}
{"level":30,"time":1763068762870,"pid":66268,"hostname":"Mac.net","reqId":"6afd92a7-5373-4424-ab22-0b54466f576e","msg":"SSE client disconnected"}
{"level":30,"time":1763068762870,"pid":66268,"hostname":"Mac.net","reqId":"6afd92a7-5373-4424-ab22-0b54466f576e","route":"/stream","statusCode":200,"durationMs":0.332959,"msg":"request completed"}
{"level":30,"time":1763068762878,"pid":66268,"hostname":"Mac.net","reqId":"8a2ef863-9efa-4964-af4e-32725e77734c","msg":"SSE client disconnected"}
{"level":30,"time":1763068762878,"pid":66268,"hostname":"Mac.net","reqId":"002d5d52-07e3-4ae7-a001-828c0e5ec6a9","msg":"SSE client disconnected"}
{"level":30,"time":1763068762878,"pid":66268,"hostname":"Mac.net","reqId":"002d5d52-07e3-4ae7-a001-828c0e5ec6a9","route":"/stream","statusCode":200,"durationMs":79.468875,"msg":"request completed"}
{"level":30,"time":1763068762894,"pid":66268,"hostname":"Mac.net","reqId":"2344fb47-13cc-4c71-82ee-a3f558c97361","route":"/stream/cancel","statusCode":404,"durationMs":0.143708,"msg":"request completed"}
{"level":30,"time":1763068762914,"pid":66268,"hostname":"Mac.net","reqId":"0c6614a8-0eee-4953-8c32-1990b2641645","msg":"SSE client disconnected"}
{"level":30,"time":1763068762914,"pid":66268,"hostname":"Mac.net","reqId":"0c6614a8-0eee-4953-8c32-1990b2641645","route":"/stream","statusCode":200,"durationMs":0.134292,"msg":"request completed"}
{"level":30,"time":1763068762920,"pid":66268,"hostname":"Mac.net","reqId":"585e918e-116f-43d4-8014-3622918976f5","msg":"SSE client disconnected"}
{"level":30,"time":1763068762925,"pid":66268,"hostname":"Mac.net","reqId":"64d9bcf2-7a85-4e39-a094-c16292d33c6a","msg":"SSE client disconnected"}
{"level":30,"time":1763068762925,"pid":66268,"hostname":"Mac.net","reqId":"64d9bcf2-7a85-4e39-a094-c16292d33c6a","route":"/stream","statusCode":200,"durationMs":82.238208,"msg":"request completed"}
{"level":30,"time":1763068762938,"pid":66268,"hostname":"Mac.net","reqId":"b1f58622-f866-41b9-a1b5-97d08dc84686","route":"/stream/cancel","statusCode":404,"durationMs":0.328083,"msg":"request completed"}
{"level":30,"time":1763068762958,"pid":66268,"hostname":"Mac.net","reqId":"54a2477a-a9a1-4f79-8ebd-a23d363680d8","msg":"SSE client disconnected"}
{"level":30,"time":1763068762958,"pid":66268,"hostname":"Mac.net","reqId":"54a2477a-a9a1-4f79-8ebd-a23d363680d8","route":"/stream","statusCode":200,"durationMs":0.126542,"msg":"request completed"}
{"level":30,"time":1763068762963,"pid":66268,"hostname":"Mac.net","reqId":"ad92df19-b512-4349-8ba7-2d9171ca10b3","msg":"SSE client disconnected"}
{"level":30,"time":1763068762969,"pid":66268,"hostname":"Mac.net","reqId":"753ad76a-a406-4c16-9a79-05c50cdc57a7","msg":"SSE client disconnected"}
{"level":30,"time":1763068762969,"pid":66268,"hostname":"Mac.net","reqId":"753ad76a-a406-4c16-9a79-05c50cdc57a7","route":"/stream","statusCode":200,"durationMs":80.548,"msg":"request completed"}
{"level":30,"time":1763068762979,"pid":66268,"hostname":"Mac.net","reqId":"f4d17519-3c32-468c-ad83-4e627442ccc2","route":"/stream/cancel","statusCode":404,"durationMs":0.210958,"msg":"request completed"}
 ✓ tests/run.scm-lite.integration.test.ts (4 tests) 1618ms
   ✓ POST /v1/run with SCM-Lite enabled > produces deterministic response_hash and bma_hash with fixed seed  589ms
   ✓ POST /v1/run with SCM-Lite enabled > returns valid report.v1 contract with summary.bands  362ms
   ✓ POST /v1/run with SCM-Lite enabled > rejects graph exceeding max nodes  328ms
   ✓ POST /v1/run rate-limit parity with SCM-Lite > returns 429 with proper headers after exceeding rate limit  339ms
{"level":30,"time":1763068763000,"pid":66268,"hostname":"Mac.net","reqId":"0dfebe56-c40b-49f7-bd66-7f5c91fd0a8d","msg":"SSE client disconnected"}
{"level":30,"time":1763068763000,"pid":66268,"hostname":"Mac.net","reqId":"0dfebe56-c40b-49f7-bd66-7f5c91fd0a8d","route":"/stream","statusCode":200,"durationMs":0.127583,"msg":"request completed"}
{"level":30,"time":1763068763005,"pid":66268,"hostname":"Mac.net","reqId":"54ca6503-dcf0-4eba-bbe6-e499a148dcdf","msg":"SSE client disconnected"}
{"level":30,"time":1763068763014,"pid":66268,"hostname":"Mac.net","reqId":"0447b1b4-2a40-4656-ad2d-a0fe52d98687","msg":"SSE client disconnected"}
{"level":30,"time":1763068763014,"pid":66268,"hostname":"Mac.net","reqId":"0447b1b4-2a40-4656-ad2d-a0fe52d98687","route":"/stream","statusCode":200,"durationMs":82.518959,"msg":"request completed"}
{"level":30,"time":1763068763020,"pid":66268,"hostname":"Mac.net","reqId":"7215a673-8845-43d0-96f5-5f5b90431b2e","route":"/stream/cancel","statusCode":404,"durationMs":0.162834,"msg":"request completed"}
{"level":30,"time":1763068763042,"pid":66268,"hostname":"Mac.net","reqId":"419f9f04-9ffd-4db3-8d27-171f165262d3","msg":"SSE client disconnected"}
{"level":30,"time":1763068763042,"pid":66268,"hostname":"Mac.net","reqId":"419f9f04-9ffd-4db3-8d27-171f165262d3","route":"/stream","statusCode":200,"durationMs":0.133917,"msg":"request completed"}
{"level":30,"time":1763068763047,"pid":66268,"hostname":"Mac.net","reqId":"c4d6e39f-cd9b-45f0-adda-d46fd414cbd5","msg":"SSE client disconnected"}
{"level":30,"time":1763068763054,"pid":66268,"hostname":"Mac.net","reqId":"a3aa0025-4588-42ea-8d27-f2b283f6dd6a","msg":"SSE client disconnected"}
{"level":30,"time":1763068763054,"pid":66268,"hostname":"Mac.net","reqId":"a3aa0025-4588-42ea-8d27-f2b283f6dd6a","route":"/stream","statusCode":200,"durationMs":81.464042,"msg":"request completed"}
{"level":30,"time":1763068763064,"pid":66268,"hostname":"Mac.net","reqId":"7083f888-fa34-42d7-a829-72950c90b144","route":"/stream/cancel","statusCode":404,"durationMs":0.125459,"msg":"request completed"}
{"level":30,"time":1763068763096,"pid":66268,"hostname":"Mac.net","reqId":"dbcd1f4c-bc9c-4906-96c8-0977dc3dd658","msg":"SSE client disconnected"}
{"level":30,"time":1763068763096,"pid":66268,"hostname":"Mac.net","reqId":"dbcd1f4c-bc9c-4906-96c8-0977dc3dd658","route":"/stream","statusCode":200,"durationMs":81.424333,"msg":"request completed"}
{"level":30,"time":1763068763139,"pid":66268,"hostname":"Mac.net","reqId":"e89f5bfa-2beb-41be-974b-45a4f8e5f38c","msg":"SSE client disconnected"}
{"level":30,"time":1763068763140,"pid":66268,"hostname":"Mac.net","reqId":"e89f5bfa-2beb-41be-974b-45a4f8e5f38c","route":"/stream","statusCode":200,"durationMs":82.215584,"msg":"request completed"}
{"level":30,"time":1763068763184,"pid":66268,"hostname":"Mac.net","reqId":"61f2786a-a332-4d88-8a5a-3b1bf1001975","route":"/test/inflight_stats","statusCode":200,"durationMs":0.183666,"msg":"request completed"}
stdout | tests/sse.soak.test.ts > SSE Soak Test (500 cycles) > 500 mixed cycles end with inflight=0, underflows=0
  60/100 cycles complete, inflight: 0, underflows: 0

{"level":30,"time":1763068763185,"pid":66268,"hostname":"Mac.net","reqId":"a2c88367-f824-419e-a66d-f3c4ceedebd0","msg":"SSE client disconnected"}
{"level":30,"time":1763068763185,"pid":66268,"hostname":"Mac.net","reqId":"a2c88367-f824-419e-a66d-f3c4ceedebd0","route":"/stream","statusCode":200,"durationMs":0.110084,"msg":"request completed"}
{"level":30,"time":1763068763191,"pid":66268,"hostname":"Mac.net","reqId":"aa73718e-84a7-4c67-9b6b-c9c9e62c02aa","msg":"SSE client disconnected"}
{"level":30,"time":1763068763206,"pid":66268,"hostname":"Mac.net","reqId":"048edeee-629b-4694-add9-af5c1fc2712d","route":"/stream/cancel","statusCode":404,"durationMs":0.130125,"msg":"request completed"}
{"level":30,"time":1763068763227,"pid":66268,"hostname":"Mac.net","reqId":"e6ff9a9c-cbf7-41d2-bcd9-632f5f6b2342","msg":"SSE client disconnected"}
{"level":30,"time":1763068763227,"pid":66268,"hostname":"Mac.net","reqId":"e6ff9a9c-cbf7-41d2-bcd9-632f5f6b2342","route":"/stream","statusCode":200,"durationMs":0.118583,"msg":"request completed"}
{"level":30,"time":1763068763234,"pid":66268,"hostname":"Mac.net","reqId":"e56b79b0-2384-4747-953b-b3b2871d7f72","msg":"SSE client disconnected"}
{"level":30,"time":1763068763251,"pid":66268,"hostname":"Mac.net","reqId":"677dea7a-d16d-4742-9cc2-e51ec24aedd3","route":"/stream/cancel","statusCode":404,"durationMs":0.127334,"msg":"request completed"}
{"level":30,"time":1763068763271,"pid":66268,"hostname":"Mac.net","reqId":"9dee8798-278e-4bc3-90cc-10fd80738872","msg":"SSE client disconnected"}
{"level":30,"time":1763068763271,"pid":66268,"hostname":"Mac.net","reqId":"9dee8798-278e-4bc3-90cc-10fd80738872","route":"/stream","statusCode":200,"durationMs":0.145292,"msg":"request completed"}
{"level":30,"time":1763068763278,"pid":66268,"hostname":"Mac.net","reqId":"5aec3e26-1b2e-4ab7-ad1a-1d15122693fb","msg":"SSE client disconnected"}
{"level":30,"time":1763068763284,"pid":66268,"hostname":"Mac.net","reqId":"4b0a48fa-bcd4-44f1-bfa7-8a15d0ba6bf2","msg":"SSE client disconnected"}
{"level":30,"time":1763068763285,"pid":66268,"hostname":"Mac.net","reqId":"4b0a48fa-bcd4-44f1-bfa7-8a15d0ba6bf2","route":"/stream","statusCode":200,"durationMs":83.17175,"msg":"request completed"}
{"level":30,"time":1763068763295,"pid":66268,"hostname":"Mac.net","reqId":"4b666fe9-ddad-4d0f-8db4-a46b21a422e4","route":"/stream/cancel","statusCode":404,"durationMs":0.259208,"msg":"request completed"}
{"level":30,"time":1763068763316,"pid":66268,"hostname":"Mac.net","reqId":"bb29cabd-bcff-40f4-b13b-c9dc65bc6712","msg":"SSE client disconnected"}
{"level":30,"time":1763068763316,"pid":66268,"hostname":"Mac.net","reqId":"bb29cabd-bcff-40f4-b13b-c9dc65bc6712","route":"/stream","statusCode":200,"durationMs":0.12125,"msg":"request completed"}
{"level":30,"time":1763068763323,"pid":66268,"hostname":"Mac.net","reqId":"5267b023-6a53-473e-957b-a6a753157f26","msg":"SSE client disconnected"}
{"level":30,"time":1763068763325,"pid":66268,"hostname":"Mac.net","reqId":"2d8f5720-aa99-43c9-8ca7-78ad567ee221","msg":"SSE client disconnected"}
{"level":30,"time":1763068763325,"pid":66268,"hostname":"Mac.net","reqId":"2d8f5720-aa99-43c9-8ca7-78ad567ee221","route":"/stream","statusCode":200,"durationMs":80.40125,"msg":"request completed"}
{"level":30,"time":1763068763340,"pid":66268,"hostname":"Mac.net","reqId":"7122b77d-ce63-45c1-9cf9-7bcc62093ef2","route":"/stream/cancel","statusCode":404,"durationMs":0.1185,"msg":"request completed"}
{"level":30,"time":1763068763360,"pid":66268,"hostname":"Mac.net","reqId":"2a5f3a20-8d5c-45e4-854b-954730754949","msg":"SSE client disconnected"}
{"level":30,"time":1763068763360,"pid":66268,"hostname":"Mac.net","reqId":"2a5f3a20-8d5c-45e4-854b-954730754949","route":"/stream","statusCode":200,"durationMs":0.095333,"msg":"request completed"}
{"level":30,"time":1763068763366,"pid":66268,"hostname":"Mac.net","reqId":"5f02d7c4-2bc8-4081-aab7-fcdb79a80e0f","msg":"SSE client disconnected"}
{"level":30,"time":1763068763369,"pid":66268,"hostname":"Mac.net","reqId":"3c65301f-6f45-4bbd-9cb2-de6be11b1efd","msg":"SSE client disconnected"}
{"level":30,"time":1763068763369,"pid":66268,"hostname":"Mac.net","reqId":"3c65301f-6f45-4bbd-9cb2-de6be11b1efd","route":"/stream","statusCode":200,"durationMs":80.76425,"msg":"request completed"}
{"level":30,"time":1763068763382,"pid":66268,"hostname":"Mac.net","reqId":"71a3ad38-56c7-4e34-9f79-6ddcc433265b","route":"/stream/cancel","statusCode":404,"durationMs":0.113084,"msg":"request completed"}
{"level":30,"time":1763068763403,"pid":66268,"hostname":"Mac.net","reqId":"0199b485-3e2a-4089-bda9-de9f72d3a8a6","msg":"SSE client disconnected"}
{"level":30,"time":1763068763403,"pid":66268,"hostname":"Mac.net","reqId":"0199b485-3e2a-4089-bda9-de9f72d3a8a6","route":"/stream","statusCode":200,"durationMs":0.308917,"msg":"request completed"}
{"level":30,"time":1763068763410,"pid":66268,"hostname":"Mac.net","reqId":"0446b814-7588-42cb-8633-1fec7f322846","msg":"SSE client disconnected"}
{"level":30,"time":1763068763416,"pid":66268,"hostname":"Mac.net","reqId":"7725a8c3-fe7c-4cd2-b3c7-b6cae6943a38","msg":"SSE client disconnected"}
{"level":30,"time":1763068763416,"pid":66268,"hostname":"Mac.net","reqId":"7725a8c3-fe7c-4cd2-b3c7-b6cae6943a38","route":"/stream","statusCode":200,"durationMs":83.022042,"msg":"request completed"}
{"level":30,"time":1763068763426,"pid":66268,"hostname":"Mac.net","reqId":"5521cfda-2510-4048-97dd-984e08e58238","route":"/stream/cancel","statusCode":404,"durationMs":0.122584,"msg":"request completed"}
{"level":30,"time":1763068763447,"pid":66268,"hostname":"Mac.net","reqId":"6a243970-6462-48cf-853e-f1987cd20089","msg":"SSE client disconnected"}
{"level":30,"time":1763068763447,"pid":66268,"hostname":"Mac.net","reqId":"6a243970-6462-48cf-853e-f1987cd20089","route":"/stream","statusCode":200,"durationMs":0.174292,"msg":"request completed"}
{"level":30,"time":1763068763453,"pid":66268,"hostname":"Mac.net","reqId":"ec76afd8-a657-42c9-99d2-9a19d40c154e","msg":"SSE client disconnected"}
{"level":30,"time":1763068763457,"pid":66268,"hostname":"Mac.net","reqId":"ef110cbf-87a5-41ee-bb0f-633269cb0fe5","msg":"SSE client disconnected"}
{"level":30,"time":1763068763457,"pid":66268,"hostname":"Mac.net","reqId":"ef110cbf-87a5-41ee-bb0f-633269cb0fe5","route":"/stream","statusCode":200,"durationMs":80.260834,"msg":"request completed"}
{"level":30,"time":1763068763503,"pid":66268,"hostname":"Mac.net","reqId":"6d0668e8-cad8-4b84-bcb9-a72e3e2a53ea","msg":"SSE client disconnected"}
{"level":30,"time":1763068763503,"pid":66268,"hostname":"Mac.net","reqId":"6d0668e8-cad8-4b84-bcb9-a72e3e2a53ea","route":"/stream","statusCode":200,"durationMs":82.423834,"msg":"request completed"}
{"level":30,"time":1763068763563,"pid":66268,"hostname":"Mac.net","reqId":"c944d7d7-9d34-44c8-83c6-350b0dbf3178","route":"/test/inflight_stats","statusCode":200,"durationMs":0.126166,"msg":"request completed"}
stdout | tests/sse.soak.test.ts > SSE Soak Test (500 cycles) > 500 mixed cycles end with inflight=0, underflows=0
  80/100 cycles complete, inflight: 0, underflows: 0

{"level":30,"time":1763068763569,"pid":66268,"hostname":"Mac.net","reqId":"1daabc59-178e-4646-a92e-a1f58cb5d6c6","route":"/stream/cancel","statusCode":404,"durationMs":0.091375,"msg":"request completed"}
{"level":30,"time":1763068763590,"pid":66268,"hostname":"Mac.net","reqId":"f8003cf3-e291-4c29-8998-b8ec585c9247","msg":"SSE client disconnected"}
{"level":30,"time":1763068763590,"pid":66268,"hostname":"Mac.net","reqId":"f8003cf3-e291-4c29-8998-b8ec585c9247","route":"/stream","statusCode":200,"durationMs":0.117708,"msg":"request completed"}
{"level":30,"time":1763068763595,"pid":66268,"hostname":"Mac.net","reqId":"723f6e93-7b42-4021-ae40-d8578635864d","msg":"SSE client disconnected"}
{"level":30,"time":1763068763614,"pid":66268,"hostname":"Mac.net","reqId":"8cae4669-49ce-4c50-8bb8-ba5ef81e32d3","route":"/stream/cancel","statusCode":404,"durationMs":0.235416,"msg":"request completed"}
{"level":30,"time":1763068763635,"pid":66268,"hostname":"Mac.net","reqId":"b6e4a11e-8816-42b2-a8c3-1a53044060df","msg":"SSE client disconnected"}
{"level":30,"time":1763068763635,"pid":66268,"hostname":"Mac.net","reqId":"b6e4a11e-8816-42b2-a8c3-1a53044060df","route":"/stream","statusCode":200,"durationMs":0.157625,"msg":"request completed"}
{"level":30,"time":1763068763641,"pid":66268,"hostname":"Mac.net","reqId":"b8d8ad64-bbb3-4775-b544-7d78f7b170b6","msg":"SSE client disconnected"}
{"level":30,"time":1763068763651,"pid":66268,"hostname":"Mac.net","reqId":"96bf3f34-ece3-4a9d-9b7a-e31a8be74eda","msg":"SSE client disconnected"}
{"level":30,"time":1763068763651,"pid":66268,"hostname":"Mac.net","reqId":"96bf3f34-ece3-4a9d-9b7a-e31a8be74eda","route":"/stream","statusCode":200,"durationMs":87.19775,"msg":"request completed"}
 ❯ tests/scm-lite.disabled-warning.test.ts (2 tests | 1 failed) 2253ms
   × SCM-Lite disabled in production mode > returns placeholder results when SCM-Lite is disabled 468ms
     → expected '72b9f78f64c262edd3561b361af252671727f…' to be undefined
   ✓ SCM-Lite disabled in production mode > runs correctly in development mode with SCM-Lite disabled  1783ms
{"level":30,"time":1763068763658,"pid":66268,"hostname":"Mac.net","reqId":"bb27f726-bee1-403f-9bcb-541a040849bb","route":"/stream/cancel","statusCode":404,"durationMs":0.38375,"msg":"request completed"}
{"level":30,"time":1763068763680,"pid":66268,"hostname":"Mac.net","reqId":"3c4cfef7-a7ce-416b-8c33-1af0644cf099","msg":"SSE client disconnected"}
{"level":30,"time":1763068763680,"pid":66268,"hostname":"Mac.net","reqId":"3c4cfef7-a7ce-416b-8c33-1af0644cf099","route":"/stream","statusCode":200,"durationMs":0.117541,"msg":"request completed"}
{"level":30,"time":1763068763686,"pid":66268,"hostname":"Mac.net","reqId":"4d632eee-907e-4e33-82bc-8ba50e61ca77","msg":"SSE client disconnected"}
{"level":30,"time":1763068763691,"pid":66268,"hostname":"Mac.net","reqId":"9bee830d-e8d0-49de-817b-4d3130e6cf28","msg":"SSE client disconnected"}
{"level":30,"time":1763068763691,"pid":66268,"hostname":"Mac.net","reqId":"9bee830d-e8d0-49de-817b-4d3130e6cf28","route":"/stream","statusCode":200,"durationMs":85.282583,"msg":"request completed"}
{"level":30,"time":1763068763701,"pid":66268,"hostname":"Mac.net","reqId":"5a99905b-ddcc-4af9-ac24-7a6d72fa6f19","route":"/stream/cancel","statusCode":404,"durationMs":0.125584,"msg":"request completed"}
{"level":30,"time":1763068763722,"pid":66268,"hostname":"Mac.net","reqId":"e60090bf-c140-44a2-b05e-9326cbdeb908","msg":"SSE client disconnected"}
{"level":30,"time":1763068763722,"pid":66268,"hostname":"Mac.net","reqId":"e60090bf-c140-44a2-b05e-9326cbdeb908","route":"/stream","statusCode":200,"durationMs":0.120625,"msg":"request completed"}
{"level":30,"time":1763068763729,"pid":66268,"hostname":"Mac.net","reqId":"95e35162-f193-4e2c-ab84-393a3f0c3e0d","msg":"SSE client disconnected"}
{"level":30,"time":1763068763732,"pid":66268,"hostname":"Mac.net","reqId":"745abdfe-e913-418c-8413-05f8ae92c7ea","msg":"SSE client disconnected"}
{"level":30,"time":1763068763733,"pid":66268,"hostname":"Mac.net","reqId":"745abdfe-e913-418c-8413-05f8ae92c7ea","route":"/stream","statusCode":200,"durationMs":80.859916,"msg":"request completed"}
{"level":30,"time":1763068763744,"pid":66268,"hostname":"Mac.net","reqId":"5ae3eae0-d2fd-46e1-91c8-ff81cf374c9c","route":"/stream/cancel","statusCode":404,"durationMs":0.310667,"msg":"request completed"}
{"level":30,"time":1763068763765,"pid":66268,"hostname":"Mac.net","reqId":"fde2281d-641f-4a7c-ab4d-24071f20160c","msg":"SSE client disconnected"}
{"level":30,"time":1763068763766,"pid":66268,"hostname":"Mac.net","reqId":"fde2281d-641f-4a7c-ab4d-24071f20160c","route":"/stream","statusCode":200,"durationMs":0.120875,"msg":"request completed"}
{"level":30,"time":1763068763771,"pid":66268,"hostname":"Mac.net","reqId":"e9f4d44a-e28c-4194-9431-9cd160ca9e46","msg":"SSE client disconnected"}
{"level":30,"time":1763068763778,"pid":66268,"hostname":"Mac.net","reqId":"9831b0f0-9004-466b-9f85-dbaf0bad98f0","msg":"SSE client disconnected"}
{"level":30,"time":1763068763778,"pid":66268,"hostname":"Mac.net","reqId":"9831b0f0-9004-466b-9f85-dbaf0bad98f0","route":"/stream","statusCode":200,"durationMs":82.151291,"msg":"request completed"}
{"level":30,"time":1763068763788,"pid":66268,"hostname":"Mac.net","reqId":"1bbb278c-b45e-4c24-b513-b4685649c719","route":"/stream/cancel","statusCode":404,"durationMs":0.201542,"msg":"request completed"}
{"level":30,"time":1763068763810,"pid":66268,"hostname":"Mac.net","reqId":"f8a31b72-ad02-4702-b172-6c97ef8729d9","msg":"SSE client disconnected"}
{"level":30,"time":1763068763810,"pid":66268,"hostname":"Mac.net","reqId":"f8a31b72-ad02-4702-b172-6c97ef8729d9","route":"/stream","statusCode":200,"durationMs":0.122292,"msg":"request completed"}
{"level":30,"time":1763068763815,"pid":66268,"hostname":"Mac.net","reqId":"3d4e31bf-700d-40fc-9693-83927d4df206","msg":"SSE client disconnected"}
{"level":30,"time":1763068763820,"pid":66268,"hostname":"Mac.net","reqId":"3fdde548-0638-42a9-bdf7-9bb935356e16","msg":"SSE client disconnected"}
{"level":30,"time":1763068763820,"pid":66268,"hostname":"Mac.net","reqId":"3fdde548-0638-42a9-bdf7-9bb935356e16","route":"/stream","statusCode":200,"durationMs":81.46975,"msg":"request completed"}
{"level":30,"time":1763068763832,"pid":66268,"hostname":"Mac.net","reqId":"b5ed6222-751e-4691-bfa9-1d2e06a8838e","route":"/stream/cancel","statusCode":404,"durationMs":0.127917,"msg":"request completed"}
{"level":30,"time":1763068763854,"pid":66268,"hostname":"Mac.net","reqId":"df728148-457a-4ebe-9349-c2223dc2d80d","msg":"SSE client disconnected"}
{"level":30,"time":1763068763854,"pid":66268,"hostname":"Mac.net","reqId":"df728148-457a-4ebe-9349-c2223dc2d80d","route":"/stream","statusCode":200,"durationMs":0.237333,"msg":"request completed"}
{"level":30,"time":1763068763862,"pid":66268,"hostname":"Mac.net","reqId":"694c7523-f398-43d0-81f7-ed494a9822f3","msg":"SSE client disconnected"}
{"level":30,"time":1763068763862,"pid":66268,"hostname":"Mac.net","reqId":"694c7523-f398-43d0-81f7-ed494a9822f3","route":"/stream","statusCode":200,"durationMs":81.030084,"msg":"request completed"}
{"level":30,"time":1763068763907,"pid":66268,"hostname":"Mac.net","reqId":"c79ab4ca-0085-4382-8f1e-9d54f91787fb","msg":"SSE client disconnected"}
{"level":30,"time":1763068763907,"pid":66268,"hostname":"Mac.net","reqId":"c79ab4ca-0085-4382-8f1e-9d54f91787fb","route":"/stream","statusCode":200,"durationMs":81.418958,"msg":"request completed"}
{"level":30,"time":1763068763955,"pid":66268,"hostname":"Mac.net","reqId":"3d23c7bd-fb22-4509-9a7c-7d2ca3c87a97","route":"/test/inflight_stats","statusCode":200,"durationMs":0.127833,"msg":"request completed"}
stdout | tests/sse.soak.test.ts > SSE Soak Test (500 cycles) > 500 mixed cycles end with inflight=0, underflows=0
  100/100 cycles complete, inflight: 0, underflows: 0

{"level":30,"time":1763068764455,"pid":66268,"hostname":"Mac.net","reqId":"9c39345c-7312-4943-80c9-921d1f890529","route":"/test/inflight_stats","statusCode":200,"durationMs":0.133583,"msg":"request completed"}
stdout | tests/sse.soak.test.ts > SSE Soak Test (500 cycles) > 500 mixed cycles end with inflight=0, underflows=0

📋 Final Stats:
  - Cycles: 100
  - Final inflight: 0
  - Underflows: 0

✅ All 100 SSE cycles balanced


{"level":40,"time":1763068764456,"pid":66475,"hostname":"Mac.net","reqId":"3a22a921-e81f-419d-8258-d39a85b7c869","evt":"throttle","id":"3a22a921-e81f-419d-8258-d39a85b7c869","route":"/v1/run","rpm":60,"reason":"rate_limit"}
{"level":30,"time":1763068764456,"pid":66475,"hostname":"Mac.net","reqId":"3a22a921-e81f-419d-8258-d39a85b7c869","route":"/v1/run","statusCode":429,"durationMs":0.286292,"msg":"request completed"}
 ✓ tests/idempotency-early-exit.test.ts (3 tests) 2189ms
   ✓ Idempotency: Early-Exit Cleanup (P0) > confirms 429 clears inflight (regression check)  2039ms
 ✓ tests/env-validation.test.ts (7 tests) 2550ms
   ✓ Environment Validation > succeeds with valid environment  2007ms
 ✓ tests/option-compare.test.ts (5 tests) 1688ms
   ✓ Option Compare (P1A) > includes debug.compare when include_debug=true and flag enabled  347ms
   ✓ Option Compare (P1A) > omits debug.compare when include_debug=false  328ms
   ✓ Option Compare (P1A) > omits debug.compare when include_debug not specified  334ms
   ✓ Option Compare (P1A) > response_hash unchanged with/without include_debug  338ms
   ✓ Option Compare (P1A) > deterministic: same seed produces same top3_edges order  340ms
 ✓ tests/idempotency.run.test.ts (2 tests) 454ms
 ✓ tests/inspector.test.ts (5 tests) 1706ms
   ✓ Inspector (P1B) > includes debug.inspector when include_debug=true and flag enabled  350ms
   ✓ Inspector (P1B) > applies defaults when belief/provenance omitted  335ms
   ✓ Inspector (P1B) > omits debug.inspector when include_debug=false  337ms
   ✓ Inspector (P1B) > omits debug.inspector when include_debug not specified  338ms
   ✓ Inspector (P1B) > response_hash unchanged with/without include_debug  346ms
 ✓ tests/stream.heartbeat.cleanup.test.ts (2 tests) 3418ms
   ✓ SSE heartbeat cleanup (no timer leak) > opens and closes stream N times without timer leak  722ms
   ✓ SSE heartbeat cleanup (no timer leak) > handles abrupt socket close and clears heartbeat timer  2504ms
{"level":30,"time":1763068765558,"pid":66759,"hostname":"Mac.net","msg":"Server listening at http://127.0.0.1:4399"}
{"level":30,"time":1763068765572,"pid":66759,"hostname":"Mac.net","reqId":"9d812a73-ce8c-4b0f-928d-7993f72c16d5","route":"/test/inflight","statusCode":200,"durationMs":2.801458,"msg":"request completed"}
{"level":30,"time":1763068765576,"pid":66759,"hostname":"Mac.net","reqId":"e58b705e-2276-4ccb-994d-ba737cac63d6","route":"/test/inflight","statusCode":403,"durationMs":0.2465,"msg":"request completed"}
{"level":30,"time":1763068765577,"pid":66759,"hostname":"Mac.net","reqId":"2f86f7cc-5649-43c4-be67-674eb61f98d7","route":"/test/inflight_stats","statusCode":200,"durationMs":0.114875,"msg":"request completed"}
{"level":30,"time":1763068765580,"pid":66759,"hostname":"Mac.net","reqId":"cc00d348-eb60-4d5b-815b-804ee28c67f0","route":"/test/inflight","statusCode":200,"durationMs":0.337458,"msg":"request completed"}
{"level":30,"time":1763068765582,"pid":66759,"hostname":"Mac.net","reqId":"1d732fde-51d3-4bf5-b13a-a2456cdef550","msg":"SSE client disconnected"}
{"level":30,"time":1763068765582,"pid":66759,"hostname":"Mac.net","reqId":"1d732fde-51d3-4bf5-b13a-a2456cdef550","route":"/stream","statusCode":200,"durationMs":0.951541,"msg":"request completed"}
 ✓ tests/shape-rejection.ui-extras.test.ts (3 tests) 1026ms
   ✓ P0: UI field rejection > rejects node with UI-editor field (data)  357ms
   ✓ P0: UI field rejection > rejects edge with UI-editor field (source)  334ms
   ✓ P0: UI field rejection > accepts valid graph without UI fields  334ms
{"level":30,"time":1763068765684,"pid":66759,"hostname":"Mac.net","reqId":"e58b6cf7-54d2-4cdf-a831-2febc3b2827c","route":"/test/inflight","statusCode":200,"durationMs":0.210042,"msg":"request completed"}
{"level":30,"time":1763068765685,"pid":66759,"hostname":"Mac.net","reqId":"4dbb9fae-d970-44c0-ac05-f7c532b9ed62","route":"/test/inflight_stats","statusCode":200,"durationMs":0.12925,"msg":"request completed"}
{"level":30,"time":1763068765686,"pid":66759,"hostname":"Mac.net","reqId":"0939130b-abf6-4720-8643-0f302aa95588","route":"/test/inflight_stats","statusCode":200,"durationMs":0.082167,"msg":"request completed"}
{"level":30,"time":1763068765715,"pid":66759,"hostname":"Mac.net","reqId":"e5b72ce1-b654-47d1-bdce-fbb2caa3ace7","msg":"SSE client disconnected"}
 ✓ tests/rate-limit.clarity.test.ts (2 tests) 988ms
   ✓ 429 clarity headers > JSON route 429 includes Retry-After and X-RateLimit-Reason; 2xx has no X-RateLimit-Reason  460ms
   ✓ 429 clarity headers > SSE 429 includes Retry-After and X-RateLimit-Reason  528ms
{"level":30,"time":1763068765917,"pid":66759,"hostname":"Mac.net","reqId":"28b1a214-2240-4f4b-975d-bb04026c45d1","route":"/test/inflight_stats","statusCode":200,"durationMs":0.3275,"msg":"request completed"}
{"level":30,"time":1763068765918,"pid":66759,"hostname":"Mac.net","reqId":"7e7f3628-941f-4278-b5db-fc60828c82b8","route":"/test/inflight","statusCode":200,"durationMs":0.2205,"msg":"request completed"}
{"level":30,"time":1763068765919,"pid":66759,"hostname":"Mac.net","reqId":"d1b65a44-bd2d-4fed-b579-e09de9d51ff7","route":"/test/inflight","statusCode":200,"durationMs":0.171875,"msg":"request completed"}
{"level":30,"time":1763068765920,"pid":66759,"hostname":"Mac.net","reqId":"12d1dc8f-c8f9-4f00-bb8a-031c46e979bd","route":"/test/inflight_stats","statusCode":200,"durationMs":0.42425,"msg":"request completed"}
{"level":30,"time":1763068765922,"pid":66759,"hostname":"Mac.net","reqId":"b24e2a10-a673-4a05-b1e5-57039c3c4859","route":"/test/inflight_stats","statusCode":200,"durationMs":0.186459,"msg":"request completed"}
{"level":30,"time":1763068765923,"pid":66759,"hostname":"Mac.net","reqId":"6c304d97-5f3a-4a8e-91da-cf2f69e80a5d","route":"/test/inflight_stats","statusCode":200,"durationMs":0.09,"msg":"request completed"}
{"level":30,"time":1763068765924,"pid":66759,"hostname":"Mac.net","reqId":"63772c6a-05ae-427d-a3d6-8a15eb99ddbf","msg":"SSE client disconnected"}
{"level":30,"time":1763068765924,"pid":66759,"hostname":"Mac.net","reqId":"63772c6a-05ae-427d-a3d6-8a15eb99ddbf","route":"/stream","statusCode":200,"durationMs":0.189542,"msg":"request completed"}
{"level":30,"time":1763068765931,"pid":66759,"hostname":"Mac.net","reqId":"13dee7f2-c58a-459d-8d9b-9cf4de1c23f2","msg":"SSE client disconnected"}
{"level":30,"time":1763068765939,"pid":66759,"hostname":"Mac.net","reqId":"ee8fffcd-292b-4b66-bcd2-f58734e6d85b","route":"/stream/cancel","statusCode":404,"durationMs":0.725209,"msg":"request completed"}
{"level":30,"time":1763068765961,"pid":66759,"hostname":"Mac.net","reqId":"7f9e8c58-2653-400b-9acf-84d1200153c5","msg":"SSE client disconnected"}
{"level":30,"time":1763068765961,"pid":66759,"hostname":"Mac.net","reqId":"7f9e8c58-2653-400b-9acf-84d1200153c5","route":"/stream","statusCode":200,"durationMs":0.441292,"msg":"request completed"}
{"level":30,"time":1763068765968,"pid":66759,"hostname":"Mac.net","reqId":"9a0eeb50-0b91-415c-ba77-df2c1f68da29","msg":"SSE client disconnected"}
{"level":30,"time":1763068765974,"pid":66759,"hostname":"Mac.net","reqId":"ae6797bf-65a3-4b95-8c4f-fbb05efdb5ca","route":"/stream/cancel","statusCode":404,"durationMs":0.319916,"msg":"request completed"}
{"level":30,"time":1763068765996,"pid":66759,"hostname":"Mac.net","reqId":"b58f7f37-67cb-43ba-89f9-7bedde8d0848","msg":"SSE client disconnected"}
{"level":30,"time":1763068765996,"pid":66759,"hostname":"Mac.net","reqId":"b58f7f37-67cb-43ba-89f9-7bedde8d0848","route":"/stream","statusCode":200,"durationMs":0.261875,"msg":"request completed"}
{"level":30,"time":1763068765997,"pid":66770,"hostname":"Mac.net","msg":"Server listening at http://127.0.0.1:52727"}
{"level":30,"time":1763068766002,"pid":66759,"hostname":"Mac.net","reqId":"b5409091-796f-45d1-a938-aaa5c26e8010","msg":"SSE client disconnected"}
{"level":30,"time":1763068766007,"pid":66759,"hostname":"Mac.net","reqId":"514ca790-465b-495b-8ee6-67d03c8dd14e","route":"/stream/cancel","statusCode":404,"durationMs":0.135333,"msg":"request completed"}
{"level":30,"time":1763068766011,"pid":66759,"hostname":"Mac.net","reqId":"3c1a6f0f-806f-4404-bc6f-c59c04ea0f4a","msg":"SSE client disconnected"}
{"level":30,"time":1763068766011,"pid":66759,"hostname":"Mac.net","reqId":"3c1a6f0f-806f-4404-bc6f-c59c04ea0f4a","route":"/stream","statusCode":200,"durationMs":80.685083,"msg":"request completed"}
{"level":30,"time":1763068766029,"pid":66759,"hostname":"Mac.net","reqId":"4bf37bfe-8704-4f5e-baf7-253e50b615a2","msg":"SSE client disconnected"}
{"level":30,"time":1763068766029,"pid":66759,"hostname":"Mac.net","reqId":"4bf37bfe-8704-4f5e-baf7-253e50b615a2","route":"/stream","statusCode":200,"durationMs":0.28625,"msg":"request completed"}
{"level":30,"time":1763068766048,"pid":66759,"hostname":"Mac.net","reqId":"9374b12d-72f5-4558-b49a-09a5eee37bb2","msg":"SSE client disconnected"}
{"level":30,"time":1763068766048,"pid":66759,"hostname":"Mac.net","reqId":"9374b12d-72f5-4558-b49a-09a5eee37bb2","route":"/stream","statusCode":200,"durationMs":80.077375,"msg":"request completed"}
{"level":30,"time":1763068766085,"pid":66759,"hostname":"Mac.net","reqId":"6cf52bfe-492f-4986-9a5c-bb991505137c","msg":"SSE client disconnected"}
{"level":30,"time":1763068766085,"pid":66759,"hostname":"Mac.net","reqId":"6cf52bfe-492f-4986-9a5c-bb991505137c","route":"/stream","statusCode":200,"durationMs":82.568333,"msg":"request completed"}
 ✓ tests/openapi.dev-route.test.ts (3 tests) 552ms
{"level":30,"time":1763068766331,"pid":66759,"hostname":"Mac.net","reqId":"05ebc35e-3164-4cbf-b750-342302f77f3c","route":"/test/inflight_stats","statusCode":200,"durationMs":0.135875,"msg":"request completed"}
 ✓ tests/inflight.plugin.test.ts (7 tests) 848ms
   ✓ Inflight Plugin: standalone createServer() > P0: 10 mixed SSE cycles end with no underflows  409ms
 ✓ tests/p1-b-sse-helper-demo.test.ts (4 tests) 748ms
 ✓ tests/sdk.helpers.js.test.ts (3 tests) 860ms
   ✓ sdk-js helpers > stream() emits hello→token→done and supports abort  657ms
{"level":30,"time":1763068766607,"pid":66770,"hostname":"Mac.net","reqId":"d379c153-fec9-4c23-b667-cf18d2cc0435","route":"/demo/stream","statusCode":200,"durationMs":606.168,"msg":"request completed"}
 ✓ tests/demo.sse.test.ts (1 test) 687ms
   ✓ demo SSE emits hello/token/done when TEST_ROUTES=1  610ms
{"level":30,"time":1763068766633,"pid":66780,"hostname":"Mac.net","msg":"Server listening at http://127.0.0.1:52761"}
{"level":30,"time":1763068766649,"pid":66780,"hostname":"Mac.net","reqId":"041bc28e-81b0-4a14-ba1e-6b3fcecb0e71","route":"/v1/templates/:id/graph","statusCode":200,"durationMs":2.706458,"msg":"request completed"}
{"level":30,"time":1763068766654,"pid":66780,"hostname":"Mac.net","reqId":"82b34fa3-8cba-4f26-9fe3-1c930043eff3","route":"/v1/templates/:id/graph","statusCode":200,"durationMs":0.414625,"msg":"request completed"}
{"level":30,"time":1763068766685,"pid":66780,"hostname":"Mac.net","reqId":"7d1dcf48-b17b-4e57-b54f-8c1e848e75dc","route":"/v1/run","statusCode":200,"durationMs":27.979125,"msg":"request completed"}
{"level":30,"time":1763068766689,"pid":66780,"hostname":"Mac.net","reqId":"0bf72777-62a7-4cd5-aafb-cc017867ba1e","route":"/v1/run","statusCode":200,"durationMs":1.641875,"msg":"request completed"}
{"level":30,"time":1763068766690,"pid":66780,"hostname":"Mac.net","reqId":"f8887321-3413-4015-b259-9c2c1ee7d67d","route":"/v1/templates/:id/graph","statusCode":200,"durationMs":0.276875,"msg":"request completed"}
{"level":30,"time":1763068766691,"pid":66780,"hostname":"Mac.net","reqId":"4339303d-0840-4966-9a0b-a1e8b7348f86","route":"/v1/validate","statusCode":200,"durationMs":0.42675,"msg":"request completed"}
{"level":30,"time":1763068766692,"pid":66780,"hostname":"Mac.net","reqId":"47f49be9-aa2c-495d-bb62-b3bdd9766364","route":"/v1/templates/:id/graph","statusCode":200,"durationMs":0.180458,"msg":"request completed"}
 ✓ tests/templates/supplier_selection_resilience.test.ts (4 tests) 196ms
 ✓ tests/stream.real.heartbeat.test.ts (1 test) 5077ms
   ✓ Real Stream: heartbeat comment when idle > emits : ping comment within ~1s when idle before tokens  4807ms
 ✓ tests/rate-limit.ipv6.test.ts (2 tests) 657ms
   ✓ Rate Limit: IPv6 support > handles IPv6 loopback address (::1) correctly  366ms
 ✓ tests/stream.disconnect.test.ts (9 tests) 4904ms
   ✓ Stream: disconnect behavior > abrupt disconnect clears timer and decrements current_streams  411ms
   ✓ Stream: disconnect behavior > multiple disconnects do not leak timers or metrics  557ms
   ✓ Stream: disconnect behavior > disconnect during event emission completes gracefully  360ms
   ✓ Stream: disconnect behavior > P0: 200 cycles mix (close/abort/cancel) end at inflight=0 with no underflows  2748ms
 ✓ tests/metrics.shape.test.ts (2 tests) 642ms
   ✓ Metrics endpoint (gated) > absent when METRICS unset  328ms
   ✓ Metrics endpoint (gated) > exposes counters and draft p95s when METRICS=1  314ms
 ✓ tests/privacy.logs.test.ts (1 test) 434ms
 ✓ tests/config.hotreload.test.ts (1 test) 593ms
   ✓ runtime config hot-reload > SIGHUP reload increases sse_per_ip_max from 1 to 2  593ms
 ✓ tests/error.taxonomy.test.ts (7 tests) 459ms
 ✓ tests/determinism.test.ts (8 tests) 286ms
 ✓ tests/request-id.e2e.test.ts (2 tests) 334ms
 ✓ tests/security.json-headers.test.ts (2 tests) 353ms
{"level":30,"time":1763068767550,"pid":66870,"hostname":"Mac.net","msg":"Server listening at http://127.0.0.1:52808"}
{"level":30,"time":1763068767567,"pid":66870,"hostname":"Mac.net","reqId":"b6332dc4-47d1-445a-aa14-42cd0c6922f1","route":"/v1/templates/:id/graph","statusCode":200,"durationMs":2.493667,"msg":"request completed"}
{"level":30,"time":1763068767573,"pid":66870,"hostname":"Mac.net","reqId":"5f90f1d7-7f15-476c-955e-010779ee7fc3","route":"/v1/templates/:id/graph","statusCode":200,"durationMs":0.195,"msg":"request completed"}
{"level":30,"time":1763068767607,"pid":66870,"hostname":"Mac.net","reqId":"936fb19c-b21c-4c04-9b81-3d67578b3c71","route":"/v1/run","statusCode":200,"durationMs":32.315584,"msg":"request completed"}
{"level":30,"time":1763068767609,"pid":66870,"hostname":"Mac.net","reqId":"6111a3b7-729d-4d8d-9f08-e6e0c149b71b","route":"/v1/run","statusCode":200,"durationMs":0.71825,"msg":"request completed"}
{"level":30,"time":1763068767611,"pid":66870,"hostname":"Mac.net","reqId":"9a8cc398-2fb8-444d-9ebb-a928ca9ac81f","route":"/v1/templates/:id/graph","statusCode":200,"durationMs":0.24825,"msg":"request completed"}
{"level":30,"time":1763068767612,"pid":66870,"hostname":"Mac.net","reqId":"fcfd0151-b2eb-4a64-8834-ea37be371f70","route":"/v1/validate","statusCode":200,"durationMs":0.783167,"msg":"request completed"}
{"level":30,"time":1763068767615,"pid":66870,"hostname":"Mac.net","reqId":"a61ad1c3-203f-4464-8cef-bb22497a2108","route":"/v1/templates/:id/graph","statusCode":200,"durationMs":0.246667,"msg":"request completed"}
 ✓ tests/templates/hiring_strategy_tech_lead.test.ts (4 tests) 267ms
{"level":30,"time":1763068767634,"pid":66872,"hostname":"Mac.net","msg":"Server listening at http://127.0.0.1:52813"}
{"level":30,"time":1763068767651,"pid":66872,"hostname":"Mac.net","reqId":"c41275e4-b7fb-495c-b81e-a102cae99044","route":"/v1/health","statusCode":401,"durationMs":1.687792,"msg":"request completed"}
{"level":30,"time":1763068767657,"pid":66872,"hostname":"Mac.net","reqId":"c81eb1ed-0bbb-4bb3-b90b-e196bea03a93","route":"/v1/version","statusCode":401,"durationMs":0.219792,"msg":"request completed"}
{"level":30,"time":1763068767660,"pid":66872,"hostname":"Mac.net","reqId":"b4415e5e-ae49-43e5-9c99-1f278d7c85ec","route":"/v1/run","statusCode":401,"durationMs":0.816125,"msg":"request completed"}
{"level":30,"time":1763068767663,"pid":66872,"hostname":"Mac.net","reqId":"d7470e77-3f0c-4461-bfcc-f9312c98fea2","route":"/v1/counterfactual","statusCode":401,"durationMs":0.934583,"msg":"request completed"}
{"level":30,"time":1763068767665,"pid":66872,"hostname":"Mac.net","reqId":"88c6d08a-2185-406e-9c62-7fec0dd01cea","route":"/v1/critique","statusCode":401,"durationMs":0.376959,"msg":"request completed"}
{"level":30,"time":1763068767666,"pid":66872,"hostname":"Mac.net","reqId":"c7f0c40c-bccb-4dab-a489-12566f365307","route":"/v1/draft","statusCode":401,"durationMs":0.177875,"msg":"request completed"}
{"level":30,"time":1763068767667,"pid":66872,"hostname":"Mac.net","reqId":"039152a4-5899-4cd2-a758-581a21448fdb","route":"/v1/self-check","statusCode":401,"durationMs":0.246292,"msg":"request completed"}
{"level":30,"time":1763068767668,"pid":66872,"hostname":"Mac.net","reqId":"35ac0fef-47b3-4e6f-bc08-801d41e267c7","route":"/v1/health","statusCode":403,"durationMs":0.139292,"msg":"request completed"}
{"level":30,"time":1763068767669,"pid":66872,"hostname":"Mac.net","reqId":"a937021d-5ecd-41fb-a04d-92073f02501a","route":"/v1/version","statusCode":403,"durationMs":0.093375,"msg":"request completed"}
{"level":30,"time":1763068767670,"pid":66872,"hostname":"Mac.net","reqId":"8b73a5f9-e2cf-44d6-9702-620bfc62288e","route":"/v1/run","statusCode":403,"durationMs":0.853167,"msg":"request completed"}
{"level":30,"time":1763068767673,"pid":66872,"hostname":"Mac.net","reqId":"5d73454f-3ce1-4f36-bf8a-19bf02f1cc73","route":"/v1/counterfactual","statusCode":403,"durationMs":0.413958,"msg":"request completed"}
{"level":30,"time":1763068767674,"pid":66872,"hostname":"Mac.net","reqId":"cc16a3b0-4351-4a52-836b-e1dddef82fac","route":"/v1/critique","statusCode":403,"durationMs":0.150167,"msg":"request completed"}
{"level":30,"time":1763068767675,"pid":66872,"hostname":"Mac.net","reqId":"b93aa68b-2e88-4e74-b8da-9d221b73a14f","route":"/v1/draft","statusCode":403,"durationMs":0.183583,"msg":"request completed"}
{"level":30,"time":1763068767676,"pid":66872,"hostname":"Mac.net","reqId":"08a09b57-3100-40dc-8da8-6d93286b5f75","route":"/v1/self-check","statusCode":403,"durationMs":0.12775,"msg":"request completed"}
{"level":30,"time":1763068767677,"pid":66873,"hostname":"Mac.net","msg":"Server listening at http://127.0.0.1:52816"}
{"level":30,"time":1763068767696,"pid":66873,"hostname":"Mac.net","reqId":"edc05f8e-c168-4595-811a-e9527cf28b80","route":"/v1/templates/:id/graph","statusCode":200,"durationMs":3.184583,"msg":"request completed"}
{"level":30,"time":1763068767704,"pid":66873,"hostname":"Mac.net","reqId":"026fc671-f214-4521-94b2-46f4c8569ff9","route":"/v1/templates/:id/graph","statusCode":200,"durationMs":0.498833,"msg":"request completed"}
{"level":30,"time":1763068767705,"pid":66872,"hostname":"Mac.net","reqId":"ca239dc8-b0f8-45f8-8fbf-093877fe5745","route":"/v1/run","statusCode":200,"durationMs":28.249458,"msg":"request completed"}
{"level":30,"time":1763068767708,"pid":66872,"hostname":"Mac.net","reqId":"cd7600ae-3986-4e5c-b640-967fbe10c5a4","route":"/v1/health","statusCode":200,"durationMs":0.508583,"msg":"request completed"}
{"level":30,"time":1763068767709,"pid":66872,"hostname":"Mac.net","reqId":"20c859f8-dbfb-4696-9722-082cdc746b84","route":"/v1/self-check","statusCode":200,"durationMs":0.435041,"msg":"request completed"}
{"level":30,"time":1763068767710,"pid":66872,"hostname":"Mac.net","reqId":"099a594f-846a-4b02-93d6-e2c652b6f7e7","route":"/v1/health","statusCode":200,"durationMs":0.145625,"msg":"request completed"}
{"level":30,"time":1763068767711,"pid":66872,"hostname":"Mac.net","reqId":"b18817c5-717f-4522-8364-ffbd553786f9","route":"/v1/health","statusCode":200,"durationMs":0.275958,"msg":"request completed"}
 ✓ tests/stream.ping.smoke.test.ts (1 test) 6361ms
   ✓ SSE heartbeat ping smoke test > receives comment pings periodically without altering event schema  6007ms
{"level":30,"time":1763068767725,"pid":66872,"hostname":"Mac.net","msg":"Server listening at http://127.0.0.1:52821"}
{"level":30,"time":1763068767731,"pid":66872,"hostname":"Mac.net","reqId":"da218e87-ff41-4f2e-b9a1-3b89b7cf950e","route":"/v1/run","statusCode":200,"durationMs":1.354208,"msg":"request completed"}
{"level":30,"time":1763068767734,"pid":66872,"hostname":"Mac.net","reqId":"40bcc373-f262-4291-a28e-44a8b00968f1","route":"/v1/health","statusCode":200,"durationMs":0.46,"msg":"request completed"}
 ✓ tests/auth.v1.routes.test.ts (21 tests) 228ms
{"level":30,"time":1763068767746,"pid":66873,"hostname":"Mac.net","reqId":"54549c40-7b00-4307-bcbb-01dc920e660f","route":"/v1/run","statusCode":200,"durationMs":37.092583,"msg":"request completed"}
{"level":30,"time":1763068767751,"pid":66873,"hostname":"Mac.net","reqId":"b834495f-4174-44b5-b2dc-0c8ccab3f18a","route":"/v1/run","statusCode":200,"durationMs":1.71825,"msg":"request completed"}
{"level":30,"time":1763068767753,"pid":66873,"hostname":"Mac.net","reqId":"f6449a8c-05a3-41eb-96f0-501a89c51690","route":"/v1/templates/:id/graph","statusCode":200,"durationMs":0.594792,"msg":"request completed"}
{"level":30,"time":1763068767756,"pid":66873,"hostname":"Mac.net","reqId":"6be8d8ca-0a33-4848-a6e9-920f63355fc3","route":"/v1/validate","statusCode":200,"durationMs":0.649625,"msg":"request completed"}
{"level":30,"time":1763068767757,"pid":66873,"hostname":"Mac.net","reqId":"2f81ef69-dd95-475b-986d-1be68b0954c5","route":"/v1/templates/:id/graph","statusCode":200,"durationMs":0.213916,"msg":"request completed"}
 ✓ tests/templates/funding_strategy_runway.test.ts (4 tests) 277ms
{"level":30,"time":1763068767810,"pid":66878,"hostname":"Mac.net","reqId":"1d56ced7-4424-4992-8fc8-0460686ecd46","route":"/v1/health","statusCode":200,"durationMs":4.184875,"msg":"request completed"}
 ✓ tests/sse.soak.test.ts (1 test) 6213ms
   ✓ SSE Soak Test (500 cycles) > 500 mixed cycles end with inflight=0, underflows=0  2601ms
{"level":30,"time":1763068767861,"pid":66878,"hostname":"Mac.net","reqId":"3bff039d-5878-4cc2-bdad-4d1afb927bc1","route":"/v1/run","statusCode":200,"durationMs":30.083834,"msg":"request completed"}
{"level":30,"time":1763068767864,"pid":66878,"hostname":"Mac.net","reqId":"9cb90892-218b-48e9-9759-413f83aaec46","route":"/v1/health","statusCode":200,"durationMs":2.411875,"msg":"request completed"}
 ✓ tests/v1-routes.test.ts (10 tests) 368ms
{"level":30,"time":1763068767906,"pid":66878,"hostname":"Mac.net","reqId":"6308888d-19b8-40b0-90b5-0f62a907d6e9","route":"/v1/health","statusCode":200,"durationMs":0.360417,"msg":"request completed"}
stderr | tests/circuit-breaker.lru.test.ts > PR-2B: BoundedLRU for Principals > exposes LRU config in /v1/health
[CB] RL_CB_PRINCIPAL_TTL_MS set to finite value. Time-spaced bursts may bypass circuit.

{"level":30,"time":1763068767944,"pid":66878,"hostname":"Mac.net","reqId":"3af16360-5c3f-4d77-97dc-5b83828f6412","route":"/v1/run","statusCode":200,"durationMs":0.557417,"msg":"request completed"}
{"level":30,"time":1763068767953,"pid":66881,"hostname":"Mac.net","reqId":"e2ff95a8-55ad-44a0-8198-9da3d8740d96","route":"/metrics","statusCode":200,"durationMs":1.637833,"msg":"request completed"}
{"level":30,"time":1763068767954,"pid":66878,"hostname":"Mac.net","reqId":"dc5a69a7-1dbe-4402-9a42-be3a056f1b09","route":"/v1/run","statusCode":200,"durationMs":9.511209,"msg":"request completed"}
{"level":30,"time":1763068767956,"pid":66878,"hostname":"Mac.net","reqId":"10e43199-47e5-4326-b788-02d87273efbc","route":"/v1/run","statusCode":200,"durationMs":0.797875,"msg":"request completed"}
{"level":30,"time":1763068767957,"pid":66878,"hostname":"Mac.net","reqId":"2189ffe0-6d86-416f-9208-3d23ffb35c57","route":"/v1/health","statusCode":200,"durationMs":0.561166,"msg":"request completed"}
 ✓ tests/extract-principal.integration.test.ts (4 tests) 302ms
{"level":30,"time":1763068767969,"pid":66881,"hostname":"Mac.net","reqId":"5dbd1b18-715e-4573-8d6e-2f21b41feb10","route":"/metrics","statusCode":404,"durationMs":0.227958,"msg":"request completed"}
{"level":30,"time":1763068767986,"pid":66881,"hostname":"Mac.net","reqId":"e86777e7-afc5-4629-a974-f0139d080687","route":"/metrics","statusCode":200,"durationMs":0.186084,"msg":"request completed"}
{"level":30,"time":1763068768027,"pid":66881,"hostname":"Mac.net","reqId":"bd3d5bec-34f0-4738-8ded-c128cc965275","route":"/openapi.json","statusCode":200,"durationMs":1.538791,"msg":"request completed"}
{"level":30,"time":1763068768029,"pid":66881,"hostname":"Mac.net","reqId":"439d0d2c-3adc-4535-9118-c17eb4421ea2","route":"/openapi.json","statusCode":200,"durationMs":1.435334,"msg":"request completed"}
{"level":30,"time":1763068768032,"pid":66881,"hostname":"Mac.net","reqId":"2792db8f-0675-425b-962c-c3627a9c3845","route":"/openapi.json","statusCode":200,"durationMs":1.188167,"msg":"request completed"}
{"level":30,"time":1763068768034,"pid":66881,"hostname":"Mac.net","reqId":"14924c69-f3f2-4c37-9be3-663564445721","route":"/openapi.json","statusCode":200,"durationMs":1.171292,"msg":"request completed"}
{"level":30,"time":1763068768044,"pid":66881,"hostname":"Mac.net","reqId":"15bf9913-0396-4e31-948d-5425372fd46e","route":"/openapi.json","statusCode":200,"durationMs":8.345709,"msg":"request completed"}
{"level":30,"time":1763068768047,"pid":66881,"hostname":"Mac.net","reqId":"bcdf98b8-af72-4b2e-ac32-d2442f915865","route":"/openapi.json","statusCode":200,"durationMs":0.967792,"msg":"request completed"}
{"level":30,"time":1763068768049,"pid":66881,"hostname":"Mac.net","reqId":"0999c17b-362a-4572-aa76-4945c47151c0","route":"/openapi.json","statusCode":200,"durationMs":2.268291,"msg":"request completed"}
{"level":30,"time":1763068768051,"pid":66881,"hostname":"Mac.net","reqId":"c57dcea6-da73-4e41-95ac-91f6823f2b5b","route":"/openapi.json","statusCode":200,"durationMs":1.342291,"msg":"request completed"}
{"level":30,"time":1763068768052,"pid":66881,"hostname":"Mac.net","reqId":"2472c1ad-5bcb-49de-bdf3-c50960c3591c","route":"/openapi.json","statusCode":200,"durationMs":0.901917,"msg":"request completed"}
{"level":30,"time":1763068768053,"pid":66881,"hostname":"Mac.net","reqId":"2cb59f30-a386-47a2-9e4c-c228a1c5d329","route":"/openapi.json","statusCode":200,"durationMs":0.804083,"msg":"request completed"}
{"level":30,"time":1763068768063,"pid":66883,"hostname":"Mac.net","reqId":"9866269d-b4d9-471e-af98-bd4c9ca1437f","route":"/v1/health","statusCode":200,"durationMs":2.4525,"msg":"request completed"}
{"level":30,"time":1763068768068,"pid":66881,"hostname":"Mac.net","reqId":"28ef7288-1bc5-4ab3-a0a5-40280145be64","route":"/openapi.json","statusCode":200,"durationMs":1.578083,"msg":"request completed"}
{"level":30,"time":1763068768070,"pid":66881,"hostname":"Mac.net","reqId":"a7ccafb1-ca3a-47f0-910e-96a2eaa2b08d","route":"/openapi.json","statusCode":200,"durationMs":0.913833,"msg":"request completed"}
{"level":30,"time":1763068768071,"pid":66881,"hostname":"Mac.net","reqId":"fee62193-5701-4501-9217-47328d0a9f35","route":"/openapi.json","statusCode":200,"durationMs":1.060583,"msg":"request completed"}
{"level":30,"time":1763068768073,"pid":66881,"hostname":"Mac.net","reqId":"2127fa5c-41bd-4f6b-bdfe-3d282dea0560","route":"/openapi.json","statusCode":200,"durationMs":0.878833,"msg":"request completed"}
{"level":30,"time":1763068768074,"pid":66881,"hostname":"Mac.net","reqId":"f725448b-110e-4382-9d78-391fc9a51fa3","route":"/openapi.json","statusCode":200,"durationMs":0.704583,"msg":"request completed"}
{"level":30,"time":1763068768075,"pid":66881,"hostname":"Mac.net","reqId":"64904103-843b-4a4d-a8f3-790a424347e2","route":"/openapi.json","statusCode":200,"durationMs":0.845375,"msg":"request completed"}
{"level":30,"time":1763068768076,"pid":66881,"hostname":"Mac.net","reqId":"008e54f9-652f-462a-ba94-976f10aa8a7d","route":"/openapi.json","statusCode":200,"durationMs":0.700125,"msg":"request completed"}
{"level":30,"time":1763068768078,"pid":66881,"hostname":"Mac.net","reqId":"9c292c97-ca41-4f49-8de6-e9a5cdf2d87a","route":"/openapi.json","statusCode":200,"durationMs":0.67375,"msg":"request completed"}
{"level":30,"time":1763068768081,"pid":66881,"hostname":"Mac.net","reqId":"ef7d60ee-9d65-4ca4-83c2-86cda9ec44db","route":"/openapi.json","statusCode":200,"durationMs":2.667667,"msg":"request completed"}
{"level":30,"time":1763068768083,"pid":66881,"hostname":"Mac.net","reqId":"124fbdfe-af27-48e6-a110-a3531d18d1f2","route":"/openapi.json","statusCode":200,"durationMs":1.944792,"msg":"request completed"}
{"level":30,"time":1763068768084,"pid":66881,"hostname":"Mac.net","reqId":"f1f33fab-80e9-41ce-b532-505000e6ab72","route":"/openapi.json","statusCode":429,"durationMs":0.349375,"msg":"request completed"}
 ✓ tests/prometheus-metrics.test.ts (5 tests) 305ms
{"level":30,"time":1763068768138,"pid":66885,"hostname":"Mac.net","msg":"Server listening at http://127.0.0.1:52832"}
{"level":30,"time":1763068768140,"pid":66883,"hostname":"Mac.net","reqId":"404f947f-d34b-4c1e-94e6-79320ae60fde","route":"/v1/run","statusCode":200,"durationMs":48.662667,"msg":"request completed"}
{"level":30,"time":1763068768141,"pid":66883,"hostname":"Mac.net","reqId":"ff2b8be1-ede2-4237-8b13-8de52674e795","route":"/v1/run","statusCode":200,"durationMs":0.467917,"msg":"request completed"}
{"level":30,"time":1763068768141,"pid":66883,"hostname":"Mac.net","reqId":"c4f40f92-85a7-496d-a134-983e82fbaccc","route":"/v1/health","statusCode":200,"durationMs":0.162292,"msg":"request completed"}
{"level":30,"time":1763068768156,"pid":66883,"hostname":"Mac.net","reqId":"8ab88bcd-97e8-4e94-b95f-9cfedd311080","route":"/v1/run","statusCode":200,"durationMs":0.483083,"msg":"request completed"}
{"level":30,"time":1763068768157,"pid":66883,"hostname":"Mac.net","reqId":"24769427-db97-4e8b-9440-093892514e75","route":"/v1/run","statusCode":200,"durationMs":0.349875,"msg":"request completed"}
 ✓ tests/circuit-breaker.lru.test.ts (3 tests) 382ms
{"level":30,"time":1763068768182,"pid":66887,"hostname":"Mac.net","msg":"Server listening at http://127.0.0.1:52836"}
{"level":30,"time":1763068768233,"pid":66885,"hostname":"Mac.net","reqId":"2874e72a-499c-405d-8a68-83f1b491eebd","route":"/v1/run","statusCode":200,"durationMs":58.602459,"msg":"request completed"}
{"level":30,"time":1763068768242,"pid":66885,"hostname":"Mac.net","reqId":"4b348686-1d8f-4931-93bc-702cd5a22b43","route":"/v1/run","statusCode":200,"durationMs":1.461042,"msg":"request completed"}
 ✓ tests/report.contract.test.ts (2 tests) 261ms
{"level":30,"time":1763068768315,"pid":66887,"hostname":"Mac.net","reqId":"82667471-4f20-4b26-83bc-1001fd51607f","route":"/v1/run","statusCode":200,"durationMs":109.107291,"msg":"request completed"}
{"level":30,"time":1763068768329,"pid":66892,"hostname":"Mac.net","reqId":"86292328-0f2f-49d9-88d3-6d47ab0f9761","route":"/v1/health","statusCode":200,"durationMs":2.167625,"msg":"request completed"}
{"level":30,"time":1763068768331,"pid":66887,"hostname":"Mac.net","reqId":"889b4802-e4f0-4d5e-832e-d505592ef1e2","route":"/v1/run","statusCode":200,"durationMs":3.0655,"msg":"request completed"}
{"level":30,"time":1763068768334,"pid":66887,"hostname":"Mac.net","reqId":"5715ebf2-5ce1-4a47-9eb4-ac804727db9c","route":"/v1/run","statusCode":200,"durationMs":0.736791,"msg":"request completed"}
{"level":30,"time":1763068768339,"pid":66887,"hostname":"Mac.net","reqId":"f1e84967-f2a3-42dc-ac81-8f3c02d6b646","route":"/v1/run","statusCode":200,"durationMs":3.006,"msg":"request completed"}
{"level":30,"time":1763068768344,"pid":66887,"hostname":"Mac.net","reqId":"92febc14-b666-4d41-a56f-a5d0d95af51e","route":"/v1/run","statusCode":200,"durationMs":3.565333,"msg":"request completed"}
{"level":30,"time":1763068768348,"pid":66887,"hostname":"Mac.net","reqId":"741fe0e5-7d9b-4f6a-81a6-e7773d99489c","route":"/v1/run","statusCode":200,"durationMs":0.433292,"msg":"request completed"}
{"level":30,"time":1763068768351,"pid":66887,"hostname":"Mac.net","reqId":"70c867fe-b1e3-4d1d-aec5-4e7516d7990b","route":"/v1/run","statusCode":200,"durationMs":0.367416,"msg":"request completed"}
{"level":30,"time":1763068768356,"pid":66887,"hostname":"Mac.net","reqId":"d10a1189-60e1-43b4-88f6-59077648e20b","route":"/v1/run","statusCode":200,"durationMs":4.51225,"msg":"request completed"}
{"level":30,"time":1763068768359,"pid":66887,"hostname":"Mac.net","reqId":"8b137d9c-b151-4b9a-9f28-28bd25743d4c","route":"/v1/run","statusCode":200,"durationMs":0.909,"msg":"request completed"}
{"level":30,"time":1763068768361,"pid":66887,"hostname":"Mac.net","reqId":"5dcc0cca-0bbc-4ccf-a706-6b33dd08defa","route":"/v1/run","statusCode":200,"durationMs":0.493458,"msg":"request completed"}
{"level":30,"time":1763068768364,"pid":66887,"hostname":"Mac.net","reqId":"338e1de4-36a4-4ff0-99cd-6a85066d019d","route":"/v1/run","statusCode":200,"durationMs":1.796292,"msg":"request completed"}
{"level":30,"time":1763068768365,"pid":66887,"hostname":"Mac.net","reqId":"90c8d126-7826-40f0-840d-8e5a6b86190d","route":"/v1/run","statusCode":200,"durationMs":0.324667,"msg":"request completed"}
{"level":30,"time":1763068768369,"pid":66887,"hostname":"Mac.net","reqId":"055b35b6-ef3a-4406-ac37-504148d9d306","route":"/v1/run","statusCode":200,"durationMs":0.413916,"msg":"request completed"}
 ✓ tests/limits.endpoint.test.ts (1 test) 1853ms
   ✓ /v1/limits > returns configured limits  1852ms
{"level":30,"time":1763068768374,"pid":66887,"hostname":"Mac.net","reqId":"60180bf2-8d45-456b-a294-f52ecc107aa3","route":"/v1/self-check","statusCode":200,"durationMs":0.539209,"msg":"request completed"}
{"level":30,"time":1763068768374,"pid":66887,"hostname":"Mac.net","reqId":"e8071215-03c5-4ef0-971c-cda137b4b275","route":"/v1/self-check","statusCode":200,"durationMs":0.22125,"msg":"request completed"}
 ✓ tests/response-hash.test.ts (4 tests) 334ms
{"level":30,"time":1763068768330,"pid":66892,"hostname":"Mac.net","reqId":"642c6827-cd8c-4c68-a658-451c5bbd666f","route":"/v1/health","statusCode":200,"durationMs":0.467167,"msg":"request completed"}
{"level":30,"time":1763068768331,"pid":66892,"hostname":"Mac.net","reqId":"df54bdf4-7d40-4736-b00e-d76412530387","route":"/v1/health","statusCode":200,"durationMs":0.377042,"msg":"request completed"}
{"level":30,"time":1763068768332,"pid":66892,"hostname":"Mac.net","reqId":"10b98018-28ca-40c5-a3ca-34e7e3ef6e60","route":"/v1/health","statusCode":200,"durationMs":0.307334,"msg":"request completed"}
{"level":30,"time":1763068768333,"pid":66892,"hostname":"Mac.net","reqId":"de8c5bad-8d91-4656-8340-5d46b8675094","route":"/v1/health","statusCode":200,"durationMs":0.348833,"msg":"request completed"}
{"level":30,"time":1763068768333,"pid":66892,"hostname":"Mac.net","reqId":"656d579b-269e-42b9-8b03-c0bd386ec12f","route":"/v1/health","statusCode":200,"durationMs":0.338209,"msg":"request completed"}
{"level":30,"time":1763068768334,"pid":66892,"hostname":"Mac.net","reqId":"73027e7d-06ce-4a45-a7d0-89cefee47a65","route":"/v1/health","statusCode":200,"durationMs":0.447334,"msg":"request completed"}
{"level":30,"time":1763068768335,"pid":66892,"hostname":"Mac.net","reqId":"9f5f46e3-f101-4fe6-8343-a7f16f51d0e5","route":"/v1/health","statusCode":200,"durationMs":0.250167,"msg":"request completed"}
{"level":30,"time":1763068768335,"pid":66892,"hostname":"Mac.net","reqId":"61b88560-a5ae-4a27-9dce-e9974ebe6d8b","route":"/v1/health","statusCode":200,"durationMs":0.179083,"msg":"request completed"}
{"level":30,"time":1763068768336,"pid":66892,"hostname":"Mac.net","reqId":"58dc19b2-b99f-44ea-b716-56f1a76917ce","route":"/v1/health","statusCode":200,"durationMs":0.157291,"msg":"request completed"}
{"level":30,"time":1763068768336,"pid":66892,"hostname":"Mac.net","reqId":"ded58a20-b970-48ee-897f-a682450a5e56","route":"/v1/health","statusCode":200,"durationMs":0.135792,"msg":"request completed"}
{"level":30,"time":1763068768336,"pid":66892,"hostname":"Mac.net","reqId":"dbdb423e-a5fd-43c4-9976-7e1aa786fdfe","route":"/v1/health","statusCode":200,"durationMs":0.270584,"msg":"request completed"}
{"level":30,"time":1763068768338,"pid":66892,"hostname":"Mac.net","reqId":"785c8c88-9c6b-4453-ac68-fa55645fec3b","route":"/v1/health","statusCode":200,"durationMs":1.131875,"msg":"request completed"}
{"level":30,"time":1763068768339,"pid":66892,"hostname":"Mac.net","reqId":"5f27ca4f-94c1-42ee-bad6-633ae02abb97","route":"/v1/health","statusCode":200,"durationMs":0.478416,"msg":"request completed"}
{"level":30,"time":1763068768340,"pid":66892,"hostname":"Mac.net","reqId":"6696668c-89bd-46e0-9dec-c1d4278d5df2","route":"/v1/health","statusCode":200,"durationMs":0.339292,"msg":"request completed"}
{"level":30,"time":1763068768340,"pid":66892,"hostname":"Mac.net","reqId":"2917b340-0eb8-44dc-8c72-5a8ac9ab226f","route":"/v1/health","statusCode":200,"durationMs":0.226667,"msg":"request completed"}
{"level":30,"time":1763068768341,"pid":66892,"hostname":"Mac.net","reqId":"79201c6c-7e60-42da-ad0c-ea7cc770094a","route":"/v1/health","statusCode":200,"durationMs":0.236542,"msg":"request completed"}
{"level":30,"time":1763068768341,"pid":66892,"hostname":"Mac.net","reqId":"5dbf1831-5539-4b25-909d-54c9b5ff89c7","route":"/v1/health","statusCode":200,"durationMs":0.101708,"msg":"request completed"}
{"level":30,"time":1763068768341,"pid":66892,"hostname":"Mac.net","reqId":"c7670caa-4f78-4bba-a5a3-202c511ab084","route":"/v1/health","statusCode":200,"durationMs":0.123458,"msg":"request completed"}
{"level":30,"time":1763068768341,"pid":66892,"hostname":"Mac.net","reqId":"293aa926-3c78-4509-af61-0d8b346871d8","route":"/v1/health","statusCode":200,"durationMs":0.069333,"msg":"request completed"}
{"level":30,"time":1763068768342,"pid":66892,"hostname":"Mac.net","reqId":"ca151402-6b18-4bd0-9c2f-f8784b2de001","route":"/v1/health","statusCode":200,"durationMs":0.067667,"msg":"request completed"}
{"level":30,"time":1763068768342,"pid":66892,"hostname":"Mac.net","reqId":"858b58aa-fe20-4d76-8173-cb0cfd9b3fee","route":"/v1/health","statusCode":200,"durationMs":0.055042,"msg":"request completed"}
{"level":30,"time":1763068768342,"pid":66892,"hostname":"Mac.net","reqId":"630ba571-0aa6-4259-9c4f-ab35bade134a","route":"/v1/health","statusCode":200,"durationMs":0.06,"msg":"request completed"}
{"level":30,"time":1763068768342,"pid":66892,"hostname":"Mac.net","reqId":"8be6f7a1-f915-4fde-bc01-39c83a5c9d81","route":"/v1/health","statusCode":200,"durationMs":0.058583,"msg":"request completed"}
{"level":30,"time":1763068768342,"pid":66892,"hostname":"Mac.net","reqId":"d96ed9ac-6dad-4cfe-af31-e3f3716471ad","route":"/v1/health","statusCode":200,"durationMs":0.061125,"msg":"request completed"}
{"level":30,"time":1763068768342,"pid":66892,"hostname":"Mac.net","reqId":"d92d30e4-7037-426f-9ff9-6642cc7a4fd0","route":"/v1/health","statusCode":200,"durationMs":0.055,"msg":"request completed"}
{"level":30,"time":1763068768343,"pid":66892,"hostname":"Mac.net","reqId":"a3bbfa5f-0dd9-49ca-9cec-890ab98c31ab","route":"/v1/health","statusCode":200,"durationMs":0.058125,"msg":"request completed"}
{"level":30,"time":1763068768343,"pid":66892,"hostname":"Mac.net","reqId":"325fbec8-be19-4e3e-81f7-351c27afe2f6","route":"/v1/health","statusCode":200,"durationMs":0.050416,"msg":"request completed"}
{"level":30,"time":1763068768343,"pid":66892,"hostname":"Mac.net","reqId":"8db1306f-6234-497f-872c-bebcaa80b22e","route":"/v1/health","statusCode":200,"durationMs":0.051834,"msg":"request completed"}
{"level":30,"time":1763068768343,"pid":66892,"hostname":"Mac.net","reqId":"ae61abb1-4776-46b2-80e9-87c591b182be","route":"/v1/health","statusCode":200,"durationMs":0.049458,"msg":"request completed"}
{"level":30,"time":1763068768343,"pid":66892,"hostname":"Mac.net","reqId":"62b514bd-9edc-421b-8bd6-089b3c3481d1","route":"/v1/health","statusCode":200,"durationMs":0.084333,"msg":"request completed"}
{"level":30,"time":1763068768343,"pid":66892,"hostname":"Mac.net","reqId":"bcb0bb7c-f5f8-4fbc-9f05-2c7db688786f","route":"/v1/health","statusCode":200,"durationMs":0.082875,"msg":"request completed"}
{"level":30,"time":1763068768343,"pid":66892,"hostname":"Mac.net","reqId":"aa5ab11e-2fa1-421d-8c45-e29c76a3fd57","route":"/v1/health","statusCode":200,"durationMs":0.051833,"msg":"request completed"}
{"level":30,"time":1763068768343,"pid":66892,"hostname":"Mac.net","reqId":"03a9e167-472a-4e4f-aaaf-c40cf9113731","route":"/v1/health","statusCode":200,"durationMs":0.053792,"msg":"request completed"}
{"level":30,"time":1763068768343,"pid":66892,"hostname":"Mac.net","reqId":"60e52ee8-015f-478d-929c-3d8d564b32d1","route":"/v1/health","statusCode":200,"durationMs":0.087209,"msg":"request completed"}
{"level":30,"time":1763068768344,"pid":66892,"hostname":"Mac.net","reqId":"ab744568-fde1-4946-9ff2-2774495657ab","route":"/v1/health","statusCode":200,"durationMs":0.051,"msg":"request completed"}
{"level":30,"time":1763068768344,"pid":66892,"hostname":"Mac.net","reqId":"1c1081c3-d221-4936-853b-3adaaef24c70","route":"/v1/health","statusCode":200,"durationMs":0.049834,"msg":"request completed"}
{"level":30,"time":1763068768344,"pid":66892,"hostname":"Mac.net","reqId":"c2fa07de-e411-4aa9-b0f2-d0cfae4530e2","route":"/v1/health","statusCode":200,"durationMs":0.048083,"msg":"request completed"}
{"level":30,"time":1763068768344,"pid":66892,"hostname":"Mac.net","reqId":"6bc08a89-87d7-4d26-b5c6-80adbfffc053","route":"/v1/health","statusCode":200,"durationMs":0.049667,"msg":"request completed"}
{"level":30,"time":1763068768344,"pid":66892,"hostname":"Mac.net","reqId":"d2668d27-c04e-4f8f-91b7-85f9296261ea","route":"/v1/health","statusCode":200,"durationMs":0.047,"msg":"request completed"}
{"level":30,"time":1763068768344,"pid":66892,"hostname":"Mac.net","reqId":"b1452f5e-be62-4d8f-9d4e-dc1e8cd78834","route":"/v1/health","statusCode":200,"durationMs":0.050958,"msg":"request completed"}
{"level":30,"time":1763068768344,"pid":66892,"hostname":"Mac.net","reqId":"068fe50a-7f5c-4a4c-82cd-4a986233653a","route":"/v1/health","statusCode":200,"durationMs":0.047625,"msg":"request completed"}
{"level":30,"time":1763068768344,"pid":66892,"hostname":"Mac.net","reqId":"16f94239-ea3b-47b3-b60e-021c4da90a95","route":"/v1/health","statusCode":200,"durationMs":0.107084,"msg":"request completed"}
{"level":30,"time":1763068768344,"pid":66892,"hostname":"Mac.net","reqId":"6f0215d6-ed0a-4ec1-950b-6a8611b5fe48","route":"/v1/health","statusCode":200,"durationMs":0.057583,"msg":"request completed"}
{"level":30,"time":1763068768344,"pid":66892,"hostname":"Mac.net","reqId":"3ac5342c-9eb8-42e7-b085-f6c8e6702d1d","route":"/v1/health","statusCode":200,"durationMs":0.060209,"msg":"request completed"}
{"level":30,"time":1763068768345,"pid":66892,"hostname":"Mac.net","reqId":"cc0ffcce-b905-4a91-b342-9d7d6cc6a3cb","route":"/v1/health","statusCode":200,"durationMs":0.179333,"msg":"request completed"}
{"level":30,"time":1763068768345,"pid":66892,"hostname":"Mac.net","reqId":"676db762-f63a-4960-a7f4-5209eb875618","route":"/v1/health","statusCode":200,"durationMs":0.28,"msg":"request completed"}
{"level":30,"time":1763068768346,"pid":66892,"hostname":"Mac.net","reqId":"fed69a35-8c5f-4dca-b933-c415a26313a9","route":"/v1/health","statusCode":200,"durationMs":0.196458,"msg":"request completed"}
{"level":30,"time":1763068768346,"pid":66892,"hostname":"Mac.net","reqId":"f48526f9-3e5e-4324-9323-9d2790e5cc7a","route":"/v1/health","statusCode":200,"durationMs":0.189583,"msg":"request completed"}
{"level":30,"time":1763068768346,"pid":66892,"hostname":"Mac.net","reqId":"c8d9dfc3-c5f3-47a2-812f-eab345cd1aef","route":"/v1/health","statusCode":200,"durationMs":0.184042,"msg":"request completed"}
{"level":30,"time":1763068768347,"pid":66892,"hostname":"Mac.net","reqId":"1f420abe-e9cc-4d59-85ee-c1984a4e2fa4","route":"/v1/health","statusCode":200,"durationMs":0.170417,"msg":"request completed"}
{"level":30,"time":1763068768347,"pid":66892,"hostname":"Mac.net","reqId":"d5b45441-7131-4c1e-a6d9-75a41b03bdc0","route":"/v1/health","statusCode":200,"durationMs":0.162042,"msg":"request completed"}
{"level":30,"time":1763068768347,"pid":66892,"hostname":"Mac.net","reqId":"0a710976-4d37-42f9-ade1-3592df6e5305","route":"/v1/health","statusCode":200,"durationMs":0.167416,"msg":"request completed"}
{"level":30,"time":1763068768348,"pid":66892,"hostname":"Mac.net","reqId":"bb29fbe1-0242-48b9-bf51-79c4c94a9efb","route":"/v1/health","statusCode":200,"durationMs":0.157792,"msg":"request completed"}
{"level":30,"time":1763068768348,"pid":66892,"hostname":"Mac.net","reqId":"b6bb70de-1e97-4c2e-b963-1d5f6f98f93d","route":"/v1/health","statusCode":200,"durationMs":0.40475,"msg":"request completed"}
{"level":30,"time":1763068768349,"pid":66892,"hostname":"Mac.net","reqId":"033c54de-b344-4ae5-99d3-78690f9975e0","route":"/v1/health","statusCode":200,"durationMs":0.183167,"msg":"request completed"}
{"level":30,"time":1763068768349,"pid":66892,"hostname":"Mac.net","reqId":"1bd91f3a-a1b6-43e9-bf92-de3b03a854f3","route":"/v1/health","statusCode":200,"durationMs":0.19275,"msg":"request completed"}
{"level":30,"time":1763068768349,"pid":66892,"hostname":"Mac.net","reqId":"e54616ab-e6d8-44cb-889f-40a198ea2fdc","route":"/v1/health","statusCode":200,"durationMs":0.111542,"msg":"request completed"}
{"level":30,"time":1763068768350,"pid":66892,"hostname":"Mac.net","reqId":"603d16a7-3d9f-4696-9799-7da8f351a2a8","route":"/v1/health","statusCode":200,"durationMs":0.074708,"msg":"request completed"}
{"level":30,"time":1763068768350,"pid":66892,"hostname":"Mac.net","reqId":"2f15c221-5a58-4fc0-95b2-ec3196e6139f","route":"/v1/health","statusCode":200,"durationMs":0.064917,"msg":"request completed"}
{"level":30,"time":1763068768350,"pid":66892,"hostname":"Mac.net","reqId":"5f4c11a9-738f-43a2-a2e0-67091b1103c8","route":"/v1/health","statusCode":200,"durationMs":0.072375,"msg":"request completed"}
{"level":30,"time":1763068768350,"pid":66892,"hostname":"Mac.net","reqId":"8013b50e-8b17-4ecc-b51a-8c14262db291","route":"/v1/health","statusCode":200,"durationMs":0.05875,"msg":"request completed"}
{"level":30,"time":1763068768350,"pid":66892,"hostname":"Mac.net","reqId":"1f730576-9f56-4e7c-a4f6-0b4b435f0556","route":"/v1/health","statusCode":200,"durationMs":0.059125,"msg":"request completed"}
{"level":30,"time":1763068768350,"pid":66892,"hostname":"Mac.net","reqId":"e31aae2d-4346-4223-a01b-53b97bba531a","route":"/v1/health","statusCode":200,"durationMs":0.056417,"msg":"request completed"}
{"level":30,"time":1763068768350,"pid":66892,"hostname":"Mac.net","reqId":"fb1812d0-c205-464d-80f3-8da1faeb4fcf","route":"/v1/health","statusCode":200,"durationMs":0.071125,"msg":"request completed"}
{"level":30,"time":1763068768350,"pid":66892,"hostname":"Mac.net","reqId":"730a4f1a-a255-4522-ba53-f5ee11de7a3e","route":"/v1/health","statusCode":200,"durationMs":0.062625,"msg":"request completed"}
{"level":30,"time":1763068768351,"pid":66892,"hostname":"Mac.net","reqId":"4a67f8dc-ca99-4ac9-93da-c8f75dc53521","route":"/v1/health","statusCode":200,"durationMs":0.056917,"msg":"request completed"}
{"level":30,"time":1763068768351,"pid":66892,"hostname":"Mac.net","reqId":"247cc34c-db93-4670-8948-3fa8cde0169d","route":"/v1/health","statusCode":200,"durationMs":0.055917,"msg":"request completed"}
{"level":30,"time":1763068768351,"pid":66892,"hostname":"Mac.net","reqId":"974e0c6d-efcd-4d75-bc21-1dd1e45eb0a1","route":"/v1/health","statusCode":200,"durationMs":0.068833,"msg":"request completed"}
{"level":30,"time":1763068768351,"pid":66892,"hostname":"Mac.net","reqId":"875be9fb-fa4b-4d94-a81c-0747a3a009cf","route":"/v1/health","statusCode":200,"durationMs":0.068334,"msg":"request completed"}
{"level":30,"time":1763068768351,"pid":66892,"hostname":"Mac.net","reqId":"d4cc761c-64c0-46ab-bbe4-ea5077d830c8","route":"/v1/health","statusCode":200,"durationMs":0.06225,"msg":"request completed"}
{"level":30,"time":1763068768352,"pid":66892,"hostname":"Mac.net","reqId":"f57c8005-f20e-4503-be81-7a71129c9a1d","route":"/v1/health","statusCode":200,"durationMs":0.076959,"msg":"request completed"}
{"level":30,"time":1763068768352,"pid":66892,"hostname":"Mac.net","reqId":"a75689a8-6f21-4af2-91c9-b2db888deebc","route":"/v1/health","statusCode":200,"durationMs":0.0795,"msg":"request completed"}
{"level":30,"time":1763068768356,"pid":66892,"hostname":"Mac.net","reqId":"2b413c97-ddd5-4951-9014-8ad2cb5523ee","route":"/v1/health","statusCode":200,"durationMs":0.084334,"msg":"request completed"}
{"level":30,"time":1763068768357,"pid":66892,"hostname":"Mac.net","reqId":"4d5e2513-547a-4b25-b1c7-e82f06a2901a","route":"/v1/health","statusCode":200,"durationMs":0.389209,"msg":"request completed"}
{"level":30,"time":1763068768358,"pid":66892,"hostname":"Mac.net","reqId":"b7ce986d-92d8-4e8f-977c-7250ea8ad6e9","route":"/v1/health","statusCode":200,"durationMs":0.268,"msg":"request completed"}
{"level":30,"time":1763068768359,"pid":66892,"hostname":"Mac.net","reqId":"b519e7d4-4680-4ff8-843d-fc6f544e050e","route":"/v1/health","statusCode":200,"durationMs":0.242125,"msg":"request completed"}
{"level":30,"time":1763068768359,"pid":66892,"hostname":"Mac.net","reqId":"ec67a341-952b-4258-a68b-f4a485ce2b57","route":"/v1/health","statusCode":200,"durationMs":0.494583,"msg":"request completed"}
{"level":30,"time":1763068768360,"pid":66892,"hostname":"Mac.net","reqId":"c4645e5e-0bfd-480c-bc0b-f76d232f74e2","route":"/v1/health","statusCode":200,"durationMs":0.192541,"msg":"request completed"}
{"level":30,"time":1763068768360,"pid":66892,"hostname":"Mac.net","reqId":"d2f33728-88b7-45bb-9f9d-f59646a8aed0","route":"/v1/health","statusCode":200,"durationMs":0.26375,"msg":"request completed"}
{"level":30,"time":1763068768361,"pid":66892,"hostname":"Mac.net","reqId":"72d4d92d-8f42-4046-8799-ede5ade22c6c","route":"/v1/health","statusCode":200,"durationMs":0.266333,"msg":"request completed"}
{"level":30,"time":1763068768373,"pid":66892,"hostname":"Mac.net","reqId":"cf0b314e-06bf-4279-9f74-fe28927c6d3a","route":"/v1/health","statusCode":200,"durationMs":5.521708,"msg":"request completed"}
{"level":30,"time":1763068768373,"pid":66892,"hostname":"Mac.net","reqId":"c07ac6b5-78ea-4bc0-8770-f801a5cf679f","route":"/v1/health","statusCode":200,"durationMs":0.3285,"msg":"request completed"}
{"level":30,"time":1763068768374,"pid":66892,"hostname":"Mac.net","reqId":"3ca27558-7533-4297-8aa8-e2dc457c074e","route":"/v1/health","statusCode":200,"durationMs":0.185458,"msg":"request completed"}
{"level":30,"time":1763068768374,"pid":66892,"hostname":"Mac.net","reqId":"f77f47a6-1c6e-429e-bb76-39725428522b","route":"/v1/health","statusCode":200,"durationMs":0.201792,"msg":"request completed"}
{"level":30,"time":1763068768374,"pid":66892,"hostname":"Mac.net","reqId":"ec5cc71f-ca29-4675-b0b4-e9605b66da5b","route":"/v1/health","statusCode":200,"durationMs":0.163792,"msg":"request completed"}
{"level":30,"time":1763068768375,"pid":66892,"hostname":"Mac.net","reqId":"8b8dc480-a7c6-410e-a1ed-fad53defe116","route":"/v1/health","statusCode":200,"durationMs":0.1785,"msg":"request completed"}
{"level":30,"time":1763068768375,"pid":66892,"hostname":"Mac.net","reqId":"d6ec4795-7078-4efc-a38d-b010c9b28821","route":"/v1/health","statusCode":200,"durationMs":0.16,"msg":"request completed"}
{"level":30,"time":1763068768376,"pid":66892,"hostname":"Mac.net","reqId":"171bf18e-1295-46e8-8e1b-1b7ef12ccd7a","route":"/v1/health","statusCode":200,"durationMs":0.781958,"msg":"request completed"}
{"level":30,"time":1763068768376,"pid":66892,"hostname":"Mac.net","reqId":"748ae37a-d4a0-4f3e-a65f-23ad27bf55fc","route":"/v1/health","statusCode":200,"durationMs":0.265875,"msg":"request completed"}
{"level":30,"time":1763068768377,"pid":66892,"hostname":"Mac.net","reqId":"474906f3-1826-4812-a4f2-112780128e25","route":"/v1/health","statusCode":200,"durationMs":0.180833,"msg":"request completed"}
{"level":30,"time":1763068768377,"pid":66892,"hostname":"Mac.net","reqId":"4d5aaba0-7afb-4677-8a7e-2a1b58f4d997","route":"/v1/health","statusCode":200,"durationMs":0.157625,"msg":"request completed"}
{"level":30,"time":1763068768378,"pid":66892,"hostname":"Mac.net","reqId":"008f9e04-ab15-440c-9ca9-0795e439f4c7","route":"/v1/health","statusCode":200,"durationMs":0.319625,"msg":"request completed"}
{"level":30,"time":1763068768378,"pid":66892,"hostname":"Mac.net","reqId":"0523279d-9706-406c-aa6c-fe5cdcf0dc56","route":"/v1/health","statusCode":200,"durationMs":0.156334,"msg":"request completed"}
{"level":30,"time":1763068768378,"pid":66892,"hostname":"Mac.net","reqId":"3697f5cb-88af-4ed1-923d-f68ff3282713","route":"/v1/health","statusCode":200,"durationMs":0.154167,"msg":"request completed"}
{"level":30,"time":1763068768379,"pid":66892,"hostname":"Mac.net","reqId":"1d2a1fcd-fff3-40c4-9f14-23229bd2a754","route":"/v1/health","statusCode":200,"durationMs":0.177334,"msg":"request completed"}
{"level":30,"time":1763068768379,"pid":66892,"hostname":"Mac.net","reqId":"4c9869ac-0f7b-4412-b292-2898a6a2cf38","route":"/v1/health","statusCode":200,"durationMs":0.166625,"msg":"request completed"}
{"level":30,"time":1763068768380,"pid":66892,"hostname":"Mac.net","reqId":"4b568439-c08a-4480-b8ca-1b550c973e82","route":"/v1/health","statusCode":200,"durationMs":0.509625,"msg":"request completed"}
{"level":30,"time":1763068768380,"pid":66892,"hostname":"Mac.net","reqId":"b9860126-bc51-4f4d-8ad7-40a2aa4c6fc5","route":"/v1/health","statusCode":200,"durationMs":0.116833,"msg":"request completed"}
{"level":30,"time":1763068768380,"pid":66892,"hostname":"Mac.net","reqId":"fb9d72a6-215e-4849-aed3-bda479eeffda","route":"/v1/health","statusCode":200,"durationMs":0.084666,"msg":"request completed"}
{"level":30,"time":1763068768380,"pid":66892,"hostname":"Mac.net","reqId":"db734692-7a9a-49df-81cf-c569f76b1812","route":"/v1/health","statusCode":200,"durationMs":0.065542,"msg":"request completed"}
{"level":30,"time":1763068768395,"pid":66896,"hostname":"Mac.net","reqId":"f9691b0b-3fba-483c-972f-c75e1c56b4db","route":"/metrics","statusCode":200,"durationMs":2.685458,"msg":"request completed"}
 ✓ tests/contracts.health.size.test.ts (1 test) 483ms
{"level":30,"time":1763068768419,"pid":66892,"hostname":"Mac.net","reqId":"eaab0657-426d-4fe4-b2ed-b3ced1032b34","route":"/version","statusCode":200,"durationMs":18.432458,"msg":"request completed"}
{"level":30,"time":1763068768432,"pid":66896,"hostname":"Mac.net","reqId":"d053170a-1a0d-4e80-98c7-3cb63fd5f0f0","route":"/v1/run","statusCode":200,"durationMs":35.090375,"msg":"request completed"}
{"level":30,"time":1763068768432,"pid":66896,"hostname":"Mac.net","reqId":"f52e2b00-9c86-468a-bad1-6f275aa29e67","route":"/metrics","statusCode":200,"durationMs":0.184791,"msg":"request completed"}
{"level":30,"time":1763068768445,"pid":66892,"hostname":"Mac.net","reqId":"01e0e871-9db3-4894-bacc-7ed0b6255533","route":"/v1/health","statusCode":200,"durationMs":0.46775,"msg":"request completed"}
{"level":30,"time":1763068768463,"pid":66896,"hostname":"Mac.net","reqId":"2c18a7e9-ecfb-4eee-8d87-0133d7d80d0a","route":"/v1/run","statusCode":200,"durationMs":1.616667,"msg":"request completed"}
{"level":30,"time":1763068768465,"pid":66896,"hostname":"Mac.net","reqId":"f5bb2243-e909-4892-81fd-3a97a9d9cfb4","route":"/v1/run","statusCode":200,"durationMs":0.84025,"msg":"request completed"}
{"level":30,"time":1763068768466,"pid":66896,"hostname":"Mac.net","reqId":"2c6130dc-f388-4802-9390-2a50e3c9f85b","route":"/v1/run","statusCode":200,"durationMs":1.082917,"msg":"request completed"}
{"level":30,"time":1763068768468,"pid":66896,"hostname":"Mac.net","reqId":"e8475a53-d56f-452f-9222-9cfb8abd5834","route":"/v1/run","statusCode":200,"durationMs":0.987541,"msg":"request completed"}
{"level":30,"time":1763068768469,"pid":66896,"hostname":"Mac.net","reqId":"f8aa59cc-8921-4371-a03b-07810e4a0ab8","route":"/v1/run","statusCode":200,"durationMs":0.649209,"msg":"request completed"}
{"level":30,"time":1763068768470,"pid":66896,"hostname":"Mac.net","reqId":"406d9051-6e0c-48f5-a353-a9f8e475423c","route":"/v1/run","statusCode":200,"durationMs":0.897875,"msg":"request completed"}
{"level":30,"time":1763068768473,"pid":66896,"hostname":"Mac.net","reqId":"6d858cdb-f8fd-474a-9d28-c80d47778af4","route":"/v1/run","statusCode":200,"durationMs":1.719333,"msg":"request completed"}
{"level":30,"time":1763068768474,"pid":66896,"hostname":"Mac.net","reqId":"1f7de135-37f1-4445-b5d1-5d303e3afc46","route":"/v1/run","statusCode":200,"durationMs":1.128625,"msg":"request completed"}
{"level":30,"time":1763068768476,"pid":66896,"hostname":"Mac.net","reqId":"b1fefa9f-a357-4065-aa10-33f547c48409","route":"/v1/run","statusCode":200,"durationMs":0.965209,"msg":"request completed"}
{"level":30,"time":1763068768477,"pid":66896,"hostname":"Mac.net","reqId":"eaf08652-87f9-412b-b6c3-1ac4502136d1","route":"/v1/run","statusCode":200,"durationMs":0.606291,"msg":"request completed"}
{"level":30,"time":1763068768478,"pid":66892,"hostname":"Mac.net","reqId":"405a7c30-8b9d-4c1a-830c-c710a61a99fb","route":"/v1/health","statusCode":200,"durationMs":0.377042,"msg":"request completed"}
{"level":30,"time":1763068768477,"pid":66896,"hostname":"Mac.net","reqId":"e06a84f0-8ba7-4963-a52e-33f219ce84ab","route":"/v1/run","statusCode":200,"durationMs":0.293333,"msg":"request completed"}
{"level":30,"time":1763068768479,"pid":66896,"hostname":"Mac.net","reqId":"16f42001-557d-4a96-b7a8-fb64c098891f","route":"/v1/run","statusCode":200,"durationMs":0.814417,"msg":"request completed"}
{"level":30,"time":1763068768480,"pid":66896,"hostname":"Mac.net","reqId":"e4714bd2-ecb2-4643-b9c9-2035ad4330bd","route":"/v1/run","statusCode":200,"durationMs":0.620583,"msg":"request completed"}
{"level":30,"time":1763068768481,"pid":66896,"hostname":"Mac.net","reqId":"a366b355-95d0-4e4d-b65b-9db12c8103aa","route":"/v1/run","statusCode":200,"durationMs":0.998958,"msg":"request completed"}
{"level":30,"time":1763068768482,"pid":66896,"hostname":"Mac.net","reqId":"8fab1d83-bc6e-492b-bd84-01c6b2529ece","route":"/v1/run","statusCode":200,"durationMs":0.3665,"msg":"request completed"}
{"level":30,"time":1763068768478,"pid":66892,"hostname":"Mac.net","reqId":"0934131c-60e7-4fd1-a3f0-6f0b3dfe4d22","route":"/v1/health","statusCode":200,"durationMs":0.1865,"msg":"request completed"}
{"level":30,"time":1763068768478,"pid":66892,"hostname":"Mac.net","reqId":"507f7232-60db-46f5-bee9-c05c089eaca1","route":"/v1/health","statusCode":200,"durationMs":0.176083,"msg":"request completed"}
{"level":30,"time":1763068768479,"pid":66892,"hostname":"Mac.net","reqId":"2d08f462-11ad-45ab-a62c-0edb4972c189","route":"/v1/health","statusCode":200,"durationMs":0.150583,"msg":"request completed"}
{"level":30,"time":1763068768479,"pid":66892,"hostname":"Mac.net","reqId":"3a1e38f2-75d2-497a-bbdd-fb11bfa64fa2","route":"/v1/health","statusCode":200,"durationMs":0.143375,"msg":"request completed"}
{"level":30,"time":1763068768479,"pid":66892,"hostname":"Mac.net","reqId":"70aae50d-80b0-4140-8d1e-a5bb56d44e2d","route":"/v1/health","statusCode":200,"durationMs":0.195542,"msg":"request completed"}
{"level":30,"time":1763068768480,"pid":66892,"hostname":"Mac.net","reqId":"9cb8eb5d-c24f-4d11-9e6d-fa793a111b7a","route":"/v1/health","statusCode":200,"durationMs":0.344083,"msg":"request completed"}
{"level":30,"time":1763068768481,"pid":66892,"hostname":"Mac.net","reqId":"97b701f4-807b-4216-a546-efded8ce6e5b","route":"/v1/health","statusCode":200,"durationMs":0.294917,"msg":"request completed"}
{"level":30,"time":1763068768481,"pid":66892,"hostname":"Mac.net","reqId":"2b5c40e6-dd60-482b-a294-6ddacdbd9e8d","route":"/v1/health","statusCode":200,"durationMs":0.286458,"msg":"request completed"}
{"level":30,"time":1763068768482,"pid":66892,"hostname":"Mac.net","reqId":"3e4abf78-b3b4-4422-983f-de3c9fe29201","route":"/v1/health","statusCode":200,"durationMs":0.209875,"msg":"request completed"}
{"level":30,"time":1763068768482,"pid":66896,"hostname":"Mac.net","reqId":"78074905-2c2d-4dc0-94a7-c58859e3098a","route":"/v1/run","statusCode":200,"durationMs":0.337333,"msg":"request completed"}
{"level":30,"time":1763068768483,"pid":66896,"hostname":"Mac.net","reqId":"8803ff25-d792-4b2b-921f-d84482fa6f0e","route":"/v1/run","statusCode":200,"durationMs":0.36325,"msg":"request completed"}
 ✓ tests/circuit-breaker.test.ts (4 tests) 316ms
{"level":30,"time":1763068768483,"pid":66896,"hostname":"Mac.net","reqId":"36464a74-e463-47bc-85eb-d485fad0b672","route":"/v1/run","statusCode":200,"durationMs":0.250625,"msg":"request completed"}
{"level":30,"time":1763068768484,"pid":66896,"hostname":"Mac.net","reqId":"48f91329-37a1-4366-bb47-42c78a3bd36d","route":"/v1/run","statusCode":200,"durationMs":0.211416,"msg":"request completed"}
{"level":30,"time":1763068768484,"pid":66896,"hostname":"Mac.net","reqId":"b7e6c9f2-e429-478b-ac40-608e36b4cf4f","route":"/v1/run","statusCode":200,"durationMs":0.6805,"msg":"request completed"}
{"level":30,"time":1763068768515,"pid":66896,"hostname":"Mac.net","reqId":"69b8e467-f0cc-435f-b173-757b357ebe71","route":"/metrics","statusCode":200,"durationMs":0.365208,"msg":"request completed"}
 ✓ tests/cb-pr1-event-collection.test.ts (3 tests) 329ms
 ✓ tests/inference-modes.test.ts (3 tests) 189ms
{"level":30,"time":1763068768597,"pid":66915,"hostname":"Mac.net","msg":"Server listening at http://127.0.0.1:52851"}
 ✓ tests/run.contract.result-hash.test.ts (1 test) 584ms
   ✓ P0: result fields > returns result.response_hash, summary, top_drivers  584ms
{"level":30,"time":1763068768650,"pid":66915,"hostname":"Mac.net","reqId":"966460e7-2703-4243-95fa-2aa334206608","route":"/v1/run","statusCode":400,"durationMs":23.924125,"msg":"request completed"}
{"level":30,"time":1763068768657,"pid":66915,"hostname":"Mac.net","reqId":"09770e0c-bb1e-4cbc-84af-2b66c63541ab","route":"/v1/run","statusCode":400,"durationMs":0.667375,"msg":"request completed"}
{"level":30,"time":1763068768662,"pid":66915,"hostname":"Mac.net","reqId":"26cf1398-73a3-4998-9e84-590f6a65b2a3","route":"/v1/run","statusCode":400,"durationMs":0.720417,"msg":"request completed"}
{"level":30,"time":1763068768675,"pid":66915,"hostname":"Mac.net","reqId":"0265ed4a-132b-46d5-841b-77052142290c","route":"/v1/run","statusCode":200,"durationMs":10.455875,"msg":"request completed"}
{"level":30,"time":1763068768680,"pid":66919,"hostname":"Mac.net","msg":"Server listening at http://127.0.0.1:52854"}
{"level":30,"time":1763068768681,"pid":66915,"hostname":"Mac.net","reqId":"ce7e331c-2395-4e04-8eab-40bcb7a3e741","route":"/v1/counterfactual","statusCode":400,"durationMs":3.301083,"msg":"request completed"}
{"level":30,"time":1763068768682,"pid":66915,"hostname":"Mac.net","reqId":"0add883c-7bcc-4ea7-991b-45e4a6e3552c","route":"/v1/counterfactual","statusCode":200,"durationMs":0.351,"msg":"request completed"}
{"level":30,"time":1763068768683,"pid":66915,"hostname":"Mac.net","reqId":"845d9cd9-85f8-457c-aae7-1ac376729b2f","route":"/v1/critique","statusCode":400,"durationMs":0.512583,"msg":"request completed"}
{"level":30,"time":1763068768684,"pid":66915,"hostname":"Mac.net","reqId":"cf006dd1-d07c-4a8f-b8d6-60f541814a75","route":"/v1/critique","statusCode":200,"durationMs":0.295792,"msg":"request completed"}
{"level":30,"time":1763068768685,"pid":66915,"hostname":"Mac.net","reqId":"435539b3-f634-43b9-aceb-c627e361ffd8","route":"/v1/draft","statusCode":400,"durationMs":0.245625,"msg":"request completed"}
{"level":30,"time":1763068768687,"pid":66915,"hostname":"Mac.net","reqId":"b40e9b34-7956-454d-a930-511e255c43e8","route":"/v1/draft","statusCode":200,"durationMs":1.19075,"msg":"request completed"}
{"level":30,"time":1763068768691,"pid":66915,"hostname":"Mac.net","reqId":"47d2e92b-77b6-46d8-868b-59cbce0512ab","route":"/v1/run","statusCode":200,"durationMs":1.618916,"msg":"request completed"}
{"level":30,"time":1763068768693,"pid":66915,"hostname":"Mac.net","reqId":"0a5e031b-af93-4fe6-8b21-930f9b0184e1","route":"/v1/run","statusCode":200,"durationMs":0.341458,"msg":"request completed"}
 ✓ tests/input-bounds.test.ts (12 tests) 345ms
{"level":30,"time":1763068768706,"pid":66919,"hostname":"Mac.net","reqId":"d21e0c96-3d69-497a-ac20-7a7993c25832","latencyMs":30,"msg":"sse start"}
{"level":30,"time":1763068768738,"pid":66919,"hostname":"Mac.net","reqId":"d21e0c96-3d69-497a-ac20-7a7993c25832","msg":"sse end"}
{"level":30,"time":1763068768740,"pid":66919,"hostname":"Mac.net","reqId":"d21e0c96-3d69-497a-ac20-7a7993c25832","route":"/v1/stream","statusCode":200,"durationMs":55.136333,"msg":"request completed"}
 ✓ tests/stream.latency.test.ts (1 test) 206ms
{"level":30,"time":1763068768827,"pid":66938,"hostname":"Mac.net","msg":"Server listening at http://127.0.0.1:52858"}
{"level":30,"time":1763068768847,"pid":66939,"hostname":"Mac.net","msg":"Server listening at http://127.0.0.1:52859"}
{"level":30,"time":1763068768849,"pid":66938,"hostname":"Mac.net","msg":"Server listening at http://127.0.0.1:52860"}
{"level":30,"time":1763068768861,"pid":66958,"hostname":"Mac.net","msg":"Server listening at http://[::1]:52861"}
{"level":30,"time":1763068768864,"pid":66958,"hostname":"Mac.net","msg":"Server listening at http://127.0.0.1:52861"}
{"level":30,"time":1763068768869,"pid":66938,"hostname":"Mac.net","reqId":"4ab6d10d-8855-4715-bc28-826898970b42","route":"/v1/self-check","statusCode":404,"durationMs":1.805292,"msg":"request completed"}
{"level":30,"time":1763068768870,"pid":66939,"hostname":"Mac.net","reqId":"f0ff287a-16d5-460c-b3ca-d05825ce6044","route":"/v1/health","statusCode":200,"durationMs":1.677625,"msg":"request completed"}
{"level":30,"time":1763068768886,"pid":66938,"hostname":"Mac.net","reqId":"710ccbe3-9dfe-40d2-a0b8-a4538d68739b","route":"/v1/self-check","statusCode":200,"durationMs":9.66675,"msg":"request completed"}
{"level":30,"time":1763068768910,"pid":66958,"hostname":"Mac.net","reqId":"73de385b-8c7a-430c-9429-b5a114193c8c","demo":true,"msg":"sse start"}
{"level":30,"time":1763068768910,"pid":66958,"hostname":"Mac.net","reqId":"73de385b-8c7a-430c-9429-b5a114193c8c","msg":"sse end"}
{"level":30,"time":1763068768910,"pid":66958,"hostname":"Mac.net","reqId":"73de385b-8c7a-430c-9429-b5a114193c8c","route":"/v1/stream","statusCode":200,"durationMs":1.629708,"msg":"request completed"}
 ✓ tests/p1-stream-integration.test.ts (2 tests | 1 skipped) 232ms
{"level":30,"time":1763068768934,"pid":66938,"hostname":"Mac.net","reqId":"63e64029-389a-46b9-8641-f391538959f7","route":"/v1/self-check","statusCode":200,"durationMs":3.265125,"msg":"request completed"}
{"level":30,"time":1763068768939,"pid":66938,"hostname":"Mac.net","reqId":"bc790d67-a247-4fb6-8b9e-414b4bb5eb77","route":"/v1/self-check","statusCode":200,"durationMs":0.522542,"msg":"request completed"}
{"level":30,"time":1763068768940,"pid":66938,"hostname":"Mac.net","reqId":"16bded2d-fcc8-485b-94aa-1a3bbf3e0fd3","route":"/v1/self-check","statusCode":200,"durationMs":0.541083,"msg":"request completed"}
{"level":30,"time":1763068768941,"pid":66938,"hostname":"Mac.net","reqId":"89b1f4c6-ec27-48ca-8438-957485d25919","route":"/v1/self-check","statusCode":200,"durationMs":0.337791,"msg":"request completed"}
{"level":30,"time":1763068768941,"pid":66939,"hostname":"Mac.net","reqId":"3cb4d1fb-2e13-45de-8dcd-b870e1b99cd3","latencyMs":2000,"msg":"sse start"}
{"level":30,"time":1763068768943,"pid":66938,"hostname":"Mac.net","reqId":"3ec770bc-abb8-4b2b-be4e-d629a38ea35c","route":"/v1/self-check","statusCode":200,"durationMs":0.2745,"msg":"request completed"}
{"level":30,"time":1763068768944,"pid":66938,"hostname":"Mac.net","reqId":"e0ff8eeb-95b2-450d-b5e6-d59f563ba4fe","route":"/v1/self-check","statusCode":200,"durationMs":0.253958,"msg":"request completed"}
{"level":30,"time":1763068768944,"pid":66939,"hostname":"Mac.net","reqId":"f5d47d88-321e-4937-ad6d-032bb16cb3b4","route":"/v1/stream","statusCode":429,"durationMs":0.29025,"msg":"request completed"}
{"level":30,"time":1763068768947,"pid":66938,"hostname":"Mac.net","reqId":"bc52075a-3e42-4c94-a2bf-13e84f291c01","route":"/v1/self-check","statusCode":200,"durationMs":0.459375,"msg":"request completed"}
{"level":30,"time":1763068768948,"pid":66938,"hostname":"Mac.net","reqId":"3ea372a3-3c40-4317-8091-4ffb324c0418","route":"/v1/self-check","statusCode":200,"durationMs":0.3415,"msg":"request completed"}
{"level":30,"time":1763068768949,"pid":66938,"hostname":"Mac.net","reqId":"e4425f21-8a00-40aa-8239-5783357d7285","route":"/v1/self-check","statusCode":200,"durationMs":0.341583,"msg":"request completed"}
{"level":30,"time":1763068768950,"pid":66938,"hostname":"Mac.net","reqId":"c97a6219-aff0-4da3-ab06-12c6879bdf2d","route":"/v1/self-check","statusCode":200,"durationMs":0.267875,"msg":"request completed"}
{"level":30,"time":1763068768953,"pid":66939,"hostname":"Mac.net","reqId":"7df6ccf9-ba76-4b5b-888c-69361bfb0753","route":"/v1/health","statusCode":200,"durationMs":0.821792,"msg":"request completed"}
 ✓ tests/self-check.route.test.ts (3 tests) 298ms
{"level":40,"time":1763068768954,"pid":66939,"hostname":"Mac.net","reqId":"3cb4d1fb-2e13-45de-8dcd-b870e1b99cd3","err":{"type":"Error","message":"aborted","stack":"Error: aborted\n    at abortIncoming (node:_http_server:796:17)\n    at socketOnClose (node:_http_server:790:3)\n    at Socket.emit (node:events:536:35)\n    at TCP.<anonymous> (node:net:343:12)","code":"ECONNRESET"},"msg":"sse client error/close"}
{"level":30,"time":1763068768954,"pid":66939,"hostname":"Mac.net","reqId":"3cb4d1fb-2e13-45de-8dcd-b870e1b99cd3","msg":"sse end"}
{"level":30,"time":1763068769006,"pid":66964,"hostname":"Mac.net","msg":"Server listening at http://127.0.0.1:52873"}
{"level":30,"time":1763068769016,"pid":66963,"hostname":"Mac.net","reqId":"e03b0532-1dbf-4ced-8abc-5efa1daa6e15","route":"/v1/run","statusCode":200,"durationMs":38.139333,"msg":"request completed"}
{"level":30,"time":1763068769036,"pid":66963,"hostname":"Mac.net","reqId":"62395828-4e96-4a8b-8a9c-98ab35c16596","route":"/v1/run","statusCode":200,"durationMs":4.741625,"msg":"request completed"}
{"level":30,"time":1763068769037,"pid":66967,"hostname":"Mac.net","reqId":"84f71ca8-59ff-403b-916e-93f8bd7b218c","route":"/v1/health","statusCode":200,"durationMs":1.789166,"msg":"request completed"}
{"level":30,"time":1763068769037,"pid":66963,"hostname":"Mac.net","reqId":"fb5f5d85-5853-42ec-9ba2-88b89c40c133","route":"/v1/run","statusCode":200,"durationMs":0.819333,"msg":"request completed"}
{"level":30,"time":1763068769038,"pid":66963,"hostname":"Mac.net","reqId":"78eb0eca-2363-4290-be67-ce8838ed4d2c","route":"/v1/run","statusCode":200,"durationMs":0.503375,"msg":"request completed"}
{"level":30,"time":1763068769039,"pid":66963,"hostname":"Mac.net","reqId":"b3ddf6b5-7e45-4964-8fef-f939717729be","route":"/v1/run","statusCode":200,"durationMs":0.53575,"msg":"request completed"}
 ✓ tests/circuit-breaker.window.test.ts (9 tests) 234ms
 ✓ tests/perf.rate-limit.test.ts (1 test) 363ms
{"level":30,"time":1763068769039,"pid":66963,"hostname":"Mac.net","reqId":"c7819bb1-0099-42e3-a517-dbb1848af8dc","route":"/v1/run","statusCode":200,"durationMs":0.334209,"msg":"request completed"}
{"level":30,"time":1763068769040,"pid":66963,"hostname":"Mac.net","reqId":"8f153d54-eeae-4561-b2d2-b3def24bdf31","route":"/v1/run","statusCode":200,"durationMs":0.788291,"msg":"request completed"}
{"level":30,"time":1763068769041,"pid":66963,"hostname":"Mac.net","reqId":"0b53c901-bb9c-4d74-8a28-4249a95cc316","route":"/v1/run","statusCode":200,"durationMs":1.182667,"msg":"request completed"}
{"level":30,"time":1763068769044,"pid":66963,"hostname":"Mac.net","reqId":"45a5e46e-839b-4437-bb01-d3e1b0c24766","route":"/v1/run","statusCode":200,"durationMs":1.935709,"msg":"request completed"}
{"level":30,"time":1763068769046,"pid":66963,"hostname":"Mac.net","reqId":"9c7406cc-4bdd-4d5a-bf39-bac53d65d4dc","route":"/v1/run","statusCode":200,"durationMs":1.595083,"msg":"request completed"}
{"level":30,"time":1763068769048,"pid":66963,"hostname":"Mac.net","reqId":"289acdab-198c-42ff-aa6a-f20fb3410c92","route":"/v1/run","statusCode":200,"durationMs":1.102375,"msg":"request completed"}
 ✓ tests/whiteboard-features.integration.test.ts (2 tests) 243ms
{"level":30,"time":1763068769056,"pid":66939,"hostname":"Mac.net","reqId":"f089f102-86ef-4de5-88ed-88c0e7213a3f","route":"/v1/health","statusCode":200,"durationMs":0.355666,"msg":"request completed"}
 ✓ tests/health.stream.metrics.test.ts (1 test) 384ms
{"level":30,"time":1763068769148,"pid":66964,"hostname":"Mac.net","reqId":"7c87c255-55f0-47b6-8765-4380053ec849","latencyMs":50,"msg":"sse start"}
{"level":40,"time":1763068769157,"pid":66964,"hostname":"Mac.net","reqId":"7c87c255-55f0-47b6-8765-4380053ec849","err":{"type":"Error","message":"aborted","stack":"Error: aborted\n    at abortIncoming (node:_http_server:796:17)\n    at socketOnClose (node:_http_server:790:3)\n    at Socket.emit (node:events:536:35)\n    at TCP.<anonymous> (node:net:343:12)","code":"ECONNRESET"},"msg":"sse client error/close"}
{"level":30,"time":1763068769158,"pid":66964,"hostname":"Mac.net","reqId":"7c87c255-55f0-47b6-8765-4380053ec849","msg":"sse end"}
 ✓ tests/stream.real.limited.test.ts (1 test) 295ms
 ✓ tests/contracts.health.shape.test.ts (1 test) 348ms
{"level":30,"time":1763068769248,"pid":66964,"hostname":"Mac.net","reqId":"fb09c718-175b-4b2f-be97-8b4f37a1f698","latencyMs":0,"msg":"sse start"}
{"level":30,"time":1763068769248,"pid":66964,"hostname":"Mac.net","reqId":"fb09c718-175b-4b2f-be97-8b4f37a1f698","msg":"sse end"}
{"level":30,"time":1763068769250,"pid":66964,"hostname":"Mac.net","reqId":"fb09c718-175b-4b2f-be97-8b4f37a1f698","route":"/v1/stream","statusCode":200,"durationMs":1.707042,"msg":"request completed"}
 ✓ tests/stream.release.test.ts (1 test) 417ms
{"level":30,"time":1763068769389,"pid":66978,"hostname":"Mac.net","reqId":"d643fa0c-c957-4f6b-9905-075a4808899d","route":"*","statusCode":204,"msg":"request completed"}
{"level":30,"time":1763068769394,"pid":66977,"hostname":"Mac.net","reqId":"95824533-c9df-45a1-89cf-f4c186d9870e","route":"/version","statusCode":200,"durationMs":20.788458,"msg":"request completed"}
{"level":30,"time":1763068769426,"pid":66978,"hostname":"Mac.net","reqId":"a1eb9fc4-00ad-4728-a1fe-bc787656d141","route":"/v1/run","statusCode":204,"durationMs":3.184834,"msg":"request completed"}
{"level":30,"time":1763068769451,"pid":66977,"hostname":"Mac.net","reqId":"2ee83afa-50e9-4b44-9170-3eaad22d8ab6","route":"/version","statusCode":200,"durationMs":25.511125,"msg":"request completed"}
{"level":30,"time":1763068769469,"pid":66982,"hostname":"Mac.net","reqId":"05aded09-dd47-459c-91b1-5563be805775","route":"/v1/health","statusCode":200,"durationMs":3.74975,"msg":"request completed"}
{"level":30,"time":1763068769475,"pid":66978,"hostname":"Mac.net","reqId":"8f3db8d0-386c-4de0-8c43-794fce4a787f","route":"/v1/limits","statusCode":200,"durationMs":1.001958,"msg":"request completed"}
 ✓ tests/cors-head-limits.test.ts (3 tests) 270ms
{"level":30,"time":1763068769490,"pid":66977,"hostname":"Mac.net","reqId":"d021830d-fc8a-4007-8bef-3ac41cb4643c","route":"/version","statusCode":200,"durationMs":26.116125,"msg":"request completed"}
 ✓ tests/version-flags.test.ts (3 tests) 318ms
{"level":30,"time":1763068769535,"pid":66982,"hostname":"Mac.net","reqId":"47d2bceb-bd16-4c88-a2a1-780355224343","route":"/v1/run","statusCode":200,"durationMs":38.086916,"msg":"request completed"}
{"level":30,"time":1763068769541,"pid":66982,"hostname":"Mac.net","reqId":"73f902c8-be33-49cc-8f06-5b592072fb7a","route":"/v1/run","statusCode":200,"durationMs":5.751417,"msg":"request completed"}
{"level":30,"time":1763068769542,"pid":66982,"hostname":"Mac.net","reqId":"d3cc83c1-163e-47a4-9135-5dc8d4222d79","route":"/v1/run","statusCode":200,"durationMs":0.48825,"msg":"request completed"}
{"level":30,"time":1763068769543,"pid":66982,"hostname":"Mac.net","reqId":"a7406450-83ee-48a2-8951-5a7bbcb91eb4","route":"/v1/health","statusCode":200,"durationMs":0.282083,"msg":"request completed"}
 ✓ tests/limited-event.test.ts (1 test) 382ms
{"level":30,"time":1763068769601,"pid":66982,"hostname":"Mac.net","reqId":"adcec31b-04f7-4ef0-b0c8-5a18836d48f2","route":"/v1/health","statusCode":200,"durationMs":0.294459,"msg":"request completed"}
 ✓ tests/circuit-breaker.polish.test.ts (3 tests) 310ms
 ✓ tests/request.guards.test.ts (1 test) 401ms
   ✓ request guards > 413 oversized body; 400 unknown field; JSON 429 headers; 400 out-of-range stream param  400ms
{"level":30,"time":1763068769619,"pid":66984,"hostname":"Mac.net","reqId":"902e670d-e7de-45f6-94b6-667c02163a7f","route":"/v1/run","statusCode":200,"durationMs":91.207875,"msg":"request completed"}
{"level":30,"time":1763068769624,"pid":66984,"hostname":"Mac.net","reqId":"9da1004d-1e33-4814-981d-561fdcfe1834","route":"/v1/run","statusCode":200,"durationMs":1.596625,"msg":"request completed"}
{"level":30,"time":1763068769626,"pid":66984,"hostname":"Mac.net","reqId":"ef495366-46fc-45ce-adc3-ff6ddfd08a66","route":"/v1/run","statusCode":200,"durationMs":1.155416,"msg":"request completed"}
{"level":30,"time":1763068769627,"pid":66984,"hostname":"Mac.net","reqId":"be31cdfb-8207-49ac-82c4-a041fa948d06","route":"/v1/run","statusCode":200,"durationMs":0.873458,"msg":"request completed"}
{"level":30,"time":1763068769629,"pid":66984,"hostname":"Mac.net","reqId":"9fcc309d-fb3b-4a4c-b484-98b11a6cbe60","route":"/v1/run","statusCode":200,"durationMs":1.11575,"msg":"request completed"}
{"level":30,"time":1763068769630,"pid":66984,"hostname":"Mac.net","reqId":"799439e6-84b2-411a-a70e-b3db2dbab423","route":"/v1/run","statusCode":200,"durationMs":0.95425,"msg":"request completed"}
{"level":30,"time":1763068769632,"pid":66984,"hostname":"Mac.net","reqId":"b333c85c-dd54-46c9-b4a4-8266fd545cf7","route":"/v1/run","statusCode":200,"durationMs":0.850125,"msg":"request completed"}
 ✓ tests/stream.retryable.isolation.test.ts (1 test) 238ms
{"level":30,"time":1763068769633,"pid":66984,"hostname":"Mac.net","reqId":"429768fd-f469-445f-9e66-6269ff9ef66b","route":"/v1/run","statusCode":200,"durationMs":0.988375,"msg":"request completed"}
{"level":30,"time":1763068769634,"pid":66984,"hostname":"Mac.net","reqId":"938eb926-0756-4aad-b4c2-228006396159","route":"/v1/run","statusCode":200,"durationMs":0.540792,"msg":"request completed"}
{"level":30,"time":1763068769635,"pid":66984,"hostname":"Mac.net","reqId":"e2a327d5-fdec-432a-9676-b1c004799083","route":"/v1/run","statusCode":200,"durationMs":0.45225,"msg":"request completed"}
 ✓ tests/confidence-determinism.test.ts (1 test) 289ms
 ✓ tests/contracts.rate-limit.headers.test.ts (1 test) 344ms
 ✓ tests/rate-limit.conformance.test.ts (2 tests) 489ms
{"level":30,"time":1763068769947,"pid":67054,"hostname":"Mac.net","msg":"Server listening at http://127.0.0.1:52920"}
{"level":40,"time":1763068769969,"pid":67054,"hostname":"Mac.net","reqId":"efeea9cd-147f-42ae-ae68-21e400212d34","q":{"foo":"1","demo":0,"latency_ms":0},"errors":[{"instancePath":"","schemaPath":"#/additionalProperties","keyword":"additionalProperties","params":{"additionalProperty":"foo"},"message":"must NOT have additional properties"}],"msg":"stream query validation failed"}
{"level":30,"time":1763068769972,"pid":67054,"hostname":"Mac.net","reqId":"efeea9cd-147f-42ae-ae68-21e400212d34","route":"/v1/stream","statusCode":400,"durationMs":20.769917,"msg":"request completed"}
{"level":30,"time":1763068769975,"pid":67054,"hostname":"Mac.net","reqId":"33462a14-67ab-4399-af7c-316dad7c45c9","demo":true,"msg":"sse start"}
{"level":30,"time":1763068769975,"pid":67054,"hostname":"Mac.net","reqId":"33462a14-67ab-4399-af7c-316dad7c45c9","msg":"sse end"}
{"level":30,"time":1763068769975,"pid":67054,"hostname":"Mac.net","reqId":"33462a14-67ab-4399-af7c-316dad7c45c9","route":"/v1/stream","statusCode":200,"durationMs":0.638125,"msg":"request completed"}
 ✓ tests/stream.query.validation.test.ts (2 tests) 269ms
 ✓ tests/evidence.test.ts (7 tests) 273ms
 ✓ tests/sensitivity.test.ts (8 tests) 332ms
 ❯ tests/audit.test.ts (5 tests | 5 failed) 324ms
   × Audit Surface > exposes /__audit__/recent when TEST_ROUTES=1 10ms
     → expected 404 to be 200 // Object.is equality
   × Audit Surface > records audit events with hashes only (no payloads) 9ms
     → Cannot read properties of undefined (reading 'filter')
   × Audit Surface > includes seed and inference_mode in audit 15ms
     → Cannot read properties of undefined (reading 'filter')
   × Audit Surface > provides audit stats 6ms
     → expected undefined to be defined
   × Audit Surface > respects limit parameter 38ms
     → Cannot read properties of undefined (reading 'length')
{"level":30,"time":1763068770190,"pid":67061,"hostname":"Mac.net","reqId":"0daf75fb-c774-4702-8bbe-28c65cf7b03b","route":"/v1/run","statusCode":200,"durationMs":84.265333,"msg":"request completed"}
{"level":30,"time":1763068770203,"pid":67085,"hostname":"Mac.net","msg":"Server listening at http://127.0.0.1:52940"}
{"level":30,"time":1763068770212,"pid":67061,"hostname":"Mac.net","reqId":"8c106701-3636-4569-a3ee-ffafbc77b344","route":"/v1/run","statusCode":200,"durationMs":1.568,"msg":"request completed"}
 ✓ tests/ident-tag-integration.test.ts (2 tests) 279ms
 ✓ tests/contracts.events.schema.test.ts (1 test) 353ms
{"level":30,"time":1763068770251,"pid":67085,"hostname":"Mac.net","reqId":"116f4025-8766-48ed-8ba1-cecb0416a27c","route":"/v1/validate","statusCode":200,"durationMs":23.610875,"msg":"request completed"}
 ✓ tests/validate.belief.warnings.test.ts (1 test) 245ms
 ✓ tests/run-effects.test.ts (8 tests) 643ms
 ❯ tests/run-batch.test.ts (8 tests | 5 failed) 185ms
   ✓ POST /v1/run_batch > processes batch of items 26ms
   ✓ POST /v1/run_batch > is deterministic per item 9ms
   ✓ POST /v1/run_batch > enforces batch size limit 4ms
   × POST /v1/run_batch > enforces per-item node limit 4ms
     → fetch failed
   × POST /v1/run_batch > enforces per-item edge limit 3ms
     → fetch failed
   × POST /v1/run_batch > validates item structure 1ms
     → fetch failed
   × POST /v1/run_batch > requires non-empty items array 1ms
     → fetch failed
   × POST /v1/run_batch > uses default seed per item if not provided 1ms
     → fetch failed
{"level":30,"time":1763068770500,"pid":67141,"hostname":"Mac.net","msg":"Server listening at http://127.0.0.1:52948"}
{"level":30,"time":1763068770519,"pid":67141,"hostname":"Mac.net","reqId":"4d8ad9eb-6606-42aa-b465-f4a246c4fbf7","route":"/v1/health","statusCode":200,"durationMs":1.805875,"msg":"request completed"}
 ✓ tests/health.env.test.ts (1 test) 255ms
{"level":30,"time":1763068770542,"pid":67143,"hostname":"Mac.net","msg":"Server listening at http://127.0.0.1:52951"}
{"level":30,"time":1763068770592,"pid":67143,"hostname":"Mac.net","reqId":"0edea289-c487-423e-afb0-46bdfc0fed07","latencyMs":300,"msg":"sse start"}
{"level":30,"time":1763068770616,"pid":67143,"hostname":"Mac.net","reqId":"0d27e3b8-90e9-4adb-b4cb-c47d182fff05","route":"/v1/stream","statusCode":429,"durationMs":0.929333,"msg":"request completed"}
{"level":30,"time":1763068770614,"pid":67162,"hostname":"Mac.net","reqId":"ef47f749-6917-4261-8492-378a4025d6ad","route":"/v1/run","statusCode":400,"durationMs":6.462083,"msg":"request completed"}
 ✓ tests/security.sse-429-json-headers.test.ts (1 test) 278ms
{"level":40,"time":1763068770627,"pid":67143,"hostname":"Mac.net","reqId":"0edea289-c487-423e-afb0-46bdfc0fed07","err":{"type":"Error","message":"aborted","stack":"Error: aborted\n    at abortIncoming (node:_http_server:796:17)\n    at socketOnClose (node:_http_server:790:3)\n    at Socket.emit (node:events:536:35)\n    at TCP.<anonymous> (node:net:343:12)","code":"ECONNRESET"},"msg":"sse client error/close"}
{"level":30,"time":1763068770628,"pid":67143,"hostname":"Mac.net","reqId":"0edea289-c487-423e-afb0-46bdfc0fed07","msg":"sse end"}
{"level":30,"time":1763068770644,"pid":67162,"hostname":"Mac.net","reqId":"9d108fb2-a305-4ab4-93f1-20f368be2035","route":"/v1/run","statusCode":400,"durationMs":26.483041,"msg":"request completed"}
{"level":30,"time":1763068770647,"pid":67162,"hostname":"Mac.net","reqId":"75b9ff46-a9d3-48e3-aae8-b5852557f395","route":"/v1/run","statusCode":400,"durationMs":1.664583,"msg":"request completed"}
{"level":30,"time":1763068770650,"pid":67162,"hostname":"Mac.net","reqId":"e18acf3e-5cd4-4feb-b53e-ac3f01342178","route":"/v1/run","statusCode":200,"durationMs":2.235917,"msg":"request completed"}
{"level":30,"time":1763068770660,"pid":67162,"hostname":"Mac.net","reqId":"632e7f70-b6db-476c-bf93-558ce20c5247","route":"/v1/run","statusCode":200,"durationMs":9.381291,"msg":"request completed"}
{"level":30,"time":1763068770664,"pid":67162,"hostname":"Mac.net","reqId":"135ac6aa-14c7-474c-be20-76d2ba7ed2c1","route":"/v1/run","statusCode":400,"durationMs":1.319167,"msg":"request completed"}
 ✓ tests/contract-hardening.test.ts (6 tests) 262ms
{"level":30,"time":1763068770667,"pid":67166,"hostname":"Mac.net","msg":"Server listening at http://127.0.0.1:52959"}
 ✓ tests/compare.test.ts (3 tests) 265ms
{"level":30,"time":1763068770694,"pid":67166,"hostname":"Mac.net","reqId":"703dcea5-7e04-40ed-afab-a947904d529a","latencyMs":500,"msg":"sse start"}
{"level":30,"time":1763068770698,"pid":67166,"hostname":"Mac.net","reqId":"59009718-d747-4c77-a7a7-a4a70de3d5aa","latencyMs":500,"msg":"sse start"}
{"level":30,"time":1763068770710,"pid":67170,"hostname":"Mac.net","reqId":"4b73ea8c-e00c-44de-bb3d-166867a5990d","route":"/v1/health","statusCode":200,"durationMs":1.848292,"msg":"request completed"}
{"level":30,"time":1763068770712,"pid":67166,"hostname":"Mac.net","reqId":"28dc8bfd-3587-4fd6-9d81-23acdb6ef61d","route":"/v1/stream","statusCode":429,"durationMs":2.001833,"msg":"request completed"}
{"level":40,"time":1763068770715,"pid":67166,"hostname":"Mac.net","reqId":"59009718-d747-4c77-a7a7-a4a70de3d5aa","err":{"type":"Error","message":"aborted","stack":"Error: aborted\n    at abortIncoming (node:_http_server:796:17)\n    at socketOnClose (node:_http_server:790:3)\n    at Socket.emit (node:events:536:35)\n    at TCP.<anonymous> (node:net:343:12)","code":"ECONNRESET"},"msg":"sse client error/close"}
{"level":30,"time":1763068770715,"pid":67166,"hostname":"Mac.net","reqId":"59009718-d747-4c77-a7a7-a4a70de3d5aa","msg":"sse end"}
{"level":40,"time":1763068770715,"pid":67166,"hostname":"Mac.net","reqId":"703dcea5-7e04-40ed-afab-a947904d529a","err":{"type":"Error","message":"aborted","stack":"Error: aborted\n    at abortIncoming (node:_http_server:796:17)\n    at socketOnClose (node:_http_server:790:3)\n    at Socket.emit (node:events:536:35)\n    at TCP.<anonymous> (node:net:343:12)","code":"ECONNRESET"},"msg":"sse client error/close"}
{"level":30,"time":1763068770715,"pid":67166,"hostname":"Mac.net","reqId":"703dcea5-7e04-40ed-afab-a947904d529a","msg":"sse end"}
 ✓ tests/preferences.test.ts (3 tests) 280ms
{"level":30,"time":1763068770730,"pid":67170,"hostname":"Mac.net","reqId":"987bd1a6-b1b2-4c52-893d-10255ea30dd0","route":"/v1/health","statusCode":200,"durationMs":0.705292,"msg":"request completed"}
{"level":30,"time":1763068770751,"pid":67170,"hostname":"Mac.net","reqId":"f0997312-b0a5-465b-852c-ecf31aa6f8ec","route":"/v1/health","statusCode":200,"durationMs":0.276958,"msg":"request completed"}
 ✓ tests/circuit-breaker.timeout.test.ts (3 tests) 184ms
{"level":30,"time":1763068770768,"pid":67166,"hostname":"Mac.net","reqId":"a084d063-9454-4219-85ad-a346654d006b","latencyMs":50,"msg":"sse start"}
{"level":40,"time":1763068770776,"pid":67166,"hostname":"Mac.net","reqId":"a084d063-9454-4219-85ad-a346654d006b","err":{"type":"Error","message":"aborted","stack":"Error: aborted\n    at abortIncoming (node:_http_server:796:17)\n    at socketOnClose (node:_http_server:790:3)\n    at Socket.emit (node:events:536:35)\n    at TCP.<anonymous> (node:net:343:12)","code":"ECONNRESET"},"msg":"sse client error/close"}
 ✓ tests/trust-proxy.ip.test.ts (1 test) 244ms
{"level":30,"time":1763068770776,"pid":67166,"hostname":"Mac.net","reqId":"a084d063-9454-4219-85ad-a346654d006b","msg":"sse end"}
 ✓ tests/stream.cancel.test.ts (2 tests | 1 skipped) 367ms
 ✓ tests/optimise.test.ts (4 tests) 558ms
{"level":30,"time":1704067200000,"pid":67228,"hostname":"Mac.net","msg":"Server listening at http://127.0.0.1:52971"}
{"level":30,"time":1704067200000,"pid":67228,"hostname":"Mac.net","reqId":"8f8d0a71-47e6-4fb1-9b1a-d55516c5c4c6","route":"/v1/run","statusCode":200,"msg":"request completed"}
{"level":30,"time":1704067200000,"pid":67228,"hostname":"Mac.net","reqId":"d43f1155-3938-4e95-babc-4e762e17e746","route":"/v1/run","statusCode":200,"msg":"request completed"}
{"level":30,"time":1704067200000,"pid":67228,"hostname":"Mac.net","reqId":"f5651960-db86-496d-b48d-0ced8d7ad2f0","route":"/v1/health","statusCode":200,"msg":"request completed"}
 ✓ tests/e2e/security.e2e.test.ts (3 tests) 213ms
{"level":30,"time":1763068771096,"pid":67232,"hostname":"Mac.net","msg":"Server listening at http://127.0.0.1:52977"}
{"level":30,"time":1763068771108,"pid":67230,"hostname":"Mac.net","reqId":"4007ec65-d9f3-4ffe-a89c-c19adff1922b","route":"/metrics","statusCode":404,"durationMs":1.504917,"msg":"request completed"}
{"level":30,"time":1763068771116,"pid":67232,"hostname":"Mac.net","reqId":"7e83e850-b669-40cd-80a5-5f54f4004b3a","route":"/v1/templates","statusCode":200,"durationMs":5.551708,"msg":"request completed"}
{"level":30,"time":1763068771124,"pid":67232,"hostname":"Mac.net","reqId":"a56644fe-20b0-4f70-854e-6224315d00dc","demo":true,"msg":"sse start"}
{"level":30,"time":1763068771124,"pid":67232,"hostname":"Mac.net","reqId":"a56644fe-20b0-4f70-854e-6224315d00dc","msg":"sse end"}
{"level":30,"time":1763068771124,"pid":67232,"hostname":"Mac.net","reqId":"a56644fe-20b0-4f70-854e-6224315d00dc","route":"/v1/stream","statusCode":200,"durationMs":1.451667,"msg":"request completed"}
{"level":30,"time":1763068771124,"pid":67231,"hostname":"Mac.net","msg":"Server listening at http://127.0.0.1:52981"}
 ✓ tests/routes.coexist.test.ts (2 tests) 197ms
{"level":30,"time":1763068771132,"pid":67230,"hostname":"Mac.net","reqId":"2eae50d9-c17d-413b-8d51-8da09c9315da","route":"/metrics","statusCode":200,"durationMs":0.339917,"msg":"request completed"}
{"level":30,"time":1763068771132,"pid":67230,"hostname":"Mac.net","reqId":"8619ff87-e5d4-4334-8b8e-8da3da2966bc","route":"/v1/health","statusCode":200,"durationMs":0.387917,"msg":"request completed"}
{"level":30,"time":1763068771133,"pid":67230,"hostname":"Mac.net","reqId":"19c5aff0-9ef6-4cf6-b30d-a32e5557f14f","route":"/metrics","statusCode":200,"durationMs":0.14775,"msg":"request completed"}
{"level":30,"time":1763068771133,"pid":67230,"hostname":"Mac.net","reqId":"188d1902-f54a-4c64-94ad-4cbe313fffe1","route":"/v1/health","statusCode":200,"durationMs":0.158875,"msg":"request completed"}
{"level":30,"time":1763068771133,"pid":67230,"hostname":"Mac.net","reqId":"d12dc035-4520-4210-ad9c-e578ccf9a1e5","route":"/metrics","statusCode":200,"durationMs":0.141208,"msg":"request completed"}
{"level":30,"time":1763068771134,"pid":67230,"hostname":"Mac.net","reqId":"b54ff714-ab0f-4984-92ba-24587daa9086","route":"/v1/health","statusCode":200,"durationMs":0.150625,"msg":"request completed"}
{"level":30,"time":1763068771134,"pid":67230,"hostname":"Mac.net","reqId":"7645b4fa-403f-422e-a243-79dc94abf181","route":"/metrics","statusCode":200,"durationMs":0.115166,"msg":"request completed"}
{"level":30,"time":1763068771135,"pid":67230,"hostname":"Mac.net","reqId":"df9262c4-f7f7-4818-9aba-9f03a48df90f","route":"/v1/health","statusCode":200,"durationMs":0.138041,"msg":"request completed"}
{"level":30,"time":1763068771135,"pid":67230,"hostname":"Mac.net","reqId":"91b5a16f-d26f-4f19-b4f6-51e7ff6fd531","route":"/metrics","statusCode":200,"durationMs":0.158625,"msg":"request completed"}
{"level":30,"time":1763068771172,"pid":67235,"hostname":"Mac.net","msg":"Server listening at http://127.0.0.1:52983"}
{"level":30,"time":1763068771173,"pid":67231,"hostname":"Mac.net","reqId":"84948f2b-db5d-4d78-b2ba-0d77f6172ad3","route":"/v1/validate","statusCode":200,"durationMs":31.821292,"msg":"request completed"}
{"level":30,"time":1763068771186,"pid":67230,"hostname":"Mac.net","reqId":"ed0eaaa8-b55e-40df-ae91-bdf6ad8f2fd8","route":"/v1/run","statusCode":200,"durationMs":48.774667,"msg":"request completed"}
{"level":30,"time":1763068771186,"pid":67230,"hostname":"Mac.net","reqId":"87c9d860-fd7f-4644-82f2-08be04493c5b","route":"/metrics","statusCode":200,"durationMs":0.15225,"msg":"request completed"}
{"level":30,"time":1763068771190,"pid":67230,"hostname":"Mac.net","reqId":"01277a26-729e-439e-bc03-3630f6a7b1cb","route":"/v1/run","statusCode":200,"durationMs":1.044584,"msg":"request completed"}
{"level":30,"time":1763068771191,"pid":67230,"hostname":"Mac.net","reqId":"cfc942a9-b792-45ab-847d-ce3adbb23b35","route":"/v1/run","statusCode":200,"durationMs":0.3275,"msg":"request completed"}
{"level":30,"time":1763068771191,"pid":67230,"hostname":"Mac.net","reqId":"61eef114-6995-465c-bc25-d26ff7b3d171","route":"/v1/run","statusCode":200,"durationMs":0.413,"msg":"request completed"}
{"level":30,"time":1763068771192,"pid":67240,"hostname":"Mac.net","msg":"Server listening at http://127.0.0.1:52984"}
 ✓ tests/validate.weight.magnitude.test.ts (1 test) 229ms
{"level":30,"time":1763068771192,"pid":67230,"hostname":"Mac.net","reqId":"6c6b07fa-c89d-440d-b69d-4ef6a9407339","route":"/v1/run","statusCode":200,"durationMs":0.303958,"msg":"request completed"}
{"level":30,"time":1763068771193,"pid":67230,"hostname":"Mac.net","reqId":"2ec28807-bf49-40d8-8604-6107759fe1fd","route":"/v1/health","statusCode":200,"durationMs":0.227959,"msg":"request completed"}
{"level":30,"time":1763068771193,"pid":67230,"hostname":"Mac.net","reqId":"cdef7afc-b5c2-4562-9c47-6288182a34c5","route":"/metrics","statusCode":200,"durationMs":0.082083,"msg":"request completed"}
{"level":30,"time":1763068771194,"pid":67230,"hostname":"Mac.net","reqId":"97277d11-a9b1-4bbd-94eb-3c186dbeafd5","route":"/v1/health","statusCode":200,"durationMs":0.67,"msg":"request completed"}
{"level":30,"time":1763068771194,"pid":67230,"hostname":"Mac.net","reqId":"174e7bf5-ad25-4a4d-b43a-da1931c4c7d7","route":"/metrics","statusCode":200,"durationMs":0.095167,"msg":"request completed"}
{"level":30,"time":1763068771194,"pid":67230,"hostname":"Mac.net","reqId":"bd981a89-e293-4414-bce0-0d41e13bf0e9","route":"/v1/health","statusCode":200,"durationMs":0.094084,"msg":"request completed"}
{"level":30,"time":1763068771194,"pid":67230,"hostname":"Mac.net","reqId":"9384056a-5602-4590-8272-ea69d27ec0f1","route":"/metrics","statusCode":200,"durationMs":0.080458,"msg":"request completed"}
{"level":30,"time":1763068771202,"pid":67230,"hostname":"Mac.net","reqId":"64ecebab-d899-4506-9e85-728f121e44c8","route":"/v1/health","statusCode":200,"durationMs":0.164292,"msg":"request completed"}
{"level":30,"time":1763068771202,"pid":67230,"hostname":"Mac.net","reqId":"9c89a5e0-a606-4cef-9467-d13a9c77917a","route":"/nonexistent","statusCode":404,"durationMs":0.132125,"msg":"request completed"}
{"level":30,"time":1763068771202,"pid":67230,"hostname":"Mac.net","reqId":"f68a1e46-98c3-401c-9e47-73fc4cdf59db","route":"/metrics","statusCode":200,"durationMs":0.123417,"msg":"request completed"}
 ✓ tests/metrics-prometheus.test.ts (12 tests) 286ms
 ✓ tests/demo-mode.test.ts (6 tests) 335ms
{"level":30,"time":1763068771267,"pid":67240,"hostname":"Mac.net","reqId":"087734c9-1d5b-4270-b363-ded13a26bf7f","route":"/v1/validate","statusCode":200,"durationMs":43.388667,"msg":"request completed"}
{"level":30,"time":1763068771281,"pid":67240,"hostname":"Mac.net","reqId":"455bd13e-e84e-4f65-94e9-a336d57eefe5","route":"/v1/validate","statusCode":200,"durationMs":3.491625,"msg":"request completed"}
 ✓ tests/validate.disconnected.nodes.test.ts (2 tests) 244ms
{"level":30,"time":1763068771300,"pid":67235,"hostname":"Mac.net","reqId":"cec26ea2-4e06-45eb-8dcf-4f25cec214fa","route":"/v1/run","statusCode":200,"durationMs":89.306875,"msg":"request completed"}
 ✓ tests/run.shape.scm-lite-off.test.ts (1 test) 413ms
{"level":30,"time":1763068771365,"pid":67244,"hostname":"Mac.net","msg":"Server listening at http://127.0.0.1:52992"}
{"level":30,"time":1763068771392,"pid":67241,"hostname":"Mac.net","msg":"Server listening at http://127.0.0.1:52996"}
{"level":30,"time":1763068771449,"pid":67244,"hostname":"Mac.net","reqId":"fbc08edf-572e-456f-8528-e7dda4465be3","route":"/v1/critique","statusCode":400,"durationMs":80.02125,"msg":"request completed"}
 ✓ tests/body.critique.additional-props.test.ts (1 test) 314ms
{"level":30,"time":1763068771536,"pid":67241,"hostname":"Mac.net","reqId":"60397314-79cd-4361-a525-c452b0a35fb3","route":"/v1/run","statusCode":400,"durationMs":119.623542,"msg":"request completed"}
 ✓ tests/body.run.additional-props.test.ts (1 test) 392ms
{"level":30,"time":1704067200000,"pid":67248,"hostname":"Mac.net","msg":"Server listening at http://127.0.0.1:53006"}
 ✓ tests/stream.rate-limit.test.ts (1 test) 299ms
{"level":30,"time":1704067200000,"pid":67248,"hostname":"Mac.net","reqId":"7fa7f054-3be5-4049-a6c4-b53a1108d7f2","route":"/v1/run","statusCode":200,"msg":"request completed"}
{"level":30,"time":1704067200000,"pid":67248,"hostname":"Mac.net","reqId":"fad44e4a-9bdd-4525-a45c-526a579391ba","route":"/v1/run","statusCode":200,"msg":"request completed"}
{"level":30,"time":1704067200000,"pid":67248,"hostname":"Mac.net","reqId":"204a3bbd-4519-4ed3-be0b-2644f66424cf","route":"/v1/run","statusCode":200,"msg":"request completed"}
 ✓ tests/auth.minimal.test.ts (2 tests) 400ms
{"level":30,"time":1704067200000,"pid":67248,"hostname":"Mac.net","reqId":"b2ef8902-0a45-45d7-9430-24d3a359eb83","route":"/v1/run","statusCode":200,"msg":"request completed"}
{"level":30,"time":1704067200000,"pid":67248,"hostname":"Mac.net","reqId":"1af9cba3-a1bc-43b2-8a04-41e61692a625","route":"/v1/run","statusCode":200,"msg":"request completed"}
{"level":30,"time":1704067200000,"pid":67248,"hostname":"Mac.net","reqId":"1aead7ed-4fb5-45ff-80ab-827268556f93","route":"/v1/run","statusCode":200,"msg":"request completed"}
{"level":30,"time":1704067200000,"pid":67248,"hostname":"Mac.net","reqId":"6adb0a56-5812-4791-80fb-f142998f02ef","route":"/v1/run","statusCode":200,"msg":"request completed"}
{"level":30,"time":1704067200000,"pid":67248,"hostname":"Mac.net","reqId":"d9a7b5ef-d4af-4142-80d6-90b91fe952f1","route":"/v1/run","statusCode":200,"msg":"request completed"}
{"level":30,"time":1704067200000,"pid":67248,"hostname":"Mac.net","reqId":"2a2266d4-5f00-4153-afa4-28a0feedaa53","route":"/v1/run","statusCode":200,"msg":"request completed"}
{"level":30,"time":1704067200000,"pid":67248,"hostname":"Mac.net","reqId":"564b5933-dd0a-4269-bd2c-8ab42a2a0848","route":"/v1/run","statusCode":200,"msg":"request completed"}
{"level":30,"time":1704067200000,"pid":67248,"hostname":"Mac.net","reqId":"f2a3ec17-7153-49c4-ab76-a4bf24deb34b","route":"/v1/run","statusCode":200,"msg":"request completed"}
{"level":30,"time":1704067200000,"pid":67248,"hostname":"Mac.net","reqId":"a4260cae-07e1-445f-bb1d-4ae03cf8e3cf","route":"/v1/run","statusCode":200,"msg":"request completed"}
{"level":30,"time":1704067200000,"pid":67248,"hostname":"Mac.net","reqId":"71f0e8d8-a277-446b-80ec-1658c336e025","route":"/v1/run","statusCode":200,"msg":"request completed"}
{"level":30,"time":1704067200000,"pid":67248,"hostname":"Mac.net","reqId":"c11e5723-8175-48ba-88d9-75f46e2e5f09","route":"/v1/run","statusCode":200,"msg":"request completed"}
{"level":30,"time":1704067200000,"pid":67248,"hostname":"Mac.net","reqId":"60d256a6-1296-4d4f-b8e3-2dcbbab9b811","route":"/v1/run","statusCode":200,"msg":"request completed"}
{"level":30,"time":1704067200000,"pid":67248,"hostname":"Mac.net","reqId":"04658233-850d-42f1-aa33-9bf0353dfe97","route":"/v1/run","statusCode":200,"msg":"request completed"}
{"level":30,"time":1704067200000,"pid":67248,"hostname":"Mac.net","reqId":"02daa523-b80e-44df-9602-b9ee0ede596d","route":"/v1/run","statusCode":200,"msg":"request completed"}
{"level":30,"time":1704067200000,"pid":67248,"hostname":"Mac.net","reqId":"2f5f94b8-eb43-478f-b77b-db0be5ea483f","route":"/v1/run","statusCode":200,"msg":"request completed"}
{"level":30,"time":1704067200000,"pid":67248,"hostname":"Mac.net","reqId":"86a6fddc-a7bc-41bf-aa3b-005626e2f321","route":"/v1/run","statusCode":200,"msg":"request completed"}
{"level":30,"time":1704067200000,"pid":67248,"hostname":"Mac.net","reqId":"7fd1436f-3134-435c-a3df-56041c3d214d","route":"/v1/run","statusCode":200,"msg":"request completed"}
{"level":30,"time":1763068771715,"pid":67253,"hostname":"Mac.net","msg":"Server listening at http://127.0.0.1:53043"}
{"level":30,"time":1704067200000,"pid":67248,"hostname":"Mac.net","reqId":"54472fc6-52a3-41b1-86ec-559cead6f4d7","route":"/v1/run","statusCode":200,"msg":"request completed"}
{"level":30,"time":1704067200000,"pid":67248,"hostname":"Mac.net","reqId":"6bc50b0d-0fda-46d9-82dd-ddf6dde6413e","route":"/v1/run","statusCode":200,"msg":"request completed"}
{"level":30,"time":1704067200000,"pid":67248,"hostname":"Mac.net","reqId":"269e3a55-c4fe-4d64-8b07-741a5a50c47e","route":"/v1/run","statusCode":200,"msg":"request completed"}
{"level":30,"time":1704067200000,"pid":67248,"hostname":"Mac.net","reqId":"6029505b-4271-4bba-84ec-2907db21bd1e","route":"/v1/run","statusCode":200,"msg":"request completed"}
{"level":30,"time":1704067200000,"pid":67248,"hostname":"Mac.net","reqId":"2557599a-6db8-4113-b14a-994daef727ed","route":"/v1/run","statusCode":200,"msg":"request completed"}
{"level":30,"time":1704067200000,"pid":67248,"hostname":"Mac.net","reqId":"2071933b-45f4-46ad-8697-170b8b5a5e54","route":"/v1/run","statusCode":200,"msg":"request completed"}
{"level":30,"time":1704067200000,"pid":67248,"hostname":"Mac.net","reqId":"97d7a9ac-1bb2-4a00-9bac-0d4d4bbe11e1","route":"/v1/run","statusCode":200,"msg":"request completed"}
{"level":30,"time":1704067200000,"pid":67248,"hostname":"Mac.net","reqId":"6eb0bc55-b945-48ba-bcb5-6243ee6bd74c","route":"/v1/run","statusCode":200,"msg":"request completed"}
{"level":30,"time":1704067200000,"pid":67248,"hostname":"Mac.net","reqId":"cae1d0d7-4a23-4b6e-b93a-9a8e02248d9a","route":"/v1/run","statusCode":400,"msg":"request completed"}
{"level":30,"time":1704067200000,"pid":67248,"hostname":"Mac.net","reqId":"10d6e6c8-5f8a-4638-a9c3-9b798156a580","route":"/v1/run","statusCode":500,"msg":"request completed"}
{"level":30,"time":1704067200000,"pid":67248,"hostname":"Mac.net","reqId":"fcb9616c-035f-4166-9261-7330377873f9","route":"/v1/run","statusCode":200,"msg":"request completed"}
{"level":30,"time":1763068771735,"pid":67253,"hostname":"Mac.net","reqId":"71578cb6-b51f-4ca4-9aab-4fe099ea93db","route":"/v1/health","statusCode":401,"durationMs":3.159833,"msg":"request completed"}
 ✓ tests/e2e/run.e2e.test.ts (6 tests) 314ms
{"level":30,"time":1763068771742,"pid":67253,"hostname":"Mac.net","reqId":"9ed21db1-bc3c-428c-a627-877e76316eda","route":"/v1/health","statusCode":403,"durationMs":0.307625,"msg":"request completed"}
{"level":30,"time":1763068771745,"pid":67253,"hostname":"Mac.net","reqId":"24ac8094-040e-4b0b-aa34-a9312e2209fc","route":"/v1/health","statusCode":403,"durationMs":1.520375,"msg":"request completed"}
{"level":30,"time":1763068771749,"pid":67253,"hostname":"Mac.net","reqId":"f8ddfc6f-9a6e-4c7f-8852-e8d1c5ec9924","route":"/v1/health","statusCode":200,"durationMs":1.090834,"msg":"request completed"}
 ✓ tests/metrics.enriched.test.ts (1 test) 326ms
 ✓ tests/auth.timing-safe.test.ts (4 tests) 290ms
{"level":30,"time":1763068771859,"pid":67259,"hostname":"Mac.net","msg":"Server listening at http://127.0.0.1:53055"}
{"level":30,"time":1763068771907,"pid":67259,"hostname":"Mac.net","reqId":"26786836-86cb-494f-aed9-59dabd697507","route":"/v1/draft","statusCode":200,"durationMs":30.554083,"msg":"request completed"}
 ✓ tests/validate.endpoint.test.ts (1 test) 452ms
   ✓ /v1/validate > valid payload returns valid:true  452ms
{"level":30,"time":1763068771940,"pid":67259,"hostname":"Mac.net","msg":"Server listening at http://127.0.0.1:53055"}
{"level":30,"time":1763068771947,"pid":67259,"hostname":"Mac.net","reqId":"00a34793-db96-490f-b557-87fa8ce1fb59","route":"/v1/draft","statusCode":200,"durationMs":3.006208,"msg":"request completed"}
{"level":30,"time":1763068771952,"pid":67259,"hostname":"Mac.net","reqId":"f4e507ca-111a-403a-9899-2a9fe8595e94","latencyMs":0,"msg":"sse start"}
{"level":30,"time":1763068771954,"pid":67259,"hostname":"Mac.net","reqId":"f4e507ca-111a-403a-9899-2a9fe8595e94","msg":"sse end"}
 ✓ tests/trace.passthrough.test.ts (2 tests) 343ms
{"level":30,"time":1763068771954,"pid":67259,"hostname":"Mac.net","reqId":"f4e507ca-111a-403a-9899-2a9fe8595e94","route":"/v1/stream","statusCode":200,"durationMs":3.276917,"msg":"request completed"}
 ✓ tests/rate-limit.rollover.test.ts (1 test) 363ms
{"level":30,"time":1763068772158,"pid":67285,"hostname":"Mac.net","reqId":"bd845c52-4414-4129-a786-2a4352e6a26c","route":"/v1/run","statusCode":200,"durationMs":33.71225,"msg":"request completed"}
{"level":30,"time":1763068772161,"pid":67285,"hostname":"Mac.net","reqId":"b4d7f2d3-ac09-4384-87ae-ebdeb94426cd","route":"/v1/run","statusCode":200,"durationMs":1.300916,"msg":"request completed"}
{"level":30,"time":1763068772163,"pid":67285,"hostname":"Mac.net","reqId":"cc60219d-55fa-493a-bb5d-3f678f4d6f8c","route":"/metrics","statusCode":200,"durationMs":0.743334,"msg":"request completed"}
{"level":30,"time":1763068772165,"pid":67285,"hostname":"Mac.net","reqId":"ec3fe9d6-1754-4192-aa08-8ba72a18bd4a","route":"/v1/health","statusCode":200,"durationMs":0.830833,"msg":"request completed"}
 ✓ tests/security/rate-limit.headers.test.ts (1 test) 309ms
{"level":30,"time":1763068772185,"pid":67288,"hostname":"Mac.net","msg":"Server listening at http://127.0.0.1:53080"}
{"level":30,"time":1763068772189,"pid":67285,"hostname":"Mac.net","reqId":"9a001fef-8317-454f-b33c-933e5b8423d6","route":"/v1/health","statusCode":200,"durationMs":1.803334,"msg":"request completed"}
{"level":30,"time":1763068772209,"pid":67288,"hostname":"Mac.net","reqId":"08efb8c7-efa9-4b3a-a8b0-a4338122e38a","route":"/v1/templates/:id/graph","statusCode":200,"durationMs":2.236833,"msg":"request completed"}
{"level":30,"time":1763068772215,"pid":67288,"hostname":"Mac.net","reqId":"d3477783-6642-4d74-8c62-8d12410b6e2d","route":"/v1/templates/:id/graph","statusCode":200,"durationMs":0.195959,"msg":"request completed"}
 ✓ tests/secret-rotation.test.ts (3 tests) 331ms
{"level":30,"time":1763068772263,"pid":67288,"hostname":"Mac.net","reqId":"99f49d03-e36b-45c6-a6b9-8489dcebc6eb","route":"/v1/run","statusCode":200,"durationMs":45.313792,"msg":"request completed"}
 ✓ tests/sdk.checksum.guard.test.ts (1 test) 319ms
{"level":30,"time":1763068772268,"pid":67288,"hostname":"Mac.net","reqId":"3f44e583-830a-4920-821b-a3132c35dff8","route":"/v1/run","statusCode":200,"durationMs":1.799541,"msg":"request completed"}
{"level":30,"time":1763068772271,"pid":67288,"hostname":"Mac.net","reqId":"07c6ef71-a230-4bf5-9851-bc4ea5312992","route":"/v1/templates/:id/graph","statusCode":200,"durationMs":1.163458,"msg":"request completed"}
{"level":30,"time":1763068772273,"pid":67288,"hostname":"Mac.net","reqId":"0d561593-1040-4dc6-a787-56e16b1c4796","route":"/v1/validate","statusCode":200,"durationMs":0.780333,"msg":"request completed"}
{"level":30,"time":1763068772275,"pid":67288,"hostname":"Mac.net","reqId":"3fbfb6dd-346b-4735-afff-aa89d9bc639e","route":"/v1/templates/:id/graph","statusCode":200,"durationMs":0.212584,"msg":"request completed"}
 ✓ tests/templates/feature_rollout_phased_learning.test.ts (4 tests) 441ms
 ✓ tests/idempotency.rpm-skip.test.ts (1 test) 424ms
   ✓ Idempotent replays do not consume RPM for POST /v1/run > same Idempotency-Key does not decrement remaining; new key 429s under tiny RPM  424ms
 ✓ tests/openapi.dev-etag.test.ts (1 test) 358ms
{"level":30,"time":1704067200000,"pid":67303,"hostname":"Mac.net","msg":"Server listening at http://127.0.0.1:53100"}
 ✓ tests/contracts.head.strict-parity.test.ts (1 test) 373ms
{"level":30,"time":1704067200000,"pid":67303,"hostname":"Mac.net","reqId":"2f5993ba-f6a2-4ffe-aa4b-fc1e11c4efa4","route":"/v1/self-check","statusCode":200,"msg":"request completed"}
 ✓ tests/health.size.test.ts (1 test) 360ms
{"level":30,"time":1704067200000,"pid":67303,"hostname":"Mac.net","reqId":"9c72c6e0-3efa-43d1-9b9f-4aef13fa574d","route":"/v1/run","statusCode":200,"msg":"request completed"}
 ✓ tests/e2e/selfcheck.e2e.test.ts (2 tests) 307ms
{"level":30,"time":1763068772683,"pid":67310,"hostname":"Mac.net","msg":"Server listening at http://127.0.0.1:53113"}
{"level":30,"time":1763068772711,"pid":67310,"hostname":"Mac.net","reqId":"648e7f1e-9f42-40a7-be50-10d91271836e","route":"/v1/run","statusCode":200,"durationMs":3.013083,"msg":"request completed"}
{"level":30,"time":1763068772718,"pid":67310,"hostname":"Mac.net","reqId":"babb54f3-0f30-4c85-b145-8572ead420bc","route":"/v1/run","statusCode":200,"durationMs":0.543625,"msg":"request completed"}
{"level":30,"time":1763068772722,"pid":67310,"hostname":"Mac.net","reqId":"50e1fd70-b810-49e9-9d76-5c664d9ef410","demo":true,"msg":"sse start"}
{"level":30,"time":1763068772723,"pid":67310,"hostname":"Mac.net","reqId":"50e1fd70-b810-49e9-9d76-5c664d9ef410","msg":"sse end"}
{"level":30,"time":1763068772723,"pid":67310,"hostname":"Mac.net","reqId":"50e1fd70-b810-49e9-9d76-5c664d9ef410","route":"/v1/stream","statusCode":200,"durationMs":1.13375,"msg":"request completed"}
 ✓ tests/trace.id.test.ts (2 tests) 201ms
 ✓ tests/stream.resume.test.ts (1 test) 341ms
 ✓ tests/stream.retryable.test.ts (1 test) 331ms
 ✓ tests/contracts/head-parity.test.ts (1 test) 328ms
{"level":30,"time":1763068772818,"pid":67319,"hostname":"Mac.net","reqId":"e27c6815-369d-4594-83b8-2eff89f8882f","route":"/v1/limits","statusCode":200,"durationMs":1.704083,"msg":"request completed"}
{"level":30,"time":1763068772844,"pid":67319,"hostname":"Mac.net","reqId":"89c16c95-2dfb-4b04-b5d1-a850f80545e8","route":"/v1/limits","statusCode":200,"durationMs":0.148875,"msg":"request completed"}
{"level":30,"time":1763068772851,"pid":67317,"hostname":"Mac.net","reqId":"3611231f-cf0d-408e-b897-8b52df79666e","route":"/v1/run","statusCode":200,"durationMs":38.108208,"msg":"request completed"}
{"level":30,"time":1763068772852,"pid":67317,"hostname":"Mac.net","reqId":"aae12b33-8340-4f90-9cae-42a47ad90376","route":"/v1/run","statusCode":200,"durationMs":0.7445,"msg":"request completed"}
{"level":30,"time":1763068772853,"pid":67317,"hostname":"Mac.net","reqId":"9c85046a-32a3-420b-a5ac-e906a6a2027b","route":"/v1/run","statusCode":200,"durationMs":0.453584,"msg":"request completed"}
{"level":30,"time":1763068772856,"pid":67317,"hostname":"Mac.net","reqId":"5d18a1a0-10bd-4868-996f-61c20e6a65f6","route":"/v1/run","statusCode":200,"durationMs":2.810625,"msg":"request completed"}
{"level":30,"time":1763068772858,"pid":67317,"hostname":"Mac.net","reqId":"f0a17d78-c7a2-48fe-ae34-af1c2285fb63","route":"/v1/run","statusCode":200,"durationMs":1.634,"msg":"request completed"}
{"level":30,"time":1763068772860,"pid":67317,"hostname":"Mac.net","reqId":"c50829b5-b4c0-40d6-881c-3b92a8f37fc0","route":"/v1/run","statusCode":200,"durationMs":1.169833,"msg":"request completed"}
{"level":30,"time":1763068772863,"pid":67317,"hostname":"Mac.net","reqId":"a8067dfd-d310-4aee-8856-9936a924c939","route":"/v1/run","statusCode":200,"durationMs":3.158708,"msg":"request completed"}
{"level":30,"time":1763068772865,"pid":67317,"hostname":"Mac.net","reqId":"2f4501ee-2569-4f5d-949d-2f154bdb45a3","route":"/v1/run","statusCode":200,"durationMs":1.184083,"msg":"request completed"}
{"level":30,"time":1763068772866,"pid":67317,"hostname":"Mac.net","reqId":"20ec8199-7b28-4d75-a307-af086c4a11b1","route":"/v1/run","statusCode":200,"durationMs":0.466167,"msg":"request completed"}
{"level":30,"time":1763068772866,"pid":67317,"hostname":"Mac.net","reqId":"5ce82e3d-a1f2-4707-8b63-f5b731704995","route":"/v1/run","statusCode":200,"durationMs":0.462417,"msg":"request completed"}
 ✓ tests/ident-tag-determinism.test.ts (1 test) 208ms
{"level":30,"time":1763068772868,"pid":67319,"hostname":"Mac.net","reqId":"d4d6e6fa-902c-4eec-9190-493e44dd8772","route":"/v1/limits","statusCode":200,"durationMs":0.185833,"msg":"request completed"}
{"level":40,"time":1763068772869,"pid":67319,"hostname":"Mac.net","reqId":"e125c22a-7ad6-4723-8765-d1dcaea97b6c","evt":"oversize","id":"e125c22a-7ad6-4723-8765-d1dcaea97b6c","route":"/v1/run","bytes":128922,"reason":"body_too_large"}
{"level":30,"time":1763068772869,"pid":67319,"hostname":"Mac.net","reqId":"e125c22a-7ad6-4723-8765-d1dcaea97b6c","route":"/v1/run","statusCode":413,"durationMs":0.573333,"msg":"request completed"}
 ✓ tests/limits.size-contract.test.ts (3 tests) 204ms
{"level":30,"time":1763068772924,"pid":67324,"hostname":"Mac.net","msg":"Server listening at http://127.0.0.1:53124"}
{"level":30,"time":1763068772940,"pid":67326,"hostname":"Mac.net","msg":"Server listening at http://127.0.0.1:53126"}
{"level":30,"time":1763068772947,"pid":67324,"hostname":"Mac.net","reqId":"b08a4495-7805-47e0-8d16-b994a6e237a4","route":"/v1/run","statusCode":204,"durationMs":2.607333,"msg":"request completed"}
{"level":30,"time":1763068772969,"pid":67326,"hostname":"Mac.net","reqId":"2b52b44a-9606-4628-8d1f-e1458355452c","route":"/v1/templates/:id/graph","statusCode":200,"durationMs":8.896083,"msg":"request completed"}
 ✓ tests/templates.belief.present.test.ts (1 test) 201ms
 ✓ tests/run.head.probe.test.ts (1 test) 237ms
{"level":30,"time":1763068773085,"pid":67329,"hostname":"Mac.net","msg":"Server listening at http://127.0.0.1:53131"}
{"level":30,"time":1763068773131,"pid":67329,"hostname":"Mac.net","reqId":"5cf6b55c-2eab-4588-851a-2b694f8675bc","route":"/v1/draft","statusCode":400,"durationMs":38.411875,"msg":"request completed"}
 ✓ tests/body.draft.additional-props.test.ts (1 test) 253ms
{"level":30,"time":1763068773208,"pid":67331,"hostname":"Mac.net","msg":"Server listening at http://127.0.0.1:53135"}
{"level":30,"time":1763068773213,"pid":67333,"hostname":"Mac.net","msg":"Server listening at http://127.0.0.1:53137"}
{"level":30,"time":1763068773230,"pid":67333,"hostname":"Mac.net","reqId":"a9fecfde-1233-41b4-bfd1-e4af5b08c1a2","route":"/v1/templates/:id/graph","statusCode":200,"durationMs":3.346584,"msg":"request completed"}
{"level":30,"time":1763068773268,"pid":67331,"hostname":"Mac.net","reqId":"c73e6d85-5d17-489d-8f04-2649b9e3a5ab","route":"/v1/counterfactual","statusCode":400,"durationMs":53.557375,"msg":"request completed"}
 ✓ tests/body.counterfactual.additional-props.test.ts (1 test) 231ms
 ✓ tests/counterfactual.zero-baseline.test.ts (4 tests | 1 skipped) 355ms
{"level":30,"time":1763068773335,"pid":67333,"hostname":"Mac.net","reqId":"0affabca-f438-4893-b196-6f6f02035dad","route":"/v1/run","statusCode":200,"durationMs":78.832667,"msg":"request completed"}
{"level":30,"time":1763068773339,"pid":67333,"hostname":"Mac.net","reqId":"00fef40a-22be-4eb3-a0fa-3d915d98bea4","route":"/v1/run","statusCode":200,"durationMs":2.940334,"msg":"request completed"}
 ✓ tests/run.determinism.enriched.test.ts (1 test) 283ms
{"level":30,"time":1763068773350,"pid":67339,"hostname":"Mac.net","msg":"Server listening at http://127.0.0.1:53144"}
{"level":30,"time":1763068773366,"pid":67335,"hostname":"Mac.net","reqId":"4a2296d0-ecbe-4ebc-889a-1b2ff63e3f92","route":"/v1/run","statusCode":200,"durationMs":47.623458,"msg":"request completed"}
{"level":30,"time":1763068773368,"pid":67335,"hostname":"Mac.net","reqId":"5e6da326-3f77-4a75-8e4e-2e1a59b96a97","route":"/v1/run","statusCode":200,"durationMs":0.750709,"msg":"request completed"}
{"level":30,"time":1763068773369,"pid":67335,"hostname":"Mac.net","reqId":"93d441f3-f57d-4433-8ada-3183d8512b5f","route":"/v1/run","statusCode":200,"durationMs":0.496167,"msg":"request completed"}
{"level":30,"time":1763068773370,"pid":67335,"hostname":"Mac.net","reqId":"c4d4978a-e7d6-485e-bb13-17e5ed6cc357","route":"/v1/run","statusCode":200,"durationMs":1.328167,"msg":"request completed"}
{"level":30,"time":1763068773372,"pid":67339,"hostname":"Mac.net","reqId":"2c93d7e1-68b1-495c-8d8c-05c788ae8a54","route":"/v1/health","statusCode":200,"durationMs":3.230375,"msg":"request completed"}
{"level":30,"time":1763068773372,"pid":67335,"hostname":"Mac.net","reqId":"a0045f29-c893-4ed6-83f7-98dde6d14c07","route":"/v1/run","statusCode":200,"durationMs":1.567834,"msg":"request completed"}
{"level":30,"time":1763068773373,"pid":67335,"hostname":"Mac.net","reqId":"f78585ec-a73e-426a-82db-4d0a75a0e376","route":"/v1/run","statusCode":200,"durationMs":0.534959,"msg":"request completed"}
{"level":30,"time":1763068773374,"pid":67335,"hostname":"Mac.net","reqId":"17659efe-16a7-481e-b2fc-04f254f46b14","route":"/v1/run","statusCode":200,"durationMs":0.436417,"msg":"request completed"}
{"level":30,"time":1763068773375,"pid":67335,"hostname":"Mac.net","reqId":"96b297e6-a244-4333-b328-6dc0c65ec1e9","route":"/v1/run","statusCode":200,"durationMs":0.452833,"msg":"request completed"}
{"level":30,"time":1763068773375,"pid":67335,"hostname":"Mac.net","reqId":"09674779-a879-4292-9926-da9f5a384c86","route":"/v1/run","statusCode":200,"durationMs":0.364208,"msg":"request completed"}
{"level":30,"time":1763068773376,"pid":67335,"hostname":"Mac.net","reqId":"59b57417-95e3-4e44-9f7f-9dd89394953b","route":"/v1/run","statusCode":200,"durationMs":0.399833,"msg":"request completed"}
 ✓ tests/adaptive-k-sanity.test.ts (5 tests) 258ms
 ✓ tests/health.enrich.test.ts (1 test) 215ms
{"level":30,"time":1763068773410,"pid":67344,"hostname":"Mac.net","reqId":"b8f83c06-2ed4-40f3-8363-e75ea54228b4","route":"/v1/health","statusCode":200,"durationMs":1.887833,"msg":"request completed"}
{"level":30,"time":1763068773430,"pid":67344,"hostname":"Mac.net","reqId":"5d643465-b2ac-4a5a-943d-38987098be8b","route":"/v1/health","statusCode":200,"durationMs":2.2885,"msg":"request completed"}
{"level":30,"time":1763068773432,"pid":67344,"hostname":"Mac.net","reqId":"6f316d36-0929-457d-a5d2-b3a77a086986","demo":true,"msg":"sse start"}
{"level":30,"time":1763068773432,"pid":67344,"hostname":"Mac.net","reqId":"6f316d36-0929-457d-a5d2-b3a77a086986","msg":"sse end"}
{"level":30,"time":1763068773432,"pid":67344,"hostname":"Mac.net","reqId":"6f316d36-0929-457d-a5d2-b3a77a086986","route":"/v1/stream","statusCode":200,"durationMs":1.069625,"msg":"request completed"}
{"level":30,"time":1763068773433,"pid":67344,"hostname":"Mac.net","reqId":"882fac5d-d4a2-4d49-9d20-c0b36236ee38","route":"/v1/health","statusCode":200,"durationMs":0.406375,"msg":"request completed"}
{"level":30,"time":1763068773439,"pid":67345,"hostname":"Mac.net","msg":"Server listening at http://[::1]:53149"}
{"level":30,"time":1763068773440,"pid":67345,"hostname":"Mac.net","msg":"Server listening at http://127.0.0.1:53149"}
 ✓ tests/security.headers.test.ts (1 test) 351ms
{"level":30,"time":1763068773457,"pid":67345,"hostname":"Mac.net","reqId":"a2d4a4cb-5617-4eab-862f-13e11bdfbd2a","route":"/metrics","statusCode":200,"durationMs":1.59925,"msg":"request completed"}
{"level":30,"time":1763068773467,"pid":67345,"hostname":"Mac.net","reqId":"ce2af792-f148-4892-8b97-4113fa82a537","route":"/v1/run","statusCode":400,"durationMs":1.355875,"msg":"request completed"}
{"level":30,"time":1763068773469,"pid":67345,"hostname":"Mac.net","reqId":"6e73cad6-c432-43d4-8547-b5b2d91a715d","route":"/metrics","statusCode":200,"durationMs":0.777334,"msg":"request completed"}
 ✓ tests/p0-1-validation-metric.e2e.test.ts (2 tests | 1 skipped) 168ms
{"level":30,"time":1763068773496,"pid":67344,"hostname":"Mac.net","reqId":"4adae7f9-dd8a-4fd0-98ad-ee54039c6e82","latencyMs":0,"msg":"sse start"}
{"level":30,"time":1763068773498,"pid":67344,"hostname":"Mac.net","reqId":"4adae7f9-dd8a-4fd0-98ad-ee54039c6e82","msg":"sse end"}
{"level":30,"time":1763068773498,"pid":67344,"hostname":"Mac.net","reqId":"4adae7f9-dd8a-4fd0-98ad-ee54039c6e82","route":"/v1/stream","statusCode":200,"durationMs":39.034416,"msg":"request completed"}
{"level":30,"time":1763068773531,"pid":67344,"hostname":"Mac.net","reqId":"2f857593-e282-4792-ac12-17f2abc399c7","route":"/v1/health","statusCode":200,"durationMs":0.651792,"msg":"request completed"}
 ✓ tests/sse-guardrails.test.ts (4 tests) 292ms
{"level":30,"time":1763068773660,"pid":67349,"hostname":"Mac.net","reqId":"f4435441-02e0-4f81-a8aa-088db45c2781","route":"/v1/run","statusCode":200,"durationMs":91.890375,"msg":"request completed"}
{"level":30,"time":1763068773667,"pid":67349,"hostname":"Mac.net","reqId":"5dd29734-8bb2-47f9-84a8-3b6755758490","route":"/v1/run","statusCode":200,"durationMs":0.799834,"msg":"request completed"}
{"level":30,"time":1763068773669,"pid":67349,"hostname":"Mac.net","reqId":"3f0b6413-65c9-417e-a13d-fcf5975215e0","route":"/v1/run","statusCode":200,"durationMs":0.743834,"msg":"request completed"}
{"level":30,"time":1763068773670,"pid":67349,"hostname":"Mac.net","reqId":"107ad0f2-1fe9-4927-90d0-e7927eeb898f","route":"/v1/run","statusCode":200,"durationMs":0.3805,"msg":"request completed"}
 ✓ tests/principal-unification.integration.test.ts (2 tests) 293ms
{"level":30,"time":1763068773772,"pid":67351,"hostname":"Mac.net","msg":"Server listening at http://127.0.0.1:53156"}
 ✓ tests/contracts.report.schema.test.ts (1 test) 249ms
{"level":30,"time":1763068773839,"pid":67351,"hostname":"Mac.net","reqId":"4e87c51f-866d-46aa-a1b1-721d2d77eb5e","route":"/v1/counterfactual","statusCode":400,"durationMs":57.381208,"msg":"request completed"}
 ✓ tests/body.counterfactual.nested-additional-props.test.ts (1 test) 285ms
{"level":30,"time":1763068773854,"pid":67357,"hostname":"Mac.net","reqId":"8c2bbf26-e3d6-4d28-8e5b-148f19627fb7","route":"/v1/run","statusCode":200,"durationMs":30.288875,"msg":"request completed"}
{"level":30,"time":1763068773856,"pid":67356,"hostname":"Mac.net","msg":"Server listening at http://127.0.0.1:53161"}
{"level":40,"time":1763068773856,"pid":67357,"hostname":"Mac.net","reqId":"0ff4a9af-2848-4dad-be54-ca4880bac358","evt":"throttle","id":"0ff4a9af-2848-4dad-be54-ca4880bac358","route":"/v1/run","rpm":1,"reason":"rate_limit"}
{"level":30,"time":1763068773858,"pid":67357,"hostname":"Mac.net","reqId":"0ff4a9af-2848-4dad-be54-ca4880bac358","route":"/v1/run","statusCode":429,"durationMs":1.567708,"msg":"request completed"}
{"level":40,"time":1763068773858,"pid":67357,"hostname":"Mac.net","reqId":"040016a4-5886-4075-812d-6dbef0a55d35","evt":"throttle","id":"040016a4-5886-4075-812d-6dbef0a55d35","route":"/v1/run","rpm":1,"reason":"rate_limit"}
{"level":30,"time":1763068773859,"pid":67357,"hostname":"Mac.net","reqId":"040016a4-5886-4075-812d-6dbef0a55d35","route":"/v1/run","statusCode":429,"durationMs":0.407208,"msg":"request completed"}
 ✓ tests/idempotency-429.test.ts (1 test) 184ms
{"level":30,"time":1763068773893,"pid":67354,"hostname":"Mac.net","reqId":"795a07ee-600f-4e42-ad2b-e8fcf82b6f5e","route":"/v1/run","statusCode":200,"durationMs":68.895333,"msg":"request completed"}
 ✓ tests/idem-hmac-principal.test.ts (4 tests) 229ms
{"level":30,"time":1763068773902,"pid":67356,"hostname":"Mac.net","reqId":"8cdf9a4c-2aef-492a-9f4d-efaba22d843b","route":"/v1/templates/:id/graph","statusCode":200,"durationMs":1.715125,"msg":"request completed"}
{"level":30,"time":1763068773916,"pid":67356,"hostname":"Mac.net","reqId":"9b34dbc2-9119-4ea7-ab37-ea899a3e7883","route":"/v1/templates/:id/graph","statusCode":304,"durationMs":0.34125,"msg":"request completed"}
 ✓ tests/templates.etag.test.ts (1 test) 215ms
{"level":30,"time":1763068773957,"pid":67361,"hostname":"Mac.net","msg":"Server listening at http://127.0.0.1:53165"}
{"level":30,"time":1763068773976,"pid":67362,"hostname":"Mac.net","msg":"Server listening at http://127.0.0.1:53167"}
 ✓ tests/etag.head.parity.test.ts (1 test) 295ms
{"level":30,"time":1763068774005,"pid":67362,"hostname":"Mac.net","reqId":"058e9ca6-6c49-429b-bf96-684a83956572","route":"/v1/templates","statusCode":200,"durationMs":2.992458,"msg":"request completed"}
{"level":30,"time":1763068774011,"pid":67362,"hostname":"Mac.net","reqId":"74045d19-c591-4d83-8be1-87eb655f7794","route":"/v1/templates/:id/graph","statusCode":200,"durationMs":0.336958,"msg":"request completed"}
{"level":30,"time":1763068774012,"pid":67361,"hostname":"Mac.net","reqId":"2bd7284f-a354-4a25-857a-1d15c4af1076","route":"/v1/run","statusCode":200,"durationMs":4.063625,"msg":"request completed"}
{"level":30,"time":1763068774014,"pid":67362,"hostname":"Mac.net","reqId":"bca280be-e2bb-4ee8-85ab-232bae36ec8f","route":"/v1/templates/:id/graph","statusCode":404,"durationMs":0.543458,"msg":"request completed"}
 ✓ tests/templates.routes.test.ts (3 tests) 242ms
{"level":30,"time":1763068774019,"pid":67361,"hostname":"Mac.net","reqId":"a4576c32-a218-4662-8533-cc84698b3e48","demo":true,"msg":"sse start"}
{"level":30,"time":1763068774019,"pid":67361,"hostname":"Mac.net","reqId":"a4576c32-a218-4662-8533-cc84698b3e48","msg":"sse end"}
{"level":30,"time":1763068774020,"pid":67361,"hostname":"Mac.net","reqId":"a4576c32-a218-4662-8533-cc84698b3e48","route":"/v1/stream","statusCode":200,"durationMs":0.498083,"msg":"request completed"}
 ✓ tests/sdk.js.test.ts (2 tests) 264ms
{"level":30,"time":1763068774146,"pid":67368,"hostname":"Mac.net","reqId":"3d0b41e5-5c35-4869-a918-6790953bca19","route":"/version","statusCode":200,"durationMs":31.460791,"msg":"request completed"}
 ✓ tests/feature-flag-validation.test.ts (3 tests) 187ms
{"level":30,"time":1763068774316,"pid":67374,"hostname":"Mac.net","msg":"Server listening at http://127.0.0.1:53178"}
{"level":30,"time":1763068774323,"pid":67375,"hostname":"Mac.net","msg":"Server listening at http://127.0.0.1:53179"}
{"level":30,"time":1763068774328,"pid":67375,"hostname":"Mac.net","reqId":"5bfb4ad0-445b-496b-a3d4-c9a1f108f2db","demo":true,"msg":"sse start"}
{"level":30,"time":1763068774330,"pid":67375,"hostname":"Mac.net","reqId":"5bfb4ad0-445b-496b-a3d4-c9a1f108f2db","msg":"sse end"}
{"level":30,"time":1763068774331,"pid":67375,"hostname":"Mac.net","reqId":"5bfb4ad0-445b-496b-a3d4-c9a1f108f2db","route":"/v1/stream","statusCode":200,"durationMs":3.864125,"msg":"request completed"}
{"level":30,"time":1763068774334,"pid":67375,"hostname":"Mac.net","reqId":"0f739d8f-2327-4456-bd08-86202f2d4e52","demo":true,"msg":"sse start"}
{"level":30,"time":1763068774334,"pid":67375,"hostname":"Mac.net","reqId":"0f739d8f-2327-4456-bd08-86202f2d4e52","msg":"sse end"}
{"level":30,"time":1763068774334,"pid":67375,"hostname":"Mac.net","reqId":"0f739d8f-2327-4456-bd08-86202f2d4e52","route":"/v1/stream","statusCode":200,"durationMs":0.266209,"msg":"request completed"}
{"level":30,"time":1763068774337,"pid":67375,"hostname":"Mac.net","reqId":"bdc6ee58-eafa-4746-862e-125928989915","route":"/v1/run","statusCode":401,"durationMs":2.31925,"msg":"request completed"}
{"level":30,"time":1763068774339,"pid":67375,"hostname":"Mac.net","reqId":"79701016-afce-4f88-91cb-ebe39669a561","route":"/v1/run","statusCode":401,"durationMs":0.646083,"msg":"request completed"}
{"level":30,"time":1763068774340,"pid":67374,"hostname":"Mac.net","reqId":"31eb60f3-15d5-4470-8223-149b55f82da5","route":"/v1/openapi.json","statusCode":200,"durationMs":4.816583,"msg":"request completed"}
 ✓ tests/auth.demo.scope.test.ts (4 tests) 164ms
 ✓ tests/openapi.serve.test.ts (1 test) 205ms
{"level":30,"time":1763068774377,"pid":67380,"hostname":"Mac.net","msg":"Server listening at http://127.0.0.1:53184"}
{"level":30,"time":1763068774377,"pid":67377,"hostname":"Mac.net","reqId":"d80f5499-3560-406f-bfdc-5d1595b17991","route":"/v1/self-check","statusCode":200,"durationMs":18.342834,"msg":"request completed"}
{"level":30,"time":1763068774378,"pid":67371,"hostname":"Mac.net","reqId":"55ad4b7c-dd8a-454c-9bc5-d4ce4c2731a7","route":"/v1/run","statusCode":204,"durationMs":1.705292,"msg":"request completed"}
{"level":30,"time":1763068774381,"pid":67377,"hostname":"Mac.net","reqId":"2e7110f0-882c-4170-a80b-dba3b5fe4e5e","route":"/v1/self-check","statusCode":200,"durationMs":0.422708,"msg":"request completed"}
{"level":30,"time":1763068774380,"pid":67371,"hostname":"Mac.net","reqId":"ce2bdafa-067a-4817-a91d-b580ffd0d94b","route":"/v1/limits","statusCode":200,"durationMs":0.758208,"msg":"request completed"}
{"level":30,"time":1763068774382,"pid":67371,"hostname":"Mac.net","reqId":"2d8ee585-666d-42b0-8598-58c8530a6f70","route":"/v1/limits","statusCode":200,"durationMs":0.299083,"msg":"request completed"}
 ✓ tests/ui-integration.smoke.test.ts (3 tests) 182ms
 ✓ tests/selfcheck.parity.test.ts (1 test) 176ms
{"level":30,"time":1763068774420,"pid":67380,"hostname":"Mac.net","reqId":"a3d10cca-67af-49c5-ac4d-f91636a919b5","route":"/v1/health","statusCode":200,"durationMs":3.451833,"msg":"request completed"}
{"level":30,"time":1763068774423,"pid":67383,"hostname":"Mac.net","msg":"Server listening at http://127.0.0.1:53187"}
 ✓ tests/health.exposes.idem.size.test.ts (1 test) 179ms
{"level":30,"time":1763068774540,"pid":67383,"hostname":"Mac.net","reqId":"11ed181d-9868-4f5f-99cd-f278ce41931c","route":"/v1/run","statusCode":200,"durationMs":97.988083,"msg":"request completed"}
{"level":30,"time":1763068774546,"pid":67383,"hostname":"Mac.net","reqId":"3aa46fde-db73-4081-bc6c-01cd52591119","route":"/v1/run","statusCode":200,"durationMs":1.804291,"msg":"request completed"}
{"level":30,"time":1763068774549,"pid":67383,"hostname":"Mac.net","reqId":"1bbad88c-eeeb-41ee-bb2c-d6e6a01b92b2","route":"/v1/run","statusCode":200,"durationMs":0.692209,"msg":"request completed"}
{"level":30,"time":1763068774551,"pid":67406,"hostname":"Mac.net","reqId":"2d002d01-875a-4601-b44d-4e09820a856f","route":"/v1/run","statusCode":200,"durationMs":3.704875,"msg":"request completed"}
{"level":30,"time":1763068774556,"pid":67383,"hostname":"Mac.net","reqId":"ab8f7d8d-4785-4a5c-8448-d01b4b0891ce","route":"/v1/run","statusCode":200,"durationMs":4.252417,"msg":"request completed"}
 ✓ tests/demo.shortcircuit.test.ts (4 tests) 183ms
{"level":30,"time":1763068774559,"pid":67383,"hostname":"Mac.net","reqId":"8d002e58-b80e-4988-aed1-13afcffab2db","route":"/v1/run","statusCode":200,"durationMs":1.195333,"msg":"request completed"}
{"level":30,"time":1763068774553,"pid":67406,"hostname":"Mac.net","reqId":"ed78280c-0a00-403d-8c69-8161076b9156","route":"/v1/critique","statusCode":200,"durationMs":0.282,"msg":"request completed"}
{"level":30,"time":1763068774556,"pid":67406,"hostname":"Mac.net","reqId":"ed59b9e3-b05c-4e69-be2d-eb9f0a6faa2f","route":"/v1/draft","statusCode":200,"durationMs":0.515959,"msg":"request completed"}
{"level":30,"time":1763068774557,"pid":67406,"hostname":"Mac.net","reqId":"57230043-fa5f-4d3a-8b4e-97c63f982353","route":"/v1/counterfactual","statusCode":200,"durationMs":0.493833,"msg":"request completed"}
{"level":30,"time":1763068774561,"pid":67383,"hostname":"Mac.net","reqId":"0e5e123f-bfb2-4ab3-88ce-6f8e2f355f26","route":"/v1/run","statusCode":200,"durationMs":0.4705,"msg":"request completed"}
 ✓ tests/security.no-logging.test.ts (1 test) 550ms
 ✓ tests/governance.test.ts (3 tests) 378ms
{"level":30,"time":1763068774584,"pid":67383,"hostname":"Mac.net","reqId":"5406b5a7-caa9-49e1-89db-7229c24de2e4","route":"/v1/run","statusCode":200,"durationMs":19.261542,"msg":"request completed"}
{"level":30,"time":1763068774615,"pid":67383,"hostname":"Mac.net","reqId":"2ecf7b96-3672-45c1-9022-b77cd4cf324a","route":"/v1/run","statusCode":200,"durationMs":0.716375,"msg":"request completed"}
{"level":30,"time":1763068774617,"pid":67383,"hostname":"Mac.net","reqId":"b50643f4-da92-44f4-8e37-3b50c4e2c776","route":"/v1/run","statusCode":200,"durationMs":0.544334,"msg":"request completed"}
{"level":30,"time":1763068774622,"pid":67383,"hostname":"Mac.net","reqId":"15bf7aad-da2d-4127-b2df-a2bd1c69c7ac","route":"/v1/run","statusCode":200,"durationMs":2.742042,"msg":"request completed"}
{"level":30,"time":1763068774625,"pid":67383,"hostname":"Mac.net","reqId":"ca52d045-e398-482d-b9b4-f9be9128408d","route":"/v1/run","statusCode":200,"durationMs":0.53825,"msg":"request completed"}
{"level":30,"time":1763068774626,"pid":67383,"hostname":"Mac.net","reqId":"ccd00b06-f8a1-40bf-92e7-3b4bfa911923","route":"/v1/run","statusCode":200,"durationMs":0.362666,"msg":"request completed"}
{"level":30,"time":1763068774628,"pid":67383,"hostname":"Mac.net","reqId":"c36bff21-ea13-426e-adb7-90ec1a9ea6c1","route":"/v1/run","statusCode":200,"durationMs":0.78925,"msg":"request completed"}
{"level":30,"time":1763068774631,"pid":67383,"hostname":"Mac.net","reqId":"ec92bb4b-5e5d-4fc4-be53-4a7fa44c1657","route":"/v1/run","statusCode":200,"durationMs":1.038084,"msg":"request completed"}
 ✓ tests/idempotency.bounds.test.ts (1 test) 339ms
{"level":30,"time":1763068774709,"pid":67425,"hostname":"Mac.net","reqId":"faccc220-993e-4681-94a9-778f8b1166f8","route":"/ops/snapshot","statusCode":404,"durationMs":1.590541,"msg":"request completed"}
 ✓ tests/pack.manifest.schema.test.ts (2 tests) 158ms
{"level":30,"time":1763068774725,"pid":67425,"hostname":"Mac.net","reqId":"ba2f771c-1bd6-49b6-9cf7-da67fd2d3e88","route":"/ops/snapshot","statusCode":401,"durationMs":0.51075,"msg":"request completed"}
{"level":30,"time":1763068774725,"pid":67425,"hostname":"Mac.net","reqId":"a37f7514-5f60-44ee-b556-587e170c769d","route":"/ops/snapshot","statusCode":200,"durationMs":0.260209,"msg":"request completed"}
{"level":30,"time":1763068774726,"pid":67425,"hostname":"Mac.net","reqId":"69f8abad-5d31-4269-b549-a3c85a2f6e42","route":"/ops/snapshot","statusCode":200,"durationMs":0.1505,"msg":"request completed"}
 ✓ tests/ops-snapshot.test.ts (4 tests) 148ms
{"level":30,"time":1763068774780,"pid":67426,"hostname":"Mac.net","reqId":"a35439f7-f41d-448c-8163-d5b046d9bcb9","route":"/v1/health","statusCode":200,"durationMs":3.754792,"msg":"request completed"}
 ✓ tests/health-cache-stats.test.ts (4 tests) 153ms
{"level":30,"time":1763068774782,"pid":67426,"hostname":"Mac.net","reqId":"fe1d7ed3-4f77-4582-bf87-92c68c93ba1d","route":"/v1/health","statusCode":200,"durationMs":0.559708,"msg":"request completed"}
{"level":30,"time":1763068774784,"pid":67426,"hostname":"Mac.net","reqId":"bb8e17a9-2e9d-45bb-855f-714d8cf61500","route":"/v1/health","statusCode":200,"durationMs":0.446292,"msg":"request completed"}
{"level":30,"time":1763068774784,"pid":67426,"hostname":"Mac.net","reqId":"592b1c76-e0fb-4f59-bc26-36b0164286f8","route":"/v1/health","statusCode":200,"durationMs":0.155083,"msg":"request completed"}
{"level":30,"time":1763068774818,"pid":67427,"hostname":"Mac.net","reqId":"2fe77106-66d6-450c-bc3a-5264c8c9876c","route":"/v1/run","statusCode":200,"durationMs":32.953542,"msg":"request completed"}
 ✓ tests/p0-1-response-validation.test.ts (3 tests) 178ms
{"level":30,"time":1763068774821,"pid":67427,"hostname":"Mac.net","reqId":"d132b516-340e-4b6d-9d73-d8d521eacda9","route":"/v1/health","statusCode":200,"durationMs":2.131166,"msg":"request completed"}
{"level":30,"time":1763068774859,"pid":67431,"hostname":"Mac.net","reqId":"b79fc536-d43a-4a4b-be61-4990c8f4ca2b","route":"/v1/health","statusCode":200,"durationMs":1.802542,"msg":"request completed"}
 ✓ tests/health.payload.test.ts (1 test) 153ms
 ✓ tests/p2-idempotency-cache.test.ts (4 tests) 153ms
stdout | tests/openapi.examples.test.ts > openapi error examples for v1 > every /v1/* route has at least one non-200 example using error.v1
checked v1 routes for examples: /v1/stream,/v1/health,/v1/version,/v1/openapi.json,/v1/run,/v1/limits,/v1/validate,/v1/counterfactual,/v1/critique,/v1/draft,/v1/templates,/v1/templates/{id}/graph

 ✓ tests/openapi.examples.test.ts (1 test) 176ms
 ✓ tests/openapi.render.test.ts (1 test) 169ms
 ✓ tests/boundedlru-correctness.test.ts (3 tests) 115ms
 ✓ tests/security.prod-guard.test.ts (1 test) 128ms
 ✓ tests/alert-rules.test.ts (7 tests) 54ms
 ✓ tests/openapi.stream.429.test.ts (1 test) 122ms
stdout | tests/scm-lite/kernel.perf.test.ts > SCM-Lite Performance Budget > 12-node reference graph completes with p95 ≤ 600ms
12-node graph performance: p50=2.54ms, p95=5.66ms

stdout | tests/scm-lite/kernel.perf.test.ts > SCM-Lite Performance Budget > 4-node graph completes in <50ms p95
4-node graph performance: p95=0.17ms

 ✓ tests/scm-lite/kernel.perf.test.ts (2 tests) 77ms
 ✓ tests/normaliser.fuzz.test.ts (1 test) 8ms
 ✓ tests/bounded-lru.test.ts (4 tests) 43ms
{"level":50,"time":1763068775213,"pid":67507,"hostname":"Mac.net","msg":"TEST_ROUTES cannot be enabled in production"}
 ✓ tests/test-routes.guard.test.ts (1 test) 20ms
 ✓ tests/confidence.calibration.test.ts (16 tests) 3ms
 ✓ tests/pack.locate.json.test.ts (1 test) 38ms
 ✓ tests/rate-limit.prune.test.ts (1 test) 24ms
 ✓ tests/inspect.test.ts (3 tests) 558ms
 ✓ tests/critique-normalization.test.ts (7 tests) 4ms
 ✓ tests/fixture-cache.test.ts (4 tests) 23ms
 ✓ tests/explain-delta.zero-magnitude.test.ts (8 tests) 9ms
 ✓ tests/scm-lite/kernel.golden.test.ts (5 tests) 19ms
 ✓ tests/trust-signals.test.ts (17 tests) 18ms
 ✓ tests/whatif-delta.test.ts (18 tests) 3ms
 ✓ tests/explain-delta.determinism.test.ts (7 tests) 16ms
 ✓ tests/explain-delta.identifiability-summary.test.ts (1 test) 11ms
 ✓ tests/scope-guardrails.test.ts (3 tests) 11ms
 ✓ tests/contracts/error-messages.catalogue.test.ts (5 tests) 9ms
 ✓ tests/p1-stream-heartbeat.test.ts (6 tests) 10ms
 ✓ tests/dscm.rollout.test.ts (3 tests) 13ms
 ✓ tests/inference.parity.test.ts (2 tests) 2ms
 ✓ tests/openapi.unique-keys.test.ts (1 test) 4ms
 ✓ tests/identifiability.rules.test.ts (6 tests) 3ms
 ✓ tests/identifiability.test.ts (8 tests) 6ms
 ✓ tests/p1-stream-schema.test.ts (11 tests) 12ms
 ✓ tests/extract-principal.unit.test.ts (12 tests) 4ms
 ✓ tests/principal-unification.test.ts (5 tests) 2ms
 ✓ tests/cors.parser.test.ts (4 tests) 3ms
 ✓ tests/token-principal-hmac.test.ts (4 tests) 3ms
 ✓ tests/provenance.test.ts (3 tests) 3ms
 ✓ tests/contract.normalize.belief.test.ts (4 tests) 3ms
 ✓ tests/d-separation-correctness.test.ts (7 tests) 4ms
 ✓ tests/adaptive-k.test.ts (5 tests) 3ms
 ✓ tests/p1-stream-queue.test.ts (5 tests) 3ms
 ✓ tests/provenance-validation.test.ts (5 tests) 2ms
 ✓ tests/ipv6-canonicalization.test.ts (5 tests) 3ms
 ✓ tests/p2-stream-resume.test.ts (6 tests) 4ms
 ✓ tests/idem-principal-key.test.ts (2 tests) 2ms
 ✓ tests/log-redaction.test.ts (2 tests) 2ms
 ✓ tests/evidence-pack.test.ts (2 tests) 3ms
 ✓ tests/sdk.envelope.smoke.test.ts (3 tests) 2ms
 ✓ tests/identifiability.multi-set.test.ts (2 tests | 1 skipped) 1ms
 ✓ tests/trust.confidence.casing.test.ts (2 tests) 5ms
 ✓ tests/confidence-integer-math.test.ts (4 tests) 4ms
 ✓ tests/identifiability.dsep.props.test.ts (2 tests | 1 skipped) 3ms
 ✓ tests/stream.sse.backpressure.test.ts (1 test) 3ms
 ✓ tests/load-probe.test.ts (3 tests) 3ms
 ✓ tests/secret-rotation-verify-unit.test.ts (2 tests) 12ms
 ✓ tests/idempotency.prune.test.ts (2 tests) 1ms
 ↓ tests/counterfactual.zero-baseline.quarantined.test.ts (1 test | 1 skipped)
 ✓ tests/effects.test.ts (9 tests) 2ms
 ✓ tests/hash.invariants.test.ts (2 tests) 5ms
 ↓ tests/gates.singleline.quarantined.test.ts (1 test | 1 skipped)
 ↓ tests/gates.singleline.test.ts (1 test | 1 skipped)
 ↓ tests/identifiability.dsep.props.quarantined.test.ts (1 test | 1 skipped)
 ↓ tests/identifiability.multi-set.quarantined.test.ts (1 test | 1 skipped)
 ↓ tests/rate-limit.429-headers.test.ts (1 test | 1 skipped)
 ↓ tests/stream.cancel.quarantined.test.ts (1 test | 1 skipped)
 ↓ tests/unified.merge.test.ts (1 test | 1 skipped)
 ↓ tests/unified.schema.slos.test.ts (1 test | 1 skipped)


⎯⎯⎯⎯⎯⎯ Failed Tests 27 ⎯⎯⎯⎯⎯⎯⎯

 FAIL  tests/audit.test.ts > Audit Surface > exposes /__audit__/recent when TEST_ROUTES=1
AssertionError: expected 404 to be 200 // Object.is equality

[32m- Expected[39m
[31m+ Received[39m

[32m- 200[39m
[31m+ 404[39m

 ❯ tests/audit.test.ts:15:24
     13|   it('exposes /__audit__/recent when TEST_ROUTES=1', async () => {
     14|     const res = await fetch(`${server.baseUrl}/__audit__/recent`);
     15|     expect(res.status).toBe(200);
       |                        ^
     16|     const data = await res.json();
     17|     expect(data.schema).toBe('audit.v1');

⎯⎯⎯⎯⎯⎯⎯⎯⎯⎯⎯⎯⎯⎯⎯⎯⎯⎯⎯⎯⎯⎯⎯[1/27]⎯

 FAIL  tests/audit.test.ts > Audit Surface > records audit events with hashes only (no payloads)
TypeError: Cannot read properties of undefined (reading 'filter')
 ❯ tests/audit.test.ts:44:37
     42|     const data = await res.json();
     43|     
     44|     const scoreEvents = data.events.filter((e: any) => e.route === '/v…
       |                                     ^
     45|     expect(scoreEvents.length).toBeGreaterThan(0);
     46|     

⎯⎯⎯⎯⎯⎯⎯⎯⎯⎯⎯⎯⎯⎯⎯⎯⎯⎯⎯⎯⎯⎯⎯[2/27]⎯

 FAIL  tests/audit.test.ts > Audit Surface > includes seed and inference_mode in audit
TypeError: Cannot read properties of undefined (reading 'filter')
 ❯ tests/audit.test.ts:81:37
     79|     const data = await res.json();
     80|     
     81|     const scoreEvents = data.events.filter((e: any) => e.route === '/v…
       |                                     ^
     82|     const event = scoreEvents[scoreEvents.length - 1];
     83|     

⎯⎯⎯⎯⎯⎯⎯⎯⎯⎯⎯⎯⎯⎯⎯⎯⎯⎯⎯⎯⎯⎯⎯[3/27]⎯

 FAIL  tests/audit.test.ts > Audit Surface > provides audit stats
AssertionError: expected undefined to be defined
 ❯ tests/audit.test.ts:92:24
     90|     const data = await res.json();
     91|     
     92|     expect(data.stats).toBeDefined();
       |                        ^
     93|     expect(data.stats.total_entries).toBeGreaterThanOrEqual(0);
     94|     expect(data.stats.max_entries).toBe(100);

⎯⎯⎯⎯⎯⎯⎯⎯⎯⎯⎯⎯⎯⎯⎯⎯⎯⎯⎯⎯⎯⎯⎯[4/27]⎯

 FAIL  tests/audit.test.ts > Audit Surface > respects limit parameter
TypeError: Cannot read properties of undefined (reading 'length')
 ❯ tests/audit.test.ts:101:24
     99|     const data = await res.json();
    100|     
    101|     expect(data.events.length).toBeLessThanOrEqual(5);
       |                        ^
    102|   });
    103| });

⎯⎯⎯⎯⎯⎯⎯⎯⎯⎯⎯⎯⎯⎯⎯⎯⎯⎯⎯⎯⎯⎯⎯[5/27]⎯

 FAIL  tests/constraints.test.ts > Constraints on /v1/run > accepts request without constraints
AssertionError: expected 'report.v1' to be 'run.v1' // Object.is equality

Expected: [32m"r[7mun[27m.v1"[39m
Received: [31m"r[7meport[27m.v1"[39m

 ❯ tests/constraints.test.ts:25:25
     23|     expect(res.status).toBe(200);
     24|     const data = await res.json();
     25|     expect(data.schema).toBe('run.v1');
       |                         ^
     26|   });
     27| 

⎯⎯⎯⎯⎯⎯⎯⎯⎯⎯⎯⎯⎯⎯⎯⎯⎯⎯⎯⎯⎯⎯⎯[6/27]⎯

 FAIL  tests/constraints.test.ts > Constraints on /v1/run > rejects bounds violation (min)
TypeError: fetch failed
 ❯ tests/constraints.test.ts:29:17
     27| 
     28|   it('rejects bounds violation (min)', async () => {
     29|     const res = await fetch(`${server.baseUrl}/v1/run`, {
       |                 ^
     30|       method: 'POST',
     31|       headers: { 'Content-Type': 'application/json' },

Caused by: Error: read ECONNRESET
⎯⎯⎯⎯⎯⎯⎯⎯⎯⎯⎯⎯⎯⎯⎯⎯⎯⎯⎯⎯⎯⎯⎯⎯⎯⎯⎯⎯⎯⎯
Serialized Error: { errno: -54, code: 'ECONNRESET', syscall: 'read' }
⎯⎯⎯⎯⎯⎯⎯⎯⎯⎯⎯⎯⎯⎯⎯⎯⎯⎯⎯⎯⎯⎯⎯[7/27]⎯

 FAIL  tests/constraints.test.ts > Constraints on /v1/run > rejects bounds violation (max)
TypeError: fetch failed
 ❯ tests/constraints.test.ts:50:17
     48| 
     49|   it('rejects bounds violation (max)', async () => {
     50|     const res = await fetch(`${server.baseUrl}/v1/run`, {
       |                 ^
     51|       method: 'POST',
     52|       headers: { 'Content-Type': 'application/json' },

Caused by: Error: connect ECONNREFUSED 127.0.0.1:14000
⎯⎯⎯⎯⎯⎯⎯⎯⎯⎯⎯⎯⎯⎯⎯⎯⎯⎯⎯⎯⎯⎯⎯⎯⎯⎯⎯⎯⎯⎯
Serialized Error: { errno: -61, code: 'ECONNREFUSED', syscall: 'connect', address: '127.0.0.1', port: 14000 }
⎯⎯⎯⎯⎯⎯⎯⎯⎯⎯⎯⎯⎯⎯⎯⎯⎯⎯⎯⎯⎯⎯⎯[8/27]⎯

 FAIL  tests/constraints.test.ts > Constraints on /v1/run > rejects forbidden edge
TypeError: fetch failed
 ❯ tests/constraints.test.ts:71:17
     69| 
     70|   it('rejects forbidden edge', async () => {
     71|     const res = await fetch(`${server.baseUrl}/v1/run`, {
       |                 ^
     72|       method: 'POST',
     73|       headers: { 'Content-Type': 'application/json' },

Caused by: Error: connect ECONNREFUSED 127.0.0.1:14000
⎯⎯⎯⎯⎯⎯⎯⎯⎯⎯⎯⎯⎯⎯⎯⎯⎯⎯⎯⎯⎯⎯⎯⎯⎯⎯⎯⎯⎯⎯
Serialized Error: { errno: -61, code: 'ECONNREFUSED', syscall: 'connect', address: '127.0.0.1', port: 14000 }
⎯⎯⎯⎯⎯⎯⎯⎯⎯⎯⎯⎯⎯⎯⎯⎯⎯⎯⎯⎯⎯⎯⎯[9/27]⎯

 FAIL  tests/constraints.test.ts > Constraints on /v1/run > accepts graph with allowed edges
TypeError: fetch failed
 ❯ tests/constraints.test.ts:94:17
     92| 
     93|   it('accepts graph with allowed edges', async () => {
     94|     const res = await fetch(`${server.baseUrl}/v1/run`, {
       |                 ^
     95|       method: 'POST',
     96|       headers: { 'Content-Type': 'application/json' },

Caused by: Error: connect ECONNREFUSED 127.0.0.1:14000
⎯⎯⎯⎯⎯⎯⎯⎯⎯⎯⎯⎯⎯⎯⎯⎯⎯⎯⎯⎯⎯⎯⎯⎯⎯⎯⎯⎯⎯⎯
Serialized Error: { errno: -61, code: 'ECONNREFUSED', syscall: 'connect', address: '127.0.0.1', port: 14000 }
⎯⎯⎯⎯⎯⎯⎯⎯⎯⎯⎯⎯⎯⎯⎯⎯⎯⎯⎯⎯⎯⎯[10/27]⎯

 FAIL  tests/constraints.test.ts > Constraints on /v1/run > rejects bounds on non-existent node
TypeError: fetch failed
 ❯ tests/constraints.test.ts:116:17
    114| 
    115|   it('rejects bounds on non-existent node', async () => {
    116|     const res = await fetch(`${server.baseUrl}/v1/run`, {
       |                 ^
    117|       method: 'POST',
    118|       headers: { 'Content-Type': 'application/json' },

Caused by: Error: connect ECONNREFUSED 127.0.0.1:14000
⎯⎯⎯⎯⎯⎯⎯⎯⎯⎯⎯⎯⎯⎯⎯⎯⎯⎯⎯⎯⎯⎯⎯⎯⎯⎯⎯⎯⎯⎯
Serialized Error: { errno: -61, code: 'ECONNREFUSED', syscall: 'connect', address: '127.0.0.1', port: 14000 }
⎯⎯⎯⎯⎯⎯⎯⎯⎯⎯⎯⎯⎯⎯⎯⎯⎯⎯⎯⎯⎯⎯[11/27]⎯

 FAIL  tests/constraints.test.ts > Constraints on /v1/run > accepts valid bounds
TypeError: fetch failed
 ❯ tests/constraints.test.ts:137:17
    135| 
    136|   it('accepts valid bounds', async () => {
    137|     const res = await fetch(`${server.baseUrl}/v1/run`, {
       |                 ^
    138|       method: 'POST',
    139|       headers: { 'Content-Type': 'application/json' },

Caused by: Error: connect ECONNREFUSED 127.0.0.1:14000
⎯⎯⎯⎯⎯⎯⎯⎯⎯⎯⎯⎯⎯⎯⎯⎯⎯⎯⎯⎯⎯⎯⎯⎯⎯⎯⎯⎯⎯⎯
Serialized Error: { errno: -61, code: 'ECONNREFUSED', syscall: 'connect', address: '127.0.0.1', port: 14000 }
⎯⎯⎯⎯⎯⎯⎯⎯⎯⎯⎯⎯⎯⎯⎯⎯⎯⎯⎯⎯⎯⎯[12/27]⎯

 FAIL  tests/health.counters.test.ts > Health counters and last reload timestamp > exposes json_429_count, sse_429_count and last_config_reload_iso
Error: requestJSON failed: fetch failed
 ❯ requestJSON tests/utils.ts:138:11
    136|     return { status: res.status, data, headers };
    137|   } catch (err) {
    138|     throw new Error(`requestJSON failed: ${err instanceof Error ? err.…
       |           ^
    139|   }
    140| }
 ❯ tests/health.counters.test.ts:54:21

⎯⎯⎯⎯⎯⎯⎯⎯⎯⎯⎯⎯⎯⎯⎯⎯⎯⎯⎯⎯⎯⎯[13/27]⎯

 FAIL  tests/intervene.test.ts > POST /v1/intervene > performs causal intervention
TypeError: fetch failed
 ❯ tests/intervene.test.ts:11:17
      9| 
     10|   it('performs causal intervention', async () => {
     11|     const res = await fetch(`${server.baseUrl}/v1/intervene`, {
       |                 ^
     12|       method: 'POST',
     13|       headers: { 'Content-Type': 'application/json' },

Caused by: Error: connect ECONNREFUSED 127.0.0.1:14000
⎯⎯⎯⎯⎯⎯⎯⎯⎯⎯⎯⎯⎯⎯⎯⎯⎯⎯⎯⎯⎯⎯⎯⎯⎯⎯⎯⎯⎯⎯
Serialized Error: { errno: -61, code: 'ECONNREFUSED', syscall: 'connect', address: '127.0.0.1', port: 14000 }
⎯⎯⎯⎯⎯⎯⎯⎯⎯⎯⎯⎯⎯⎯⎯⎯⎯⎯⎯⎯⎯⎯[14/27]⎯

 FAIL  tests/intervene.test.ts > POST /v1/intervene > is deterministic with same seed
TypeError: fetch failed
 ❯ tests/intervene.test.ts:47:18
     45|     };
     46|     
     47|     const res1 = await fetch(`${server.baseUrl}/v1/intervene`, {
       |                  ^
     48|       method: 'POST',
     49|       headers: { 'Content-Type': 'application/json' },

Caused by: Error: connect ECONNREFUSED 127.0.0.1:14000
⎯⎯⎯⎯⎯⎯⎯⎯⎯⎯⎯⎯⎯⎯⎯⎯⎯⎯⎯⎯⎯⎯⎯⎯⎯⎯⎯⎯⎯⎯
Serialized Error: { errno: -61, code: 'ECONNREFUSED', syscall: 'connect', address: '127.0.0.1', port: 14000 }
⎯⎯⎯⎯⎯⎯⎯⎯⎯⎯⎯⎯⎯⎯⎯⎯⎯⎯⎯⎯⎯⎯[15/27]⎯

 FAIL  tests/intervene.test.ts > POST /v1/intervene > validates do interventions refer to existing nodes
TypeError: fetch failed
 ❯ tests/intervene.test.ts:67:17
     65| 
     66|   it('validates do interventions refer to existing nodes', async () =>…
     67|     const res = await fetch(`${server.baseUrl}/v1/intervene`, {
       |                 ^
     68|       method: 'POST',
     69|       headers: { 'Content-Type': 'application/json' },

Caused by: Error: connect ECONNREFUSED 127.0.0.1:14000
⎯⎯⎯⎯⎯⎯⎯⎯⎯⎯⎯⎯⎯⎯⎯⎯⎯⎯⎯⎯⎯⎯⎯⎯⎯⎯⎯⎯⎯⎯
Serialized Error: { errno: -61, code: 'ECONNREFUSED', syscall: 'connect', address: '127.0.0.1', port: 14000 }
⎯⎯⎯⎯⎯⎯⎯⎯⎯⎯⎯⎯⎯⎯⎯⎯⎯⎯⎯⎯⎯⎯[16/27]⎯

 FAIL  tests/intervene.test.ts > POST /v1/intervene > requires at least one intervention
TypeError: fetch failed
 ❯ tests/intervene.test.ts:86:17
     84| 
     85|   it('requires at least one intervention', async () => {
     86|     const res = await fetch(`${server.baseUrl}/v1/intervene`, {
       |                 ^
     87|       method: 'POST',
     88|       headers: { 'Content-Type': 'application/json' },

Caused by: Error: connect ECONNREFUSED 127.0.0.1:14000
⎯⎯⎯⎯⎯⎯⎯⎯⎯⎯⎯⎯⎯⎯⎯⎯⎯⎯⎯⎯⎯⎯⎯⎯⎯⎯⎯⎯⎯⎯
Serialized Error: { errno: -61, code: 'ECONNREFUSED', syscall: 'connect', address: '127.0.0.1', port: 14000 }
⎯⎯⎯⎯⎯⎯⎯⎯⎯⎯⎯⎯⎯⎯⎯⎯⎯⎯⎯⎯⎯⎯[17/27]⎯

 FAIL  tests/intervene.test.ts > POST /v1/intervene > handles multiple interventions
TypeError: fetch failed
 ❯ tests/intervene.test.ts:104:17
    102| 
    103|   it('handles multiple interventions', async () => {
    104|     const res = await fetch(`${server.baseUrl}/v1/intervene`, {
       |                 ^
    105|       method: 'POST',
    106|       headers: { 'Content-Type': 'application/json' },

Caused by: Error: connect ECONNREFUSED 127.0.0.1:14000
⎯⎯⎯⎯⎯⎯⎯⎯⎯⎯⎯⎯⎯⎯⎯⎯⎯⎯⎯⎯⎯⎯⎯⎯⎯⎯⎯⎯⎯⎯
Serialized Error: { errno: -61, code: 'ECONNREFUSED', syscall: 'connect', address: '127.0.0.1', port: 14000 }
⎯⎯⎯⎯⎯⎯⎯⎯⎯⎯⎯⎯⎯⎯⎯⎯⎯⎯⎯⎯⎯⎯[18/27]⎯

 FAIL  tests/intervene.test.ts > POST /v1/intervene > includes top_drivers
TypeError: fetch failed
 ❯ tests/intervene.test.ts:130:17
    128| 
    129|   it('includes top_drivers', async () => {
    130|     const res = await fetch(`${server.baseUrl}/v1/intervene`, {
       |                 ^
    131|       method: 'POST',
    132|       headers: { 'Content-Type': 'application/json' },

Caused by: Error: connect ECONNREFUSED 127.0.0.1:14000
⎯⎯⎯⎯⎯⎯⎯⎯⎯⎯⎯⎯⎯⎯⎯⎯⎯⎯⎯⎯⎯⎯⎯⎯⎯⎯⎯⎯⎯⎯
Serialized Error: { errno: -61, code: 'ECONNREFUSED', syscall: 'connect', address: '127.0.0.1', port: 14000 }
⎯⎯⎯⎯⎯⎯⎯⎯⎯⎯⎯⎯⎯⎯⎯⎯⎯⎯⎯⎯⎯⎯[19/27]⎯

 FAIL  tests/run-batch.test.ts > POST /v1/run_batch > enforces per-item node limit
TypeError: fetch failed
 ❯ tests/run-batch.test.ts:105:17
    103|     }));
    104|     
    105|     const res = await fetch(`${server.baseUrl}/v1/run_batch`, {
       |                 ^
    106|       method: 'POST',
    107|       headers: { 'Content-Type': 'application/json' },

Caused by: Error: read ECONNRESET
⎯⎯⎯⎯⎯⎯⎯⎯⎯⎯⎯⎯⎯⎯⎯⎯⎯⎯⎯⎯⎯⎯⎯⎯⎯⎯⎯⎯⎯⎯
Serialized Error: { errno: -54, code: 'ECONNRESET', syscall: 'read' }
⎯⎯⎯⎯⎯⎯⎯⎯⎯⎯⎯⎯⎯⎯⎯⎯⎯⎯⎯⎯⎯⎯[20/27]⎯

 FAIL  tests/run-batch.test.ts > POST /v1/run_batch > enforces per-item edge limit
TypeError: fetch failed
 ❯ tests/run-batch.test.ts:129:17
    127|     }));
    128|     
    129|     const res = await fetch(`${server.baseUrl}/v1/run_batch`, {
       |                 ^
    130|       method: 'POST',
    131|       headers: { 'Content-Type': 'application/json' },

Caused by: Error: connect ECONNREFUSED 127.0.0.1:14000
⎯⎯⎯⎯⎯⎯⎯⎯⎯⎯⎯⎯⎯⎯⎯⎯⎯⎯⎯⎯⎯⎯⎯⎯⎯⎯⎯⎯⎯⎯
Serialized Error: { errno: -61, code: 'ECONNREFUSED', syscall: 'connect', address: '127.0.0.1', port: 14000 }
⎯⎯⎯⎯⎯⎯⎯⎯⎯⎯⎯⎯⎯⎯⎯⎯⎯⎯⎯⎯⎯⎯[21/27]⎯

 FAIL  tests/run-batch.test.ts > POST /v1/run_batch > validates item structure
TypeError: fetch failed
 ❯ tests/run-batch.test.ts:151:17
    149| 
    150|   it('validates item structure', async () => {
    151|     const res = await fetch(`${server.baseUrl}/v1/run_batch`, {
       |                 ^
    152|       method: 'POST',
    153|       headers: { 'Content-Type': 'application/json' },

Caused by: Error: connect ECONNREFUSED 127.0.0.1:14000
⎯⎯⎯⎯⎯⎯⎯⎯⎯⎯⎯⎯⎯⎯⎯⎯⎯⎯⎯⎯⎯⎯⎯⎯⎯⎯⎯⎯⎯⎯
Serialized Error: { errno: -61, code: 'ECONNREFUSED', syscall: 'connect', address: '127.0.0.1', port: 14000 }
⎯⎯⎯⎯⎯⎯⎯⎯⎯⎯⎯⎯⎯⎯⎯⎯⎯⎯⎯⎯⎯⎯[22/27]⎯

 FAIL  tests/run-batch.test.ts > POST /v1/run_batch > requires non-empty items array
TypeError: fetch failed
 ❯ tests/run-batch.test.ts:167:17
    165| 
    166|   it('requires non-empty items array', async () => {
    167|     const res = await fetch(`${server.baseUrl}/v1/run_batch`, {
       |                 ^
    168|       method: 'POST',
    169|       headers: { 'Content-Type': 'application/json' },

Caused by: Error: connect ECONNREFUSED 127.0.0.1:14000
⎯⎯⎯⎯⎯⎯⎯⎯⎯⎯⎯⎯⎯⎯⎯⎯⎯⎯⎯⎯⎯⎯⎯⎯⎯⎯⎯⎯⎯⎯
Serialized Error: { errno: -61, code: 'ECONNREFUSED', syscall: 'connect', address: '127.0.0.1', port: 14000 }
⎯⎯⎯⎯⎯⎯⎯⎯⎯⎯⎯⎯⎯⎯⎯⎯⎯⎯⎯⎯⎯⎯[23/27]⎯

 FAIL  tests/run-batch.test.ts > POST /v1/run_batch > uses default seed per item if not provided
TypeError: fetch failed
 ❯ tests/run-batch.test.ts:182:17
    180| 
    181|   it('uses default seed per item if not provided', async () => {
    182|     const res = await fetch(`${server.baseUrl}/v1/run_batch`, {
       |                 ^
    183|       method: 'POST',
    184|       headers: { 'Content-Type': 'application/json' },

Caused by: Error: connect ECONNREFUSED 127.0.0.1:14000
⎯⎯⎯⎯⎯⎯⎯⎯⎯⎯⎯⎯⎯⎯⎯⎯⎯⎯⎯⎯⎯⎯⎯⎯⎯⎯⎯⎯⎯⎯
Serialized Error: { errno: -61, code: 'ECONNREFUSED', syscall: 'connect', address: '127.0.0.1', port: 14000 }
⎯⎯⎯⎯⎯⎯⎯⎯⎯⎯⎯⎯⎯⎯⎯⎯⎯⎯⎯⎯⎯⎯[24/27]⎯

 FAIL  tests/scm-lite.disabled-warning.test.ts > SCM-Lite disabled in production mode > returns placeholder results when SCM-Lite is disabled
AssertionError: expected '72b9f78f64c262edd3561b361af252671727f…' to be undefined

[32m- Expected:[39m 
undefined

[31m+ Received:[39m 
"72b9f78f64c262edd3561b361af252671727ffa9d144e022fa9f096c819612a6"

 ❯ tests/scm-lite.disabled-warning.test.ts:46:42
     44|     expect(res.data).toHaveProperty('confidence');
     45|     expect(res.data).toHaveProperty('model_card');
     46|     expect(res.data.model_card.bma_hash).toBeUndefined();
       |                                          ^
     47|   });
     48| 

⎯⎯⎯⎯⎯⎯⎯⎯⎯⎯⎯⎯⎯⎯⎯⎯⎯⎯⎯⎯⎯⎯[25/27]⎯

 FAIL  tests/score.test.ts > POST /v1/score > produces stable ranking with ties resolved by node_id
TypeError: fetch failed
 ❯ tests/score.test.ts:111:17
    109| 
    110|   it('produces stable ranking with ties resolved by node_id', async ()…
    111|     const res = await fetch(`${server.baseUrl}/v1/score`, {
       |                 ^
    112|       method: 'POST',
    113|       headers: { 'Content-Type': 'application/json' },

Caused by: Error: read ECONNRESET
⎯⎯⎯⎯⎯⎯⎯⎯⎯⎯⎯⎯⎯⎯⎯⎯⎯⎯⎯⎯⎯⎯⎯⎯⎯⎯⎯⎯⎯⎯
Serialized Error: { errno: -54, code: 'ECONNRESET', syscall: 'read' }
⎯⎯⎯⎯⎯⎯⎯⎯⎯⎯⎯⎯⎯⎯⎯⎯⎯⎯⎯⎯⎯⎯[26/27]⎯

 FAIL  tests/score.test.ts > POST /v1/score > includes top_drivers
TypeError: fetch failed
 ❯ tests/score.test.ts:137:17
    135| 
    136|   it('includes top_drivers', async () => {
    137|     const res = await fetch(`${server.baseUrl}/v1/score`, {
       |                 ^
    138|       method: 'POST',
    139|       headers: { 'Content-Type': 'application/json' },

Caused by: Error: connect ECONNREFUSED 127.0.0.1:14000
⎯⎯⎯⎯⎯⎯⎯⎯⎯⎯⎯⎯⎯⎯⎯⎯⎯⎯⎯⎯⎯⎯⎯⎯⎯⎯⎯⎯⎯⎯
Serialized Error: { errno: -61, code: 'ECONNREFUSED', syscall: 'connect', address: '127.0.0.1', port: 14000 }
⎯⎯⎯⎯⎯⎯⎯⎯⎯⎯⎯⎯⎯⎯⎯⎯⎯⎯⎯⎯⎯⎯[27/27]⎯


 Test Files  7 failed | 204 passed | 9 skipped (220)
      Tests  27 failed | 677 passed | 15 skipped (719)
   Start at  21:19:21
   Duration  15.37s (transform 1.33s, setup 1.13s, collect 11.19s, tests 89.68s, environment 20ms, prepare 11.28s)

